Archive member included to satisfy reference by file (symbol)

/Applications/ArmGNUToolchain/12.2.rel1/arm-none-eabi/bin/../lib/gcc/arm-none-eabi/12.2.1/thumb/v8-m.main+fp/hard/libgcc.a(_arm_addsubdf3.o)
                              ./uart_send.o (__aeabi_f2d)
/Applications/ArmGNUToolchain/12.2.rel1/arm-none-eabi/bin/../lib/gcc/arm-none-eabi/12.2.1/thumb/v8-m.main+fp/hard/libgcc.a(_aeabi_ldivmod.o)
                              ./simplicity_sdk_2025.6.2/platform/emlib/src/em_eusart.o (__aeabi_ldivmod)
/Applications/ArmGNUToolchain/12.2.rel1/arm-none-eabi/bin/../lib/gcc/arm-none-eabi/12.2.1/thumb/v8-m.main+fp/hard/libgcc.a(_aeabi_uldivmod.o)
                              ./lux_sensor.o (__aeabi_uldivmod)
/Applications/ArmGNUToolchain/12.2.rel1/arm-none-eabi/bin/../lib/gcc/arm-none-eabi/12.2.1/thumb/v8-m.main+fp/hard/libgcc.a(_udivmoddi4.o)
                              /Applications/ArmGNUToolchain/12.2.rel1/arm-none-eabi/bin/../lib/gcc/arm-none-eabi/12.2.1/thumb/v8-m.main+fp/hard/libgcc.a(_aeabi_ldivmod.o) (__udivmoddi4)
/Applications/ArmGNUToolchain/12.2.rel1/arm-none-eabi/bin/../lib/gcc/arm-none-eabi/12.2.1/thumb/v8-m.main+fp/hard/libgcc.a(_dvmd_tls.o)
                              /Applications/ArmGNUToolchain/12.2.rel1/arm-none-eabi/bin/../lib/gcc/arm-none-eabi/12.2.1/thumb/v8-m.main+fp/hard/libgcc.a(_aeabi_ldivmod.o) (__aeabi_ldiv0)
/Applications/ArmGNUToolchain/12.2.rel1/arm-none-eabi/bin/../lib/gcc/arm-none-eabi/12.2.1/../../../../arm-none-eabi/lib/thumb/v8-m.main+fp/hard/libc_nano.a(libc_a-atoi.o)
                              ./uart_recieve.o (atoi)
/Applications/ArmGNUToolchain/12.2.rel1/arm-none-eabi/bin/../lib/gcc/arm-none-eabi/12.2.1/../../../../arm-none-eabi/lib/thumb/v8-m.main+fp/hard/libc_nano.a(libc_a-exit.o)
                              /Applications/ArmGNUToolchain/12.2.rel1/arm-none-eabi/bin/../lib/gcc/arm-none-eabi/12.2.1/../../../../arm-none-eabi/lib/thumb/v8-m.main+fp/hard/crt0.o (exit)
/Applications/ArmGNUToolchain/12.2.rel1/arm-none-eabi/bin/../lib/gcc/arm-none-eabi/12.2.1/../../../../arm-none-eabi/lib/thumb/v8-m.main+fp/hard/libc_nano.a(libc_a-sprintf.o)
                              ./uart_send.o (sprintf)
/Applications/ArmGNUToolchain/12.2.rel1/arm-none-eabi/bin/../lib/gcc/arm-none-eabi/12.2.1/../../../../arm-none-eabi/lib/thumb/v8-m.main+fp/hard/libc_nano.a(libc_a-findfp.o)
                              /Applications/ArmGNUToolchain/12.2.rel1/arm-none-eabi/bin/../lib/gcc/arm-none-eabi/12.2.1/../../../../arm-none-eabi/lib/thumb/v8-m.main+fp/hard/libc_nano.a(libc_a-exit.o) (__stdio_exit_handler)
/Applications/ArmGNUToolchain/12.2.rel1/arm-none-eabi/bin/../lib/gcc/arm-none-eabi/12.2.1/../../../../arm-none-eabi/lib/thumb/v8-m.main+fp/hard/libc_nano.a(libc_a-strtol.o)
                              /Applications/ArmGNUToolchain/12.2.rel1/arm-none-eabi/bin/../lib/gcc/arm-none-eabi/12.2.1/../../../../arm-none-eabi/lib/thumb/v8-m.main+fp/hard/libc_nano.a(libc_a-atoi.o) (_strtol_r)
/Applications/ArmGNUToolchain/12.2.rel1/arm-none-eabi/bin/../lib/gcc/arm-none-eabi/12.2.1/../../../../arm-none-eabi/lib/thumb/v8-m.main+fp/hard/libc_nano.a(libc_a-fwalk.o)
                              /Applications/ArmGNUToolchain/12.2.rel1/arm-none-eabi/bin/../lib/gcc/arm-none-eabi/12.2.1/../../../../arm-none-eabi/lib/thumb/v8-m.main+fp/hard/libc_nano.a(libc_a-findfp.o) (_fwalk_sglue)
/Applications/ArmGNUToolchain/12.2.rel1/arm-none-eabi/bin/../lib/gcc/arm-none-eabi/12.2.1/../../../../arm-none-eabi/lib/thumb/v8-m.main+fp/hard/libc_nano.a(libc_a-strncmp.o)
                              ./lux_sensor.o (strncmp)
/Applications/ArmGNUToolchain/12.2.rel1/arm-none-eabi/bin/../lib/gcc/arm-none-eabi/12.2.1/../../../../arm-none-eabi/lib/thumb/v8-m.main+fp/hard/libc_nano.a(libc_a-memset.o)
                              /Applications/ArmGNUToolchain/12.2.rel1/arm-none-eabi/bin/../lib/gcc/arm-none-eabi/12.2.1/../../../../arm-none-eabi/lib/thumb/v8-m.main+fp/hard/crt0.o (memset)
/Applications/ArmGNUToolchain/12.2.rel1/arm-none-eabi/bin/../lib/gcc/arm-none-eabi/12.2.1/../../../../arm-none-eabi/lib/thumb/v8-m.main+fp/hard/libc_nano.a(libc_a-impure.o)
                              /Applications/ArmGNUToolchain/12.2.rel1/arm-none-eabi/bin/../lib/gcc/arm-none-eabi/12.2.1/../../../../arm-none-eabi/lib/thumb/v8-m.main+fp/hard/libc_nano.a(libc_a-sprintf.o) (_impure_ptr)
/Applications/ArmGNUToolchain/12.2.rel1/arm-none-eabi/bin/../lib/gcc/arm-none-eabi/12.2.1/../../../../arm-none-eabi/lib/thumb/v8-m.main+fp/hard/libc_nano.a(libc_a-errno.o)
                              /Applications/ArmGNUToolchain/12.2.rel1/arm-none-eabi/bin/../lib/gcc/arm-none-eabi/12.2.1/../../../../arm-none-eabi/lib/thumb/v8-m.main+fp/hard/libc_nano.a(libc_a-strtol.o) (__errno)
/Applications/ArmGNUToolchain/12.2.rel1/arm-none-eabi/bin/../lib/gcc/arm-none-eabi/12.2.1/../../../../arm-none-eabi/lib/thumb/v8-m.main+fp/hard/libc_nano.a(libc_a-init.o)
[...]
Memory Configuration

Name             Origin             Length             Attributes
FLASH            0x0000000008000000 0x000000000017e000 xr
RAM              0x0000000020000000 0x0000000000040000 xrw
*default*        0x0000000000000000 0xffffffffffffffff

Linker script and memory map

LOAD /Applications/ArmGNUToolchain/12.2.rel1/arm-none-eabi/bin/../lib/gcc/arm-none-eabi/12.2.1/thumb/v8-m.main+fp/hard/crti.o
LOAD /Applications/ArmGNUToolchain/12.2.rel1/arm-none-eabi/bin/../lib/gcc/arm-none-eabi/12.2.1/thumb/v8-m.main+fp/hard/crtbegin.o
LOAD /Applications/ArmGNUToolchain/12.2.rel1/arm-none-eabi/bin/../lib/gcc/arm-none-eabi/12.2.1/../../../../arm-none-eabi/lib/thumb/v8-m.main+fp/hard/crt0.o
START GROUP
LOAD ./app.o
LOAD ./btn_interrupt_handler.o
LOAD ./lux_sensor.o
LOAD ./main.o
LOAD ./temp_humid.o
LOAD ./uart_recieve.o
LOAD ./uart_send.o
LOAD ./autogen/sl_board_default_init.o
LOAD ./autogen/sl_event_handler.o
LOAD ./autogen/sl_i2cspm_init.o
LOAD ./autogen/sl_simple_button_instances.o
LOAD ./autogen/sl_simple_led_instances.o
LOAD ./autogen/sl_uartdrv_init.o
LOAD ./simplicity_sdk_2025.6.2/hardware/board/src/sl_board_control_gpio.o
LOAD ./simplicity_sdk_2025.6.2/hardware/board/src/sl_board_init.o
LOAD ./simplicity_sdk_2025.6.2/platform/CMSIS/RTOS2/Source/os_systick.o
LOAD ./simplicity_sdk_2025.6.2/platform/Device/SiliconLabs/EFR32MG24/Source/startup_efr32mg24.o
LOAD ./simplicity_sdk_2025.6.2/platform/Device/SiliconLabs/EFR32MG24/Source/system_efr32mg24.o
LOAD ./simplicity_sdk_2025.6.2/platform/common/src/sl_assert.o
LOAD ./simplicity_sdk_2025.6.2/platform/common/src/sl_cmsis_os2_common.o
LOAD ./simplicity_sdk_2025.6.2/platform/common/src/sl_core_cortexm.o
LOAD ./simplicity_sdk_2025.6.2/platform/common/src/sl_syscalls.o
LOAD ./simplicity_sdk_2025.6.2/platform/driver/button/src/sl_button.o
LOAD ./simplicity_sdk_2025.6.2/platform/driver/button/src/sl_simple_button.o
LOAD ./simplicity_sdk_2025.6.2/platform/driver/gpio/src/sl_gpio.o
LOAD ./simplicity_sdk_2025.6.2/platform/driver/i2cspm/src/sl_i2cspm.o
LOAD ./simplicity_sdk_2025.6.2/platform/driver/leddrv/src/sl_led.o
LOAD ./simplicity_sdk_2025.6.2/platform/driver/leddrv/src/sl_simple_led.o
LOAD ./simplicity_sdk_2025.6.2/platform/emdrv/dmadrv/src/dmadrv.o
LOAD ./simplicity_sdk_2025.6.2/platform/emdrv/uartdrv/src/uartdrv.o
LOAD ./simplicity_sdk_2025.6.2/platform/emlib/src/em_burtc.o
LOAD ./simplicity_sdk_2025.6.2/platform/emlib/src/em_cmu.o
LOAD ./simplicity_sdk_2025.6.2/platform/emlib/src/em_emu.o
LOAD ./simplicity_sdk_2025.6.2/platform/emlib/src/em_eusart.o
LOAD ./simplicity_sdk_2025.6.2/platform/emlib/src/em_gpio.o
LOAD ./simplicity_sdk_2025.6.2/platform/emlib/src/em_i2c.o
LOAD ./simplicity_sdk_2025.6.2/platform/emlib/src/em_ldma.o
LOAD ./simplicity_sdk_2025.6.2/platform/emlib/src/em_msc.o
LOAD ./simplicity_sdk_2025.6.2/platform/emlib/src/em_prs.o
LOAD ./simplicity_sdk_2025.6.2/platform/emlib/src/em_system.o
LOAD ./simplicity_sdk_2025.6.2/platform/emlib/src/em_timer.o
LOAD ./simplicity_sdk_2025.6.2/platform/emlib/src/em_usart.o
LOAD ./simplicity_sdk_2025.6.2/platform/peripheral/src/sl_hal_gpio.o
LOAD ./simplicity_sdk_2025.6.2/platform/peripheral/src/sl_hal_sysrtc.o
LOAD ./simplicity_sdk_2025.6.2/platform/service/clock_manager/src/sl_clock_manager.o
LOAD ./simplicity_sdk_2025.6.2/platform/service/clock_manager/src/sl_clock_manager_hal_s2.o
LOAD ./simplicity_sdk_2025.6.2/platform/service/clock_manager/src/sl_clock_manager_init.o
LOAD ./simplicity_sdk_2025.6.2/platform/service/clock_manager/src/sl_clock_manager_init_hal_s2.o
LOAD ./simplicity_sdk_2025.6.2/platform/service/device_init/src/sl_device_init_dcdc_s2.o
LOAD ./simplicity_sdk_2025.6.2/platform/service/device_init/src/sl_device_init_emu_s2.o
LOAD ./simplicity_sdk_2025.6.2/platform/service/device_manager/clocks/sl_device_clock_efr32xg24.o
LOAD ./simplicity_sdk_2025.6.2/platform/service/device_manager/devices/sl_device_peripheral_hal_efr32xg24.o
LOAD ./simplicity_sdk_2025.6.2/platform/service/device_manager/src/sl_device_clock.o
LOAD ./simplicity_sdk_2025.6.2/platform/service/device_manager/src/sl_device_gpio.o
LOAD ./simplicity_sdk_2025.6.2/platform/service/device_manager/src/sl_device_peripheral.o
LOAD ./simplicity_sdk_2025.6.2/platform/service/interrupt_manager/src/sl_interrupt_manager_cortexm.o
LOAD ./simplicity_sdk_2025.6.2/platform/service/memory_manager/src/sl_memory_manager.o
LOAD ./simplicity_sdk_2025.6.2/platform/service/memory_manager/src/sl_memory_manager_dynamic_reservation.o
LOAD ./simplicity_sdk_2025.6.2/platform/service/memory_manager/src/sl_memory_manager_pool.o
LOAD ./simplicity_sdk_2025.6.2/platform/service/memory_manager/src/sl_memory_manager_pool_common.o
LOAD ./simplicity_sdk_2025.6.2/platform/service/memory_manager/src/sl_memory_manager_region.o
LOAD ./simplicity_sdk_2025.6.2/platform/service/memory_manager/src/sl_memory_manager_retarget.o
LOAD ./simplicity_sdk_2025.6.2/platform/service/memory_manager/src/sli_memory_manager_common.o
LOAD ./simplicity_sdk_2025.6.2/platform/service/sl_main/src/rtos/main_retarget.o
LOAD ./simplicity_sdk_2025.6.2/platform/service/sl_main/src/sl_main_init.o
LOAD ./simplicity_sdk_2025.6.2/platform/service/sl_main/src/sl_main_init_memory.o
LOAD ./simplicity_sdk_2025.6.2/platform/service/sl_main/src/sl_main_kernel.o
LOAD ./simplicity_sdk_2025.6.2/platform/service/sleeptimer/src/sl_sleeptimer.o
LOAD ./simplicity_sdk_2025.6.2/platform/service/sleeptimer/src/sl_sleeptimer_hal_burtc.o
LOAD ./simplicity_sdk_2025.6.2/platform/service/sleeptimer/src/sl_sleeptimer_hal_sysrtc.o
LOAD ./simplicity_sdk_2025.6.2/platform/service/sleeptimer/src/sl_sleeptimer_hal_timer.o
LOAD ./simplicity_sdk_2025.6.2/platform/service/udelay/src/sl_udelay.o
LOAD ./simplicity_sdk_2025.6.2/platform/service/udelay/src/sl_udelay_armv6m_gcc.o
LOAD ./simplicity_sdk_2025.6.2/util/third_party/freertos/cmsis/Source/cmsis_os2.o
LOAD ./simplicity_sdk_2025.6.2/util/third_party/freertos/kernel/croutine.o
LOAD ./simplicity_sdk_2025.6.2/util/third_party/freertos/kernel/event_groups.o
LOAD ./simplicity_sdk_2025.6.2/util/third_party/freertos/kernel/list.o
LOAD ./simplicity_sdk_2025.6.2/util/third_party/freertos/kernel/queue.o
LOAD ./simplicity_sdk_2025.6.2/util/third_party/freertos/kernel/stream_buffer.o
LOAD ./simplicity_sdk_2025.6.2/util/third_party/freertos/kernel/tasks.o
LOAD ./simplicity_sdk_2025.6.2/util/third_party/freertos/kernel/timers.o
LOAD ./simplicity_sdk_2025.6.2/util/third_party/freertos/kernel/portable/GCC/ARM_CM33_NTZ/non_secure/mpu_wrappers_v2_asm.o
LOAD ./simplicity_sdk_2025.6.2/util/third_party/freertos/kernel/portable/GCC/ARM_CM33_NTZ/non_secure/port.o
LOAD ./simplicity_sdk_2025.6.2/util/third_party/freertos/kernel/portable/GCC/ARM_CM33_NTZ/non_secure/portasm.o
LOAD ./simplicity_sdk_2025.6.2/util/third_party/freertos/kernel/portable/MemMang/heap_3.o
LOAD /Applications/ArmGNUToolchain/12.2.rel1/arm-none-eabi/bin/../lib/gcc/arm-none-eabi/12.2.1/thumb/v8-m.main+fp/hard/libgcc.a
LOAD /Applications/ArmGNUToolchain/12.2.rel1/arm-none-eabi/bin/../lib/gcc/arm-none-eabi/12.2.1/../../../../arm-none-eabi/lib/thumb/v8-m.main+fp/hard/libc_nano.a
LOAD /Applications/ArmGNUToolchain/12.2.rel1/arm-none-eabi/bin/../lib/gcc/arm-none-eabi/12.2.1/../../../../arm-none-eabi/lib/thumb/v8-m.main+fp/hard/libm.a
LOAD /Applications/ArmGNUToolchain/12.2.rel1/arm-none-eabi/bin/../lib/gcc/arm-none-eabi/12.2.1/../../../../arm-none-eabi/lib/thumb/v8-m.main+fp/hard/libnosys.a
END GROUP
START GROUP
LOAD /Applications/ArmGNUToolchain/12.2.rel1/arm-none-eabi/bin/../lib/gcc/arm-none-eabi/12.2.1/thumb/v8-m.main+fp/hard/libgcc.a
LOAD /Applications/ArmGNUToolchain/12.2.rel1/arm-none-eabi/bin/../lib/gcc/arm-none-eabi/12.2.1/../../../../arm-none-eabi/lib/thumb/v8-m.main+fp/hard/libc_nano.a
LOAD /Applications/ArmGNUToolchain/12.2.rel1/arm-none-eabi/bin/../lib/gcc/arm-none-eabi/12.2.1/../../../../arm-none-eabi/lib/thumb/v8-m.main+fp/hard/libnosys.a
END GROUP
START GROUP
LOAD /Applications/ArmGNUToolchain/12.2.rel1/arm-none-eabi/bin/../lib/gcc/arm-none-eabi/12.2.1/thumb/v8-m.main+fp/hard/libgcc.a
LOAD /Applications/ArmGNUToolchain/12.2.rel1/arm-none-eabi/bin/../lib/gcc/arm-none-eabi/12.2.1/../../../../arm-none-eabi/lib/thumb/v8-m.main+fp/hard/libg_nano.a
LOAD /Applications/ArmGNUToolchain/12.2.rel1/arm-none-eabi/bin/../lib/gcc/arm-none-eabi/12.2.1/../../../../arm-none-eabi/lib/thumb/v8-m.main+fp/hard/libc_nano.a
END GROUP
START GROUP
LOAD /Applications/ArmGNUToolchain/12.2.rel1/arm-none-eabi/bin/../lib/gcc/arm-none-eabi/12.2.1/thumb/v8-m.main+fp/hard/libgcc.a
LOAD /Applications/ArmGNUToolchain/12.2.rel1/arm-none-eabi/bin/../lib/gcc/arm-none-eabi/12.2.1/../../../../arm-none-eabi/lib/thumb/v8-m.main+fp/hard/libc_nano.a
END GROUP
LOAD /Applications/ArmGNUToolchain/12.2.rel1/arm-none-eabi/bin/../lib/gcc/arm-none-eabi/12.2.1/thumb/v8-m.main+fp/hard/crtend.o
LOAD /Applications/ArmGNUToolchain/12.2.rel1/arm-none-eabi/bin/../lib/gcc/arm-none-eabi/12.2.1/thumb/v8-m.main+fp/hard/crtn.o

.vectors        0x0000000008000000      0x170
                0x0000000008000000                linker_vectors_begin = .
 *(.vectors)
 .vectors       0x0000000008000000      0x170 ./simplicity_sdk_2025.6.2/platform/Device/SiliconLabs/EFR32MG24/Source/startup_efr32mg24.o
                0x0000000008000000                __Vectors
                0x0000000008000170                linker_vectors_end = .
                0x0000000008000170                __Vectors_End = .
                0x0000000008000170                __Vectors_Size = (__Vectors_End - __Vectors)

.stack          0x0000000020000000      0x400
                0x0000000020000000                . = ALIGN (0x8)
                0x0000000020000000                __StackLimit = .
 *(.stack*)
 .stack         0x0000000020000000      0x400 ./simplicity_sdk_2025.6.2/platform/service/memory_manager/src/sl_memory_manager_region.o
                0x0000000020000400                . = ALIGN (0x4)
                0x0000000020000400                __StackTop = .
                0x0000000020000400                PROVIDE (__stack = __StackTop)

.bss            0x0000000020000400     0x1e2c
                0x0000000020000400                . = ALIGN (0x4)
                0x0000000020000400                __bss_start__ = .
 *(SORT_BY_ALIGNMENT(.bss*))
 .bss.object.0  0x0000000020000400       0x18 /Applications/ArmGNUToolchain/12.2.rel1/arm-none-eabi/bin/../lib/gcc/arm-none-eabi/12.2.1/thumb/v8-m.main+fp/hard/crtbegin.o
 .bss.xTaskBuffer.0
                0x0000000020000418       0x58 ./lux_sensor.o
 .bss.xStack.1  0x0000000020000470      0x280 ./lux_sensor.o
 .bss.xTaskBuffer.0
                0x00000000200006f0       0x58 ./temp_humid.o
 .bss.xStack.1  0x0000000020000748      0x280 ./temp_humid.o
 .bss.xTaskBuffer.0
                0x00000000200009c8       0x58 ./uart_recieve.o
 .bss.xStack.1  0x0000000020000a20      0x280 ./uart_recieve.o
 .bss.light_queue
                0x0000000020000ca0       0x50 ./uart_recieve.o
                0x0000000020000ca0                light_queue
 .bss.temp_queue
                0x0000000020000cf0       0x50 ./uart_recieve.o
                0x0000000020000cf0                temp_queue
 .bss.light_queue_handle
                0x0000000020000d40        0x4 ./uart_recieve.o
                0x0000000020000d40                light_queue_handle
 .bss.temp_queue_handle
                0x0000000020000d44        0x4 ./uart_recieve.o
                0x0000000020000d44                temp_queue_handle
 .bss.uart_handle
                0x0000000020000d48        0x4 ./uart_recieve.o
 .bss.xTaskBuffer.0
                0x0000000020000d4c       0x58 ./uart_send.o
 .bss.xStack.1  0x0000000020000da4      0x280 ./uart_send.o
 .bss.uart_send_handle
                0x0000000020001024        0x4 ./uart_send.o
 .bss.transmit_queue
                0x0000000020001028       0x50 ./uart_send.o
                0x0000000020001028                transmit_queue
 .bss.transmit_queue_handle
                0x0000000020001078        0x4 ./uart_send.o
                0x0000000020001078                transmit_queue_handle
 .bss.sli_uartdrv_default_handle
                0x000000002000107c        0x4 ./autogen/sl_uartdrv_init.o
 .bss.sl_uartdrv_eusart_vcom_handle_data
                0x0000000020001080       0x64 ./autogen/sl_uartdrv_init.o
                0x0000000020001080                sl_uartdrv_eusart_vcom_handle_data
 .bss.gpio_interrupts
                0x00000000200010e4      0x168 ./simplicity_sdk_2025.6.2/platform/driver/gpio/src/sl_gpio.o
 .bss.dmaXfer   0x000000002000124c      0x100 ./simplicity_sdk_2025.6.2/platform/emdrv/dmadrv/src/dmadrv.o
 .bss.chTable   0x000000002000134c       0x80 ./simplicity_sdk_2025.6.2/platform/emdrv/dmadrv/src/dmadrv.o
 .bss.uartdrvHandle
                0x00000000200013cc       0x10 ./simplicity_sdk_2025.6.2/platform/emdrv/uartdrv/src/uartdrv.o
 .bss.i2cTransfer
                0x00000000200013dc       0x18 ./simplicity_sdk_2025.6.2/platform/emlib/src/em_i2c.o
 .bss.sli_general_purpose_heap
                0x00000000200013f4       0x28 ./simplicity_sdk_2025.6.2/platform/service/memory_manager/src/sl_memory_manager.o
                0x00000000200013f4                sli_general_purpose_heap
 .bss.start_task_id
                0x000000002000141c        0x4 ./simplicity_sdk_2025.6.2/platform/service/sl_main/src/sl_main_kernel.o
                0x000000002000141c                start_task_id
 .bss.max_millisecond_conversion
                0x0000000020001420        0x4 ./simplicity_sdk_2025.6.2/platform/service/sleeptimer/src/sl_sleeptimer.o
 .bss.last_delta_update_count
                0x0000000020001424        0x4 ./simplicity_sdk_2025.6.2/platform/service/sleeptimer/src/sl_sleeptimer.o
 .bss.timer_head
                0x0000000020001428        0x4 ./simplicity_sdk_2025.6.2/platform/service/sleeptimer/src/sl_sleeptimer.o
 .bss.timer_frequency
                0x000000002000142c        0x4 ./simplicity_sdk_2025.6.2/platform/service/sleeptimer/src/sl_sleeptimer.o
 .bss.overflow_counter
                0x0000000020001430        0x4 ./simplicity_sdk_2025.6.2/platform/service/sleeptimer/src/sl_sleeptimer.o
 .bss.Timer_Stack.0
                0x0000000020001434      0x280 ./simplicity_sdk_2025.6.2/util/third_party/freertos/cmsis/Source/cmsis_os2.o
 .bss.Timer_TCB.1
                0x00000000200016b4       0x58 ./simplicity_sdk_2025.6.2/util/third_party/freertos/cmsis/Source/cmsis_os2.o
 .bss.Idle_Stack.2
                0x000000002000170c      0x280 ./simplicity_sdk_2025.6.2/util/third_party/freertos/cmsis/Source/cmsis_os2.o
 .bss.Idle_TCB.3
                0x000000002000198c       0x58 ./simplicity_sdk_2025.6.2/util/third_party/freertos/cmsis/Source/cmsis_os2.o
 .bss.KernelState
                0x00000000200019e4        0x4 ./simplicity_sdk_2025.6.2/util/third_party/freertos/cmsis/Source/cmsis_os2.o
 .bss.xQueueRegistry
                0x00000000200019e8       0x50 ./simplicity_sdk_2025.6.2/util/third_party/freertos/kernel/queue.o
                0x00000000200019e8                xQueueRegistry
 .bss.uxSchedulerSuspended
                0x0000000020001a38        0x4 ./simplicity_sdk_2025.6.2/util/third_party/freertos/kernel/tasks.o
 .bss.xIdleTaskHandles
                0x0000000020001a3c        0x4 ./simplicity_sdk_2025.6.2/util/third_party/freertos/kernel/tasks.o
 .bss.xNextTaskUnblockTime
                0x0000000020001a40        0x4 ./simplicity_sdk_2025.6.2/util/third_party/freertos/kernel/tasks.o
 .bss.uxTaskNumber
                0x0000000020001a44        0x4 ./simplicity_sdk_2025.6.2/util/third_party/freertos/kernel/tasks.o
 .bss.xNumOfOverflows
                0x0000000020001a48        0x4 ./simplicity_sdk_2025.6.2/util/third_party/freertos/kernel/tasks.o
 .bss.xYieldPendings
                0x0000000020001a4c        0x4 ./simplicity_sdk_2025.6.2/util/third_party/freertos/kernel/tasks.o
 .bss.xPendedTicks
                0x0000000020001a50        0x4 ./simplicity_sdk_2025.6.2/util/third_party/freertos/kernel/tasks.o
 .bss.xSchedulerRunning
                0x0000000020001a54        0x4 ./simplicity_sdk_2025.6.2/util/third_party/freertos/kernel/tasks.o
 .bss.uxTopReadyPriority
                0x0000000020001a58        0x4 ./simplicity_sdk_2025.6.2/util/third_party/freertos/kernel/tasks.o
 .bss.xTickCount
                0x0000000020001a5c        0x4 ./simplicity_sdk_2025.6.2/util/third_party/freertos/kernel/tasks.o
 .bss.uxCurrentNumberOfTasks
                0x0000000020001a60        0x4 ./simplicity_sdk_2025.6.2/util/third_party/freertos/kernel/tasks.o
 .bss.xSuspendedTaskList
                0x0000000020001a64       0x14 ./simplicity_sdk_2025.6.2/util/third_party/freertos/kernel/tasks.o
 .bss.uxDeletedTasksWaitingCleanUp
                0x0000000020001a78        0x4 ./simplicity_sdk_2025.6.2/util/third_party/freertos/kernel/tasks.o
 .bss.xTasksWaitingTermination
                0x0000000020001a7c       0x14 ./simplicity_sdk_2025.6.2/util/third_party/freertos/kernel/tasks.o
 .bss.xPendingReadyList
                0x0000000020001a90       0x14 ./simplicity_sdk_2025.6.2/util/third_party/freertos/kernel/tasks.o
 .bss.pxOverflowDelayedTaskList
                0x0000000020001aa4        0x4 ./simplicity_sdk_2025.6.2/util/third_party/freertos/kernel/tasks.o
 .bss.pxDelayedTaskList
                0x0000000020001aa8        0x4 ./simplicity_sdk_2025.6.2/util/third_party/freertos/kernel/tasks.o
 .bss.xDelayedTaskList2
                0x0000000020001aac       0x14 ./simplicity_sdk_2025.6.2/util/third_party/freertos/kernel/tasks.o
 .bss.xDelayedTaskList1
                0x0000000020001ac0       0x14 ./simplicity_sdk_2025.6.2/util/third_party/freertos/kernel/tasks.o
 .bss.pxReadyTasksLists
                0x0000000020001ad4      0x460 ./simplicity_sdk_2025.6.2/util/third_party/freertos/kernel/tasks.o
 .bss.pxCurrentTCB
                0x0000000020001f34        0x4 ./simplicity_sdk_2025.6.2/util/third_party/freertos/kernel/tasks.o
                0x0000000020001f34                pxCurrentTCB
 .bss.xLastTime.0
                0x0000000020001f38        0x4 ./simplicity_sdk_2025.6.2/util/third_party/freertos/kernel/timers.o
 .bss.xStaticTimerQueue.1
                0x0000000020001f3c       0x50 ./simplicity_sdk_2025.6.2/util/third_party/freertos/kernel/timers.o
 .bss.xTimerTaskHandle
                0x0000000020001f8c        0x4 ./simplicity_sdk_2025.6.2/util/third_party/freertos/kernel/timers.o
 .bss.xTimerQueue
                0x0000000020001f90        0x4 ./simplicity_sdk_2025.6.2/util/third_party/freertos/kernel/timers.o
 .bss.pxOverflowTimerList
                0x0000000020001f94        0x4 ./simplicity_sdk_2025.6.2/util/third_party/freertos/kernel/timers.o
 .bss.pxCurrentTimerList
                0x0000000020001f98        0x4 ./simplicity_sdk_2025.6.2/util/third_party/freertos/kernel/timers.o
 .bss.xActiveTimerList2
                0x0000000020001f9c       0x14 ./simplicity_sdk_2025.6.2/util/third_party/freertos/kernel/timers.o
 .bss.xActiveTimerList1
                0x0000000020001fb0       0x14 ./simplicity_sdk_2025.6.2/util/third_party/freertos/kernel/timers.o
 .bss.ulMaxPRIGROUPValue
                0x0000000020001fc4        0x4 ./simplicity_sdk_2025.6.2/util/third_party/freertos/kernel/portable/GCC/ARM_CM33_NTZ/non_secure/port.o
 .bss.__sf      0x0000000020001fc8      0x138 /Applications/ArmGNUToolchain/12.2.rel1/arm-none-eabi/bin/../lib/gcc/arm-none-eabi/12.2.1/../../../../arm-none-eabi/lib/thumb/v8-m.main+fp/hard/libc_nano.a(libc_a-findfp.o)
                0x0000000020001fc8                __sf
 .bss.__stdio_exit_handler
                0x0000000020002100        0x4 /Applications/ArmGNUToolchain/12.2.rel1/arm-none-eabi/bin/../lib/gcc/arm-none-eabi/12.2.1/../../../../arm-none-eabi/lib/thumb/v8-m.main+fp/hard/libc_nano.a(libc_a-findfp.o)
                0x0000000020002100                __stdio_exit_handler
 .bss.completed.1
                0x0000000020002104        0x1 /Applications/ArmGNUToolchain/12.2.rel1/arm-none-eabi/bin/../lib/gcc/arm-none-eabi/12.2.1/thumb/v8-m.main+fp/hard/crtbegin.o
 .bss.light_queue_buffer
                0x0000000020002105       0x28 ./uart_recieve.o
                0x0000000020002105                light_queue_buffer
 .bss.temp_queue_buffer
                0x000000002000212d       0x28 ./uart_recieve.o
                0x000000002000212d                temp_queue_buffer
 .bss.transmit_queue_buffer
                0x0000000020002155       0x28 ./uart_send.o
                0x0000000020002155                transmit_queue_buffer
 .bss.initialized
                0x000000002000217d        0x1 ./simplicity_sdk_2025.6.2/platform/emdrv/dmadrv/src/dmadrv.o
 .bss.uartdrvHandleIsInitialized
                0x000000002000217e        0x1 ./simplicity_sdk_2025.6.2/platform/emdrv/uartdrv/src/uartdrv.o
 .bss.pclkDiv   0x000000002000217f        0x1 ./simplicity_sdk_2025.6.2/platform/emlib/src/em_cmu.o
 .bss.vScaleEM01Config
                0x0000000020002180        0x1 ./simplicity_sdk_2025.6.2/platform/emlib/src/em_emu.o
 .bss.dali_rx_nb_packets
                0x0000000020002181        0x2 ./simplicity_sdk_2025.6.2/platform/emlib/src/em_eusart.o
 .bss.dali_tx_nb_packets
                0x0000000020002183        0x2 ./simplicity_sdk_2025.6.2/platform/emlib/src/em_eusart.o
 .bss.is_interrupt_manager_initialized
                0x0000000020002185        0x1 ./simplicity_sdk_2025.6.2/platform/service/interrupt_manager/src/sl_interrupt_manager_cortexm.o
 .bss.sleep_on_isr_exit
                0x0000000020002186        0x1 ./simplicity_sdk_2025.6.2/platform/service/sleeptimer/src/sl_sleeptimer.o
 .bss.next_timer_to_expire_is_power_manager
                0x0000000020002187        0x1 ./simplicity_sdk_2025.6.2/platform/service/sleeptimer/src/sl_sleeptimer.o
 .bss.is_sleeptimer_initialized
                0x0000000020002188        0x1 ./simplicity_sdk_2025.6.2/platform/service/sleeptimer/src/sl_sleeptimer.o
 .bss.ucStaticTimerQueueStorage.2
                0x0000000020002189       0xa0 ./simplicity_sdk_2025.6.2/util/third_party/freertos/kernel/timers.o
 .bss.ucMaxSysCallPriority
                0x0000000020002229        0x1 ./simplicity_sdk_2025.6.2/util/third_party/freertos/kernel/portable/GCC/ARM_CM33_NTZ/non_secure/port.o
 *(COMMON)
                0x000000002000222c                . = ALIGN (0x4)
 *fill*         0x000000002000222a        0x2 
                0x000000002000222c                __bss_end__ = .

.noinit
 *(.noinit*)

text_application_ram
                0x000000002000222c        0x0 load address 0x0000000008000170
                0x000000002000222c                . = ALIGN (0x4)
                0x000000002000222c                __vma_ramfuncs_start__ = .
                0x000000002000222c                __text_application_ram_start__ = .
 *(text_application_ram)
                0x000000002000222c                . = ALIGN (0x4)
                0x000000002000222c                __vma_ramfuncs_end__ = .
                0x000000002000222c                __text_application_ram_end__ = .
                0x0000000008000170                __lma_ramfuncs_start__ = LOADADDR (text_application_ram)
                0x0000000008000170                __lma_ramfuncs_end__ = (LOADADDR (text_application_ram) + SIZEOF (text_application_ram))

.rodata         0x0000000008000170        0x0
                0x0000000008000170                __rodata_end__ = .

.text           0x0000000008000170     0x9be4
                0x0000000008000170                linker_code_begin = .
 *(SORT_BY_ALIGNMENT(.text*))
 .text          0x0000000008000170        0x8 ./simplicity_sdk_2025.6.2/platform/service/udelay/src/sl_udelay_armv6m_gcc.o
                0x0000000008000170                sli_delay_loop
 .text.deregister_tm_clones
                0x0000000008000178       0x1c /Applications/ArmGNUToolchain/12.2.rel1/arm-none-eabi/bin/../lib/gcc/arm-none-eabi/12.2.1/thumb/v8-m.main+fp/hard/crtbegin.o
 .text.register_tm_clones
                0x0000000008000194       0x28 /Applications/ArmGNUToolchain/12.2.rel1/arm-none-eabi/bin/../lib/gcc/arm-none-eabi/12.2.1/thumb/v8-m.main+fp/hard/crtbegin.o
 .text.__do_global_dtors_aux
                0x00000000080001bc       0x28 /Applications/ArmGNUToolchain/12.2.rel1/arm-none-eabi/bin/../lib/gcc/arm-none-eabi/12.2.1/thumb/v8-m.main+fp/hard/crtbegin.o
 .text.frame_dummy
                0x00000000080001e4       0x24 /Applications/ArmGNUToolchain/12.2.rel1/arm-none-eabi/bin/../lib/gcc/arm-none-eabi/12.2.1/thumb/v8-m.main+fp/hard/crtbegin.o
 .text          0x0000000008000208       0x7c /Applications/ArmGNUToolchain/12.2.rel1/arm-none-eabi/bin/../lib/gcc/arm-none-eabi/12.2.1/../../../../arm-none-eabi/lib/thumb/v8-m.main+fp/hard/crt0.o
                0x0000000008000208                _stack_init
                0x0000000008000210                _mainCRTStartup
                0x0000000008000210                _start
 .text.sl_button_on_change
                0x0000000008000284       0x50 ./btn_interrupt_handler.o
                0x0000000008000284                sl_button_on_change
 .text.lux_task
                0x00000000080002d4      0x198 ./lux_sensor.o
 .text.lux_init
                0x000000000800046c       0x44 ./lux_sensor.o
                0x000000000800046c                lux_init
 .text.temp_task
                0x00000000080004b0      0x1e0 ./temp_humid.o
 .text.temp_init
                0x0000000008000690       0x44 ./temp_humid.o
                0x0000000008000690                temp_init
 .text.uart_recieve_task
                0x00000000080006d4      0x1a4 ./uart_recieve.o
 .text.uart_recieve_init
                0x0000000008000878       0x80 ./uart_recieve.o
                0x0000000008000878                uart_recieve_init
 .text.uart_send_task
                0x00000000080008f8       0xd0 ./uart_send.o
 .text.uart_send_init
                0x00000000080009c8       0x64 ./uart_send.o
                0x00000000080009c8                uart_send_init
 .text.sl_i2cspm_init_instances
                0x0000000008000a2c       0x1c ./autogen/sl_i2cspm_init.o
                0x0000000008000a2c                sl_i2cspm_init_instances
 .text.sl_simple_button_init_instances
                0x0000000008000a48       0x1c ./autogen/sl_simple_button_instances.o
                0x0000000008000a48                sl_simple_button_init_instances
 .text.sl_simple_led_init_instances
                0x0000000008000a64        0xc ./autogen/sl_simple_led_instances.o
                0x0000000008000a64                sl_simple_led_init_instances
 .text.sl_uartdrv_set_default
                0x0000000008000a70       0x14 ./autogen/sl_uartdrv_init.o
                0x0000000008000a70                sl_uartdrv_set_default
 .text.sl_uartdrv_init_instances
                0x0000000008000a84       0x20 ./autogen/sl_uartdrv_init.o
                0x0000000008000a84                sl_uartdrv_init_instances
 .text.sl_uartdrv_get_default
                0x0000000008000aa4        0xc ./autogen/sl_uartdrv_init.o
                0x0000000008000aa4                sl_uartdrv_get_default
 .text.sl_board_init
                0x0000000008000ab0       0x14 ./simplicity_sdk_2025.6.2/hardware/board/src/sl_board_init.o
                0x0000000008000ab0                sl_board_init
 .text.sl_board_preinit
                0x0000000008000ac4        0xc ./simplicity_sdk_2025.6.2/hardware/board/src/sl_board_init.o
                0x0000000008000ac4                sl_board_preinit
 .text.CopyToRam
                0x0000000008000ad0       0x1c ./simplicity_sdk_2025.6.2/platform/Device/SiliconLabs/EFR32MG24/Source/startup_efr32mg24.o
                0x0000000008000ad0                CopyToRam
 .text.Reset_Handler
                0x0000000008000aec       0x6c ./simplicity_sdk_2025.6.2/platform/Device/SiliconLabs/EFR32MG24/Source/startup_efr32mg24.o
                0x0000000008000aec                Reset_Handler
 .text.SystemInit
                0x0000000008000b58       0x64 ./simplicity_sdk_2025.6.2/platform/Device/SiliconLabs/EFR32MG24/Source/system_efr32mg24.o
                0x0000000008000b58                SystemInit
 .text.SystemHFRCODPLLClockSet
                0x0000000008000bbc        0xc ./simplicity_sdk_2025.6.2/platform/Device/SiliconLabs/EFR32MG24/Source/system_efr32mg24.o
                0x0000000008000bbc                SystemHFRCODPLLClockSet
 .text.SystemHFXOClockSet
                0x0000000008000bc8       0x20 ./simplicity_sdk_2025.6.2/platform/Device/SiliconLabs/EFR32MG24/Source/system_efr32mg24.o
                0x0000000008000bc8                SystemHFXOClockSet
 .text.sl_simple_button_init
                0x0000000008000be8       0x90 ./simplicity_sdk_2025.6.2/platform/driver/button/src/sl_simple_button.o
                0x0000000008000be8                sl_simple_button_init
 .text.sl_gpio_dispatch_interrupt
                0x0000000008000c78       0x5c ./simplicity_sdk_2025.6.2/platform/driver/gpio/src/sl_gpio.o
 .text.sl_gpio_init
                0x0000000008000cd4       0x38 ./simplicity_sdk_2025.6.2/platform/driver/gpio/src/sl_gpio.o
                0x0000000008000cd4                sl_gpio_init
 .text.sl_gpio_set_pin_mode
                0x0000000008000d0c       0x80 ./simplicity_sdk_2025.6.2/platform/driver/gpio/src/sl_gpio.o
                0x0000000008000d0c                sl_gpio_set_pin_mode
 .text.sl_gpio_set_pin
                0x0000000008000d8c       0x58 ./simplicity_sdk_2025.6.2/platform/driver/gpio/src/sl_gpio.o
                0x0000000008000d8c                sl_gpio_set_pin
 .text.sl_gpio_clear_pin
                0x0000000008000de4       0x5c ./simplicity_sdk_2025.6.2/platform/driver/gpio/src/sl_gpio.o
                0x0000000008000de4                sl_gpio_clear_pin
 .text.sl_gpio_get_pin_output
                0x0000000008000e40       0x64 ./simplicity_sdk_2025.6.2/platform/driver/gpio/src/sl_gpio.o
                0x0000000008000e40                sl_gpio_get_pin_output
 .text.sl_gpio_get_pin_input
                0x0000000008000ea4       0x64 ./simplicity_sdk_2025.6.2/platform/driver/gpio/src/sl_gpio.o
                0x0000000008000ea4                sl_gpio_get_pin_input
 .text.sl_gpio_configure_external_interrupt
                0x0000000008000f08       0xe0 ./simplicity_sdk_2025.6.2/platform/driver/gpio/src/sl_gpio.o
                0x0000000008000f08                sl_gpio_configure_external_interrupt
 .text.sl_gpio_deconfigure_external_interrupt
                0x0000000008000fe8       0x4c ./simplicity_sdk_2025.6.2/platform/driver/gpio/src/sl_gpio.o
                0x0000000008000fe8                sl_gpio_deconfigure_external_interrupt
 .text.sl_gpio_configure_wakeup_em4_interrupt
                0x0000000008001034       0xb8 ./simplicity_sdk_2025.6.2/platform/driver/gpio/src/sl_gpio.o
                0x0000000008001034                sl_gpio_configure_wakeup_em4_interrupt
 .text.GPIO_EVEN_IRQHandler
                0x00000000080010ec       0x20 ./simplicity_sdk_2025.6.2/platform/driver/gpio/src/sl_gpio.o
                0x00000000080010ec                GPIO_EVEN_IRQHandler
 .text.GPIO_ODD_IRQHandler
                0x000000000800110c       0x20 ./simplicity_sdk_2025.6.2/platform/driver/gpio/src/sl_gpio.o
                0x000000000800110c                GPIO_ODD_IRQHandler
 .text.I2CSPM_Init
                0x000000000800112c       0xd8 ./simplicity_sdk_2025.6.2/platform/driver/i2cspm/src/sl_i2cspm.o
                0x000000000800112c                I2CSPM_Init
 .text.I2CSPM_Transfer
                0x0000000008001204       0x20 ./simplicity_sdk_2025.6.2/platform/driver/i2cspm/src/sl_i2cspm.o
                0x0000000008001204                I2CSPM_Transfer
 .text.sl_simple_led_init
                0x0000000008001224       0x34 ./simplicity_sdk_2025.6.2/platform/driver/leddrv/src/sl_simple_led.o
                0x0000000008001224                sl_simple_led_init
 .text.StartTransfer
                0x0000000008001258      0x17c ./simplicity_sdk_2025.6.2/platform/emdrv/dmadrv/src/dmadrv.o
 .text.DMADRV_AllocateChannel
                0x00000000080013d4       0x60 ./simplicity_sdk_2025.6.2/platform/emdrv/dmadrv/src/dmadrv.o
                0x00000000080013d4                DMADRV_AllocateChannel
 .text.DMADRV_Init
                0x0000000008001434       0x68 ./simplicity_sdk_2025.6.2/platform/emdrv/dmadrv/src/dmadrv.o
                0x0000000008001434                DMADRV_Init
 .text.DMADRV_PauseTransfer
                0x000000000800149c       0x40 ./simplicity_sdk_2025.6.2/platform/emdrv/dmadrv/src/dmadrv.o
                0x000000000800149c                DMADRV_PauseTransfer
 .text.DMADRV_ResumeTransfer
                0x00000000080014dc       0x40 ./simplicity_sdk_2025.6.2/platform/emdrv/dmadrv/src/dmadrv.o
                0x00000000080014dc                DMADRV_ResumeTransfer
 .text.LDMA_IRQHandler
                0x000000000800151c       0x74 ./simplicity_sdk_2025.6.2/platform/emdrv/dmadrv/src/dmadrv.o
                0x000000000800151c                LDMA_IRQHandler
 .text.GetTailBuffer
                0x0000000008001590       0x34 ./simplicity_sdk_2025.6.2/platform/emdrv/uartdrv/src/uartdrv.o
 .text.CheckParams
                0x00000000080015c4       0x24 ./simplicity_sdk_2025.6.2/platform/emdrv/uartdrv/src/uartdrv.o
 .text.addHandle
                0x00000000080015e8       0x50 ./simplicity_sdk_2025.6.2/platform/emdrv/uartdrv/src/uartdrv.o
 .text.HwFcManageClearToSend
                0x0000000008001638       0x80 ./simplicity_sdk_2025.6.2/platform/emdrv/uartdrv/src/uartdrv.o
 .text.InitializeDma
                0x00000000080016b8       0x2c ./simplicity_sdk_2025.6.2/platform/emdrv/uartdrv/src/uartdrv.o
 .text.EnqueueBuffer
                0x00000000080016e4       0x84 ./simplicity_sdk_2025.6.2/platform/emdrv/uartdrv/src/uartdrv.o
 .text.StartReceiveDma
                0x0000000008001768       0x50 ./simplicity_sdk_2025.6.2/platform/emdrv/uartdrv/src/uartdrv.o
 .text.StartTransmitDma
                0x00000000080017b8       0x50 ./simplicity_sdk_2025.6.2/platform/emdrv/uartdrv/src/uartdrv.o
 .text.EnableReceiver
                0x0000000008001808       0x3c ./simplicity_sdk_2025.6.2/platform/emdrv/uartdrv/src/uartdrv.o
 .text.DisableReceiver
                0x0000000008001844       0x38 ./simplicity_sdk_2025.6.2/platform/emdrv/uartdrv/src/uartdrv.o
 .text.EnableTransmitter
                0x000000000800187c       0x50 ./simplicity_sdk_2025.6.2/platform/emdrv/uartdrv/src/uartdrv.o
 .text.TransmitDmaComplete
                0x00000000080018cc       0x84 ./simplicity_sdk_2025.6.2/platform/emdrv/uartdrv/src/uartdrv.o
 .text.UARTDRV_ForceTransmit
                0x0000000008001950      0x110 ./simplicity_sdk_2025.6.2/platform/emdrv/uartdrv/src/uartdrv.o
                0x0000000008001950                UARTDRV_ForceTransmit
 .text.UARTDRV_PauseTransmit
                0x0000000008001a60       0x30 ./simplicity_sdk_2025.6.2/platform/emdrv/uartdrv/src/uartdrv.o
                0x0000000008001a60                UARTDRV_PauseTransmit
 .text.UARTDRV_ResumeTransmit
                0x0000000008001a90       0x40 ./simplicity_sdk_2025.6.2/platform/emdrv/uartdrv/src/uartdrv.o
                0x0000000008001a90                UARTDRV_ResumeTransmit
 .text.InitializeGpioFlowControl
                0x0000000008001ad0       0x3c ./simplicity_sdk_2025.6.2/platform/emdrv/uartdrv/src/uartdrv.o
 .text.UARTDRV_InitEuart
                0x0000000008001b0c      0x1e4 ./simplicity_sdk_2025.6.2/platform/emdrv/uartdrv/src/uartdrv.o
                0x0000000008001b0c                UARTDRV_InitEuart
 .text.ReceiveDmaComplete
                0x0000000008001cf0      0x114 ./simplicity_sdk_2025.6.2/platform/emdrv/uartdrv/src/uartdrv.o
 .text.UARTDRV_ReceiveB
                0x0000000008001e04       0x64 ./simplicity_sdk_2025.6.2/platform/emdrv/uartdrv/src/uartdrv.o
                0x0000000008001e04                UARTDRV_ReceiveB
 .text.UARTDRV_TransmitB
                0x0000000008001e68       0x84 ./simplicity_sdk_2025.6.2/platform/emdrv/uartdrv/src/uartdrv.o
                0x0000000008001e68                UARTDRV_TransmitB
 .text.EMU_VScaleGet
                0x0000000008001eec       0x18 ./simplicity_sdk_2025.6.2/platform/emlib/src/em_cmu.o
 .text.dpllRefClkGet
                0x0000000008001f04       0x48 ./simplicity_sdk_2025.6.2/platform/emlib/src/em_cmu.o
 .text.em23GrpaClkGet
                0x0000000008001f4c       0x48 ./simplicity_sdk_2025.6.2/platform/emlib/src/em_cmu.o
 .text.em4GrpaClkGet
                0x0000000008001f94       0x48 ./simplicity_sdk_2025.6.2/platform/emlib/src/em_cmu.o
 .text.sysrtcClkGet
                0x0000000008001fdc       0x48 ./simplicity_sdk_2025.6.2/platform/emlib/src/em_cmu.o
 .text.traceClkGet
                0x0000000008002024       0x54 ./simplicity_sdk_2025.6.2/platform/emlib/src/em_cmu.o
 .text.em01GrpaClkGet
                0x0000000008002078       0x74 ./simplicity_sdk_2025.6.2/platform/emlib/src/em_cmu.o
 .text.em01GrpcClkGet
                0x00000000080020ec       0x70 ./simplicity_sdk_2025.6.2/platform/emlib/src/em_cmu.o
 .text.eusart0ClkGet
                0x000000000800215c       0x74 ./simplicity_sdk_2025.6.2/platform/emlib/src/em_cmu.o
 .text.iadcClkGet
                0x00000000080021d0       0x60 ./simplicity_sdk_2025.6.2/platform/emlib/src/em_cmu.o
 .text.wdog0ClkGet
                0x0000000008002230       0x64 ./simplicity_sdk_2025.6.2/platform/emlib/src/em_cmu.o
 .text.wdog1ClkGet
                0x0000000008002294       0x64 ./simplicity_sdk_2025.6.2/platform/emlib/src/em_cmu.o
 .text.vdac0ClkGet
                0x00000000080022f8       0x70 ./simplicity_sdk_2025.6.2/platform/emlib/src/em_cmu.o
 .text.vdac1ClkGet
                0x0000000008002368       0x70 ./simplicity_sdk_2025.6.2/platform/emlib/src/em_cmu.o
 .text.pcnt0ClkGet
                0x00000000080023d8       0x4c ./simplicity_sdk_2025.6.2/platform/emlib/src/em_cmu.o
 .text.HFRCODPLLDevinfoGet
                0x0000000008002424      0x108 ./simplicity_sdk_2025.6.2/platform/emlib/src/em_cmu.o
 .text.CMU_ClockDivGet
                0x000000000800252c       0x78 ./simplicity_sdk_2025.6.2/platform/emlib/src/em_cmu.o
                0x000000000800252c                CMU_ClockDivGet
 .text.flashWaitStateControl
                0x00000000080025a4       0x58 ./simplicity_sdk_2025.6.2/platform/emlib/src/em_cmu.o
 .text.CMU_ClockEnable
                0x00000000080025fc       0x50 ./simplicity_sdk_2025.6.2/platform/emlib/src/em_cmu.o
                0x00000000080025fc                CMU_ClockEnable
 .text.CMU_ClockFreqGet
                0x000000000800264c      0x210 ./simplicity_sdk_2025.6.2/platform/emlib/src/em_cmu.o
                0x000000000800264c                CMU_ClockFreqGet
 .text.rhclkPrescOptimize
                0x000000000800285c       0x20 ./simplicity_sdk_2025.6.2/platform/emlib/src/em_cmu.o
 .text.CMU_ClockSelectGet
                0x000000000800287c      0x208 ./simplicity_sdk_2025.6.2/platform/emlib/src/em_cmu.o
                0x000000000800287c                CMU_ClockSelectGet
 .text.sli_em_cmu_SYSTICEXTCLKENClear
                0x0000000008002a84       0x30 ./simplicity_sdk_2025.6.2/platform/emlib/src/em_cmu.o
                0x0000000008002a84                sli_em_cmu_SYSTICEXTCLKENClear
 .text.CMU_HFXOInit
                0x0000000008002ab4      0x224 ./simplicity_sdk_2025.6.2/platform/emlib/src/em_cmu.o
                0x0000000008002ab4                CMU_HFXOInit
 .text.CMU_HFXOCTuneDeltaGet
                0x0000000008002cd8        0xc ./simplicity_sdk_2025.6.2/platform/emlib/src/em_cmu.o
                0x0000000008002cd8                CMU_HFXOCTuneDeltaGet
 .text.CMU_LFXOInit
                0x0000000008002ce4       0xc4 ./simplicity_sdk_2025.6.2/platform/emlib/src/em_cmu.o
                0x0000000008002ce4                CMU_LFXOInit
 .text.CMU_LFXOPrecisionSet
                0x0000000008002da8        0xc ./simplicity_sdk_2025.6.2/platform/emlib/src/em_cmu.o
                0x0000000008002da8                CMU_LFXOPrecisionSet
 .text.CMU_HFXOPrecisionSet
                0x0000000008002db4        0xc ./simplicity_sdk_2025.6.2/platform/emlib/src/em_cmu.o
                0x0000000008002db4                CMU_HFXOPrecisionSet
 .text.CMU_LFRCOSetPrecision
                0x0000000008002dc0       0x80 ./simplicity_sdk_2025.6.2/platform/emlib/src/em_cmu.o
                0x0000000008002dc0                CMU_LFRCOSetPrecision
 .text.CMU_ClockDivSet
                0x0000000008002e40      0x12c ./simplicity_sdk_2025.6.2/platform/emlib/src/em_cmu.o
                0x0000000008002e40                CMU_ClockDivSet
 .text.sli_em_cmu_SYSCLKInitPreClockSelect
                0x0000000008002f6c       0x30 ./simplicity_sdk_2025.6.2/platform/emlib/src/em_cmu.o
                0x0000000008002f6c                sli_em_cmu_SYSCLKInitPreClockSelect
 .text.pclkDivOptimize
                0x0000000008002f9c       0x24 ./simplicity_sdk_2025.6.2/platform/emlib/src/em_cmu.o
 .text.sli_em_cmu_SYSCLKInitPostClockSelect
                0x0000000008002fc0       0x40 ./simplicity_sdk_2025.6.2/platform/emlib/src/em_cmu.o
                0x0000000008002fc0                sli_em_cmu_SYSCLKInitPostClockSelect
 .text.CMU_HFRCODPLLBandSet
                0x0000000008003000      0x11c ./simplicity_sdk_2025.6.2/platform/emlib/src/em_cmu.o
                0x0000000008003000                CMU_HFRCODPLLBandSet
 .text.CMU_HFRCOEM23BandSet
                0x000000000800311c      0x168 ./simplicity_sdk_2025.6.2/platform/emlib/src/em_cmu.o
                0x000000000800311c                CMU_HFRCOEM23BandSet
 .text.EMU_DCDCSync
                0x0000000008003284       0x10 ./simplicity_sdk_2025.6.2/platform/emlib/src/em_emu.o
 .text.EMU_EM4Init
                0x0000000008003294       0x14 ./simplicity_sdk_2025.6.2/platform/emlib/src/em_emu.o
                0x0000000008003294                EMU_EM4Init
 .text.EMU_VScaleEM01
                0x00000000080032a8       0xa8 ./simplicity_sdk_2025.6.2/platform/emlib/src/em_emu.o
                0x00000000080032a8                EMU_VScaleEM01
 .text.EMU_VScaleEM01ByClock
                0x0000000008003350       0x30 ./simplicity_sdk_2025.6.2/platform/emlib/src/em_emu.o
                0x0000000008003350                EMU_VScaleEM01ByClock
 .text.EMU_DCDCModeSet
                0x0000000008003380       0xac ./simplicity_sdk_2025.6.2/platform/emlib/src/em_emu.o
                0x0000000008003380                EMU_DCDCModeSet
 .text.EMU_DCDCInit
                0x000000000800342c       0x70 ./simplicity_sdk_2025.6.2/platform/emlib/src/em_emu.o
                0x000000000800342c                EMU_DCDCInit
 .text.EMU_DCDCSetPFMXModePeakCurrent
                0x000000000800349c       0x6c ./simplicity_sdk_2025.6.2/platform/emlib/src/em_emu.o
                0x000000000800349c                EMU_DCDCSetPFMXModePeakCurrent
 .text.EUSART_Reset
                0x0000000008003508       0x54 ./simplicity_sdk_2025.6.2/platform/emlib/src/em_eusart.o
                0x0000000008003508                EUSART_Reset
 .text.EUSART_Enable
                0x000000000800355c       0x6c ./simplicity_sdk_2025.6.2/platform/emlib/src/em_eusart.o
                0x000000000800355c                EUSART_Enable
 .text.EUSART_BaudrateSet
                0x00000000080035c8      0x1cc ./simplicity_sdk_2025.6.2/platform/emlib/src/em_eusart.o
                0x00000000080035c8                EUSART_BaudrateSet
 .text.EUSART_AsyncInitCommon
                0x0000000008003794      0x24c ./simplicity_sdk_2025.6.2/platform/emlib/src/em_eusart.o
 .text.EUSART_UartInitHf
                0x00000000080039e0       0x5c ./simplicity_sdk_2025.6.2/platform/emlib/src/em_eusart.o
                0x00000000080039e0                EUSART_UartInitHf
 .text.EUSART_UartInitLf
                0x0000000008003a3c       0xb8 ./simplicity_sdk_2025.6.2/platform/emlib/src/em_eusart.o
                0x0000000008003a3c                EUSART_UartInitLf
 .text.I2C_BusFreqSet
                0x0000000008003af4      0x108 ./simplicity_sdk_2025.6.2/platform/emlib/src/em_i2c.o
                0x0000000008003af4                I2C_BusFreqSet
 .text.I2C_Enable
                0x0000000008003bfc       0x38 ./simplicity_sdk_2025.6.2/platform/emlib/src/em_i2c.o
                0x0000000008003bfc                I2C_Enable
 .text.I2C_Init
                0x0000000008003c34       0x64 ./simplicity_sdk_2025.6.2/platform/emlib/src/em_i2c.o
                0x0000000008003c34                I2C_Init
 .text.I2C_Transfer
                0x0000000008003c98      0x224 ./simplicity_sdk_2025.6.2/platform/emlib/src/em_i2c.o
                0x0000000008003c98                I2C_Transfer
 .text.I2C_TransferInit
                0x0000000008003ebc       0xc0 ./simplicity_sdk_2025.6.2/platform/emlib/src/em_i2c.o
                0x0000000008003ebc                I2C_TransferInit
 .text.LDMA_EnableChannelRequest
                0x0000000008003f7c       0x40 ./simplicity_sdk_2025.6.2/platform/emlib/src/em_ldma.o
                0x0000000008003f7c                LDMA_EnableChannelRequest
 .text.LDMA_Init
                0x0000000008003fbc       0x90 ./simplicity_sdk_2025.6.2/platform/emlib/src/em_ldma.o
                0x0000000008003fbc                LDMA_Init
 .text.LDMA_StartTransfer
                0x000000000800404c       0xf8 ./simplicity_sdk_2025.6.2/platform/emlib/src/em_ldma.o
                0x000000000800404c                LDMA_StartTransfer
 .text.sl_hal_gpio_clear_pin
                0x0000000008004144       0x54 ./simplicity_sdk_2025.6.2/platform/peripheral/src/sl_hal_gpio.o
                0x0000000008004144                sl_hal_gpio_clear_pin
 .text.sl_hal_gpio_get_pin_input
                0x0000000008004198       0x58 ./simplicity_sdk_2025.6.2/platform/peripheral/src/sl_hal_gpio.o
                0x0000000008004198                sl_hal_gpio_get_pin_input
 .text.sl_hal_gpio_get_pin_output
                0x00000000080041f0       0x58 ./simplicity_sdk_2025.6.2/platform/peripheral/src/sl_hal_gpio.o
                0x00000000080041f0                sl_hal_gpio_get_pin_output
 .text.sl_hal_gpio_get_enabled_pending_interrupts
                0x0000000008004248       0x14 ./simplicity_sdk_2025.6.2/platform/peripheral/src/sl_hal_gpio.o
                0x0000000008004248                sl_hal_gpio_get_enabled_pending_interrupts
 .text.sl_hal_gpio_get_em4_interrupt_number
                0x000000000800425c       0x80 ./simplicity_sdk_2025.6.2/platform/peripheral/src/sl_hal_gpio.o
                0x000000000800425c                sl_hal_gpio_get_em4_interrupt_number
 .text.sl_hal_gpio_set_pin_em4_retention
                0x00000000080042dc       0x20 ./simplicity_sdk_2025.6.2/platform/peripheral/src/sl_hal_gpio.o
                0x00000000080042dc                sl_hal_gpio_set_pin_em4_retention
 .text.sl_hal_gpio_set_pin_mode
                0x00000000080042fc       0xd0 ./simplicity_sdk_2025.6.2/platform/peripheral/src/sl_hal_gpio.o
                0x00000000080042fc                sl_hal_gpio_set_pin_mode
 .text.sl_hal_gpio_configure_external_interrupt
                0x00000000080043cc      0x178 ./simplicity_sdk_2025.6.2/platform/peripheral/src/sl_hal_gpio.o
                0x00000000080043cc                sl_hal_gpio_configure_external_interrupt
 .text.sl_hal_gpio_enable_pin_em4_wakeup
                0x0000000008004544       0x68 ./simplicity_sdk_2025.6.2/platform/peripheral/src/sl_hal_gpio.o
                0x0000000008004544                sl_hal_gpio_enable_pin_em4_wakeup
 .text.sl_hal_gpio_configure_wakeup_em4_external_interrupt
                0x00000000080045ac       0x8c ./simplicity_sdk_2025.6.2/platform/peripheral/src/sl_hal_gpio.o
                0x00000000080045ac                sl_hal_gpio_configure_wakeup_em4_external_interrupt
 .text.sl_hal_sysrtc_wait_ready
                0x0000000008004638       0x1c ./simplicity_sdk_2025.6.2/platform/peripheral/src/sl_hal_sysrtc.o
                0x0000000008004638                sl_hal_sysrtc_wait_ready
 .text.sl_hal_sysrtc_stop
                0x0000000008004654       0x28 ./simplicity_sdk_2025.6.2/platform/peripheral/src/sl_hal_sysrtc.o
                0x0000000008004654                sl_hal_sysrtc_stop
 .text.sl_hal_sysrtc_enable
                0x000000000800467c       0x18 ./simplicity_sdk_2025.6.2/platform/peripheral/src/sl_hal_sysrtc.o
                0x000000000800467c                sl_hal_sysrtc_enable
 .text.sl_hal_sysrtc_disable
                0x0000000008004694       0x1c ./simplicity_sdk_2025.6.2/platform/peripheral/src/sl_hal_sysrtc.o
                0x0000000008004694                sl_hal_sysrtc_disable
 .text.sl_hal_sysrtc_init
                0x00000000080046b0       0x24 ./simplicity_sdk_2025.6.2/platform/peripheral/src/sl_hal_sysrtc.o
                0x00000000080046b0                sl_hal_sysrtc_init
 .text.sl_hal_sysrtc_init_group
                0x00000000080046d4       0x44 ./simplicity_sdk_2025.6.2/platform/peripheral/src/sl_hal_sysrtc.o
                0x00000000080046d4                sl_hal_sysrtc_init_group
 .text.sli_clock_manager_hal_init
                0x0000000008004718      0x268 ./simplicity_sdk_2025.6.2/platform/service/clock_manager/src/sl_clock_manager_init_hal_s2.o
                0x0000000008004718                sli_clock_manager_hal_init
 .text.sl_device_init_dcdc
                0x0000000008004980       0x2c ./simplicity_sdk_2025.6.2/platform/service/device_init/src/sl_device_init_dcdc_s2.o
                0x0000000008004980                sl_device_init_dcdc
 .text.sl_device_init_emu
                0x00000000080049ac       0x24 ./simplicity_sdk_2025.6.2/platform/service/device_init/src/sl_device_init_emu_s2.o
                0x00000000080049ac                sl_device_init_emu
 .text.__NVIC_GetPriority
                0x00000000080049d0       0x24 ./simplicity_sdk_2025.6.2/platform/service/interrupt_manager/src/sl_interrupt_manager_cortexm.o
 .text.sl_interrupt_manager_enable_irq
                0x00000000080049f4       0x34 ./simplicity_sdk_2025.6.2/platform/service/interrupt_manager/src/sl_interrupt_manager_cortexm.o
                0x00000000080049f4                sl_interrupt_manager_enable_irq
 .text.sl_interrupt_manager_is_irq_disabled
                0x0000000008004a28       0x30 ./simplicity_sdk_2025.6.2/platform/service/interrupt_manager/src/sl_interrupt_manager_cortexm.o
                0x0000000008004a28                sl_interrupt_manager_is_irq_disabled
 .text.sl_interrupt_manager_is_irq_blocked
                0x0000000008004a58       0x6c ./simplicity_sdk_2025.6.2/platform/service/interrupt_manager/src/sl_interrupt_manager_cortexm.o
                0x0000000008004a58                sl_interrupt_manager_is_irq_blocked
 .text.sl_interrupt_manager_clear_irq_pending
                0x0000000008004ac4       0x1c ./simplicity_sdk_2025.6.2/platform/service/interrupt_manager/src/sl_interrupt_manager_cortexm.o
                0x0000000008004ac4                sl_interrupt_manager_clear_irq_pending
 .text.sl_interrupt_manager_set_irq_priority
                0x0000000008004ae0       0x54 ./simplicity_sdk_2025.6.2/platform/service/interrupt_manager/src/sl_interrupt_manager_cortexm.o
                0x0000000008004ae0                sl_interrupt_manager_set_irq_priority
 .text.sl_interrupt_manager_init
                0x0000000008004b34       0x34 ./simplicity_sdk_2025.6.2/platform/service/interrupt_manager/src/sl_interrupt_manager_cortexm.o
                0x0000000008004b34                sl_interrupt_manager_init
 .text.sl_memory_init
                0x0000000008004b68       0x20 ./simplicity_sdk_2025.6.2/platform/service/memory_manager/src/sl_memory_manager.o
                0x0000000008004b68                sl_memory_init
 .text.sl_memory_heap_alloc_advanced
                0x0000000008004b88      0x204 ./simplicity_sdk_2025.6.2/platform/service/memory_manager/src/sl_memory_manager.o
                0x0000000008004b88                sl_memory_heap_alloc_advanced
 .text.sl_memory_alloc_advanced
                0x0000000008004d8c       0x1c ./simplicity_sdk_2025.6.2/platform/service/memory_manager/src/sl_memory_manager.o
                0x0000000008004d8c                sl_memory_alloc_advanced
 .text.sl_memory_alloc
                0x0000000008004da8       0x10 ./simplicity_sdk_2025.6.2/platform/service/memory_manager/src/sl_memory_manager.o
                0x0000000008004da8                sl_memory_alloc
 .text.sl_memory_heap_free
                0x0000000008004db8      0x1dc ./simplicity_sdk_2025.6.2/platform/service/memory_manager/src/sl_memory_manager.o
                0x0000000008004db8                sl_memory_heap_free
 .text.sl_memory_heap_realloc
                0x0000000008004f94      0x278 ./simplicity_sdk_2025.6.2/platform/service/memory_manager/src/sl_memory_manager.o
                0x0000000008004f94                sl_memory_heap_realloc
 .text.sl_memory_get_heap_region
                0x000000000800520c       0x14 ./simplicity_sdk_2025.6.2/platform/service/memory_manager/src/sl_memory_manager_region.o
                0x000000000800520c                sl_memory_get_heap_region
 .text.sli_memory_find_head_free_block
                0x0000000008005220       0x58 ./simplicity_sdk_2025.6.2/platform/service/memory_manager/src/sli_memory_manager_common.o
                0x0000000008005220                sli_memory_find_head_free_block
 .text.sli_memory_create_heap
                0x0000000008005278       0x58 ./simplicity_sdk_2025.6.2/platform/service/memory_manager/src/sli_memory_manager_common.o
                0x0000000008005278                sli_memory_create_heap
 .text.sli_memory_get_heap_handle
                0x00000000080052d0        0x8 ./simplicity_sdk_2025.6.2/platform/service/memory_manager/src/sli_memory_manager_common.o
                0x00000000080052d0                sli_memory_get_heap_handle
 .text.start_task_handler
                0x00000000080052d8       0x18 ./simplicity_sdk_2025.6.2/platform/service/sl_main/src/sl_main_kernel.o
 .text.sli_main_kernel_start_task_initialize
                0x00000000080052f0       0x34 ./simplicity_sdk_2025.6.2/platform/service/sl_main/src/sl_main_kernel.o
                0x00000000080052f0                sli_main_kernel_start_task_initialize
 .text.sl_sleeptimer_init
                0x0000000008005324       0x74 ./simplicity_sdk_2025.6.2/platform/service/sleeptimer/src/sl_sleeptimer.o
                0x0000000008005324                sl_sleeptimer_init
 .text.sleeptimer_hal_init_timer
                0x0000000008005398       0x6c ./simplicity_sdk_2025.6.2/platform/service/sleeptimer/src/sl_sleeptimer_hal_sysrtc.o
                0x0000000008005398                sleeptimer_hal_init_timer
 .text.sl_udelay_wait
                0x0000000008005404       0x58 ./simplicity_sdk_2025.6.2/platform/service/udelay/src/sl_udelay.o
                0x0000000008005404                sl_udelay_wait
 .text.vApplicationStackOverflowHook
                0x000000000800545c       0x10 ./simplicity_sdk_2025.6.2/util/third_party/freertos/cmsis/Source/cmsis_os2.o
                0x000000000800545c                vApplicationStackOverflowHook
 .text.prvTaskExitError
                0x000000000800546c       0x30 ./simplicity_sdk_2025.6.2/util/third_party/freertos/kernel/portable/GCC/ARM_CM33_NTZ/non_secure/port.o
 .text.vPortValidateInterruptPriority
                0x000000000800549c       0x54 ./simplicity_sdk_2025.6.2/util/third_party/freertos/kernel/portable/GCC/ARM_CM33_NTZ/non_secure/port.o
                0x000000000800549c                vPortValidateInterruptPriority
 .text          0x00000000080054f0      0x378 /Applications/ArmGNUToolchain/12.2.rel1/arm-none-eabi/bin/../lib/gcc/arm-none-eabi/12.2.1/thumb/v8-m.main+fp/hard/libgcc.a(_arm_addsubdf3.o)
                0x00000000080054f0                __aeabi_drsub
                0x00000000080054f8                __subdf3
                0x00000000080054f8                __aeabi_dsub
                0x00000000080054fc                __aeabi_dadd
                0x00000000080054fc                __adddf3
                0x0000000008005774                __aeabi_ui2d
                0x0000000008005774                __floatunsidf
                0x0000000008005794                __floatsidf
                0x0000000008005794                __aeabi_i2d
                0x00000000080057b8                __extendsfdf2
                0x00000000080057b8                __aeabi_f2d
                0x00000000080057fc                __aeabi_ul2d
                0x00000000080057fc                __floatundidf
                0x000000000800580c                __aeabi_l2d
                0x000000000800580c                __floatdidf
 .text          0x0000000008005868       0x30 /Applications/ArmGNUToolchain/12.2.rel1/arm-none-eabi/bin/../lib/gcc/arm-none-eabi/12.2.1/thumb/v8-m.main+fp/hard/libgcc.a(_aeabi_uldivmod.o)
                0x0000000008005868                __aeabi_uldivmod
 .text.__udivmoddi4
                0x0000000008005898      0x2ec /Applications/ArmGNUToolchain/12.2.rel1/arm-none-eabi/bin/../lib/gcc/arm-none-eabi/12.2.1/thumb/v8-m.main+fp/hard/libgcc.a(_udivmoddi4.o)
                0x0000000008005898                __udivmoddi4
 .text          0x0000000008005b84        0x4 /Applications/ArmGNUToolchain/12.2.rel1/arm-none-eabi/bin/../lib/gcc/arm-none-eabi/12.2.1/thumb/v8-m.main+fp/hard/libgcc.a(_dvmd_tls.o)
                0x0000000008005b84                __aeabi_ldiv0
                0x0000000008005b84                __aeabi_idiv0
 .text.exit     0x0000000008005b88       0x24 /Applications/ArmGNUToolchain/12.2.rel1/arm-none-eabi/bin/../lib/gcc/arm-none-eabi/12.2.1/../../../../arm-none-eabi/lib/thumb/v8-m.main+fp/hard/libc_nano.a(libc_a-exit.o)
                0x0000000008005b88                exit
 .text.sprintf  0x0000000008005bac       0x40 /Applications/ArmGNUToolchain/12.2.rel1/arm-none-eabi/bin/../lib/gcc/arm-none-eabi/12.2.1/../../../../arm-none-eabi/lib/thumb/v8-m.main+fp/hard/libc_nano.a(libc_a-sprintf.o)
                0x0000000008005bac                sprintf
                0x0000000008005bac                siprintf
 .text._strtol_l.constprop.0
                0x0000000008005bec       0xfc /Applications/ArmGNUToolchain/12.2.rel1/arm-none-eabi/bin/../lib/gcc/arm-none-eabi/12.2.1/../../../../arm-none-eabi/lib/thumb/v8-m.main+fp/hard/libc_nano.a(libc_a-strtol.o)
 .text.strtol   0x0000000008005ce8       0x14 /Applications/ArmGNUToolchain/12.2.rel1/arm-none-eabi/bin/../lib/gcc/arm-none-eabi/12.2.1/../../../../arm-none-eabi/lib/thumb/v8-m.main+fp/hard/libc_nano.a(libc_a-strtol.o)
                0x0000000008005ce8                strtol
 .text.__errno  0x0000000008005cfc        0xc /Applications/ArmGNUToolchain/12.2.rel1/arm-none-eabi/bin/../lib/gcc/arm-none-eabi/12.2.1/../../../../arm-none-eabi/lib/thumb/v8-m.main+fp/hard/libc_nano.a(libc_a-errno.o)
                0x0000000008005cfc                __errno
 .text.__libc_init_array
                0x0000000008005d08       0x48 /Applications/ArmGNUToolchain/12.2.rel1/arm-none-eabi/bin/../lib/gcc/arm-none-eabi/12.2.1/../../../../arm-none-eabi/lib/thumb/v8-m.main+fp/hard/libc_nano.a(libc_a-init.o)
                0x0000000008005d08                __libc_init_array
 .text._svfprintf_r
                0x0000000008005d50      0x1f8 /Applications/ArmGNUToolchain/12.2.rel1/arm-none-eabi/bin/../lib/gcc/arm-none-eabi/12.2.1/../../../../arm-none-eabi/lib/thumb/v8-m.main+fp/hard/libc_nano.a(libc_a-nano-svfprintf.o)
                0x0000000008005d50                _svfprintf_r
                0x0000000008005d50                _svfiprintf_r
 .text._printf_i
                0x0000000008005f48      0x258 /Applications/ArmGNUToolchain/12.2.rel1/arm-none-eabi/bin/../lib/gcc/arm-none-eabi/12.2.1/../../../../arm-none-eabi/lib/thumb/v8-m.main+fp/hard/libc_nano.a(libc_a-nano-vfprintf_i.o)
                0x0000000008005f48                _printf_i
 .text.app_init
                0x00000000080061a0       0x16 ./app.o
                0x00000000080061a0                app_init
 .text.startup.main
                0x00000000080061b6       0x18 ./main.o
                0x00000000080061b6                main
 .text.sl_board_default_init
                0x00000000080061ce        0x2 ./autogen/sl_board_default_init.o
                0x00000000080061ce                sl_board_default_init
 .text.sli_driver_permanent_allocation
                0x00000000080061d0        0x2 ./autogen/sl_event_handler.o
                0x00000000080061d0                sli_driver_permanent_allocation
 .text.sli_service_permanent_allocation
                0x00000000080061d2        0x2 ./autogen/sl_event_handler.o
                0x00000000080061d2                sli_service_permanent_allocation
 .text.sli_stack_permanent_allocation
                0x00000000080061d4        0x2 ./autogen/sl_event_handler.o
                0x00000000080061d4                sli_stack_permanent_allocation
 .text.sli_internal_permanent_allocation
                0x00000000080061d6        0x2 ./autogen/sl_event_handler.o
                0x00000000080061d6                sli_internal_permanent_allocation
 .text.sl_platform_init
                0x00000000080061d8       0x12 ./autogen/sl_event_handler.o
                0x00000000080061d8                sl_platform_init
 .text.sli_internal_init_early
                0x00000000080061ea        0x2 ./autogen/sl_event_handler.o
                0x00000000080061ea                sli_internal_init_early
 .text.sl_kernel_start
                0x00000000080061ec        0x4 ./autogen/sl_event_handler.o
                0x00000000080061ec                sl_kernel_start
 .text.sl_driver_init
                0x00000000080061f0       0x1a ./autogen/sl_event_handler.o
                0x00000000080061f0                sl_driver_init
 .text.sl_service_init
                0x000000000800620a        0x4 ./autogen/sl_event_handler.o
                0x000000000800620a                sl_service_init
 .text.sl_stack_init
                0x000000000800620e        0x2 ./autogen/sl_event_handler.o
                0x000000000800620e                sl_stack_init
 .text.sl_internal_app_init
                0x0000000008006210        0x2 ./autogen/sl_event_handler.o
                0x0000000008006210                sl_internal_app_init
 .text.sl_board_configure_vcom
                0x0000000008006212        0x4 ./simplicity_sdk_2025.6.2/hardware/board/src/sl_board_control_gpio.o
                0x0000000008006212                sl_board_configure_vcom
 .text.Default_Handler
                0x0000000008006216        0x2 ./simplicity_sdk_2025.6.2/platform/Device/SiliconLabs/EFR32MG24/Source/startup_efr32mg24.o
                0x0000000008006216                MPAHBRAM_IRQHandler
                0x0000000008006216                AHB2AHB1_IRQHandler
                0x0000000008006216                SW2_IRQHandler
                0x0000000008006216                TIMER2_IRQHandler
                0x0000000008006216                DebugMon_Handler
                0x0000000008006216                USART0_TX_IRQHandler
                0x0000000008006216                IADC_IRQHandler
                0x0000000008006216                EUSART0_TX_IRQHandler
                0x0000000008006216                I2C0_IRQHandler
                0x0000000008006216                LFXO_IRQHandler
                0x0000000008006216                HardFault_Handler
                0x0000000008006216                SMU_SECURE_IRQHandler
                0x0000000008006216                SYSRTC_SEQ_IRQHandler
                0x0000000008006216                EMUEFP_IRQHandler
                0x0000000008006216                NMI_Handler
                0x0000000008006216                SYNTH_IRQHandler
                0x0000000008006216                HOSTMAILBOX_IRQHandler
                0x0000000008006216                HFXO0_IRQHandler
                0x0000000008006216                I2C1_IRQHandler
                0x0000000008006216                WDOG0_IRQHandler
                0x0000000008006216                TIMER3_IRQHandler
                0x0000000008006216                SYSCFG_IRQHandler
                0x0000000008006216                RFECA1_IRQHandler
                0x0000000008006216                EMUDG_IRQHandler
                0x0000000008006216                MSC_IRQHandler
                0x0000000008006216                DPLL0_IRQHandler
                0x0000000008006216                UsageFault_Handler
                0x0000000008006216                WDOG1_IRQHandler
                0x0000000008006216                M33CTI1_IRQHandler
                0x0000000008006216                TIMER4_IRQHandler
                0x0000000008006216                VDAC0_IRQHandler
                0x0000000008006216                SEMBTX_IRQHandler
                0x0000000008006216                SW0_IRQHandler
                0x0000000008006216                TIMER0_IRQHandler
                0x0000000008006216                MVP_IRQHandler
                0x0000000008006216                LETIMER0_IRQHandler
                0x0000000008006216                EUSART1_RX_IRQHandler
                0x0000000008006216                TIMER1_IRQHandler
                0x0000000008006216                HFRCO0_IRQHandler
                0x0000000008006216                SecureFault_Handler
                0x0000000008006216                BUFC_IRQHandler
                0x0000000008006216                DCDC_IRQHandler
                0x0000000008006216                MODEM_IRQHandler
                0x0000000008006216                Default_Handler
                0x0000000008006216                RAC_SEQ_IRQHandler
                0x0000000008006216                FRC_PRI_IRQHandler
                0x0000000008006216                EMU_IRQHandler
                0x0000000008006216                SW3_IRQHandler
                0x0000000008006216                KERNEL0_IRQHandler
                0x0000000008006216                FRC_IRQHandler
                0x0000000008006216                PCNT0_IRQHandler
                0x0000000008006216                KERNEL1_IRQHandler
                0x0000000008006216                AGC_IRQHandler
                0x0000000008006216                EUSART1_TX_IRQHandler
                0x0000000008006216                KEYSCAN_IRQHandler
                0x0000000008006216                sl_app_properties
                0x0000000008006216                HFRCOEM23_IRQHandler
                0x0000000008006216                BURTC_IRQHandler
                0x0000000008006216                SEMBRX_IRQHandler
                0x0000000008006216                RFECA0_IRQHandler
                0x0000000008006216                LFRCO_IRQHandler
                0x0000000008006216                VDAC1_IRQHandler
                0x0000000008006216                ACMP0_IRQHandler
                0x0000000008006216                USART0_RX_IRQHandler
                0x0000000008006216                MemManage_Handler
                0x0000000008006216                AHB2AHB0_IRQHandler
                0x0000000008006216                SMU_S_PRIVILEGED_IRQHandler
                0x0000000008006216                SW1_IRQHandler
                0x0000000008006216                CMU_IRQHandler
                0x0000000008006216                EUSART0_RX_IRQHandler
                0x0000000008006216                RAC_RSM_IRQHandler
                0x0000000008006216                SETAMPERHOST_IRQHandler
                0x0000000008006216                AES_IRQHandler
                0x0000000008006216                M33CTI0_IRQHandler
                0x0000000008006216                ICACHE0_IRQHandler
                0x0000000008006216                SMU_NS_PRIVILEGED_IRQHandler
                0x0000000008006216                FPUEXH_IRQHandler
                0x0000000008006216                PROTIMER_IRQHandler
                0x0000000008006216                ACMP1_IRQHandler
                0x0000000008006216                BusFault_Handler
                0x0000000008006216                ULFRCO_IRQHandler
 .text.CopyMemory
                0x0000000008006218       0x1a ./simplicity_sdk_2025.6.2/platform/Device/SiliconLabs/EFR32MG24/Source/startup_efr32mg24.o
                0x0000000008006218                CopyMemory
 .text.assertEFM
                0x0000000008006232        0x2 ./simplicity_sdk_2025.6.2/platform/common/src/sl_assert.o
                0x0000000008006232                assertEFM
 .text._exit    0x0000000008006234        0x2 ./simplicity_sdk_2025.6.2/platform/common/src/sl_syscalls.o
                0x0000000008006234                _exit
 .text.sl_button_init
                0x0000000008006236        0xa ./simplicity_sdk_2025.6.2/platform/driver/button/src/sl_button.o
                0x0000000008006236                sl_button_init
 .text.sl_button_get_state
                0x0000000008006240        0xa ./simplicity_sdk_2025.6.2/platform/driver/button/src/sl_button.o
                0x0000000008006240                sl_button_get_state
 .text.sli_simple_button_on_change
                0x000000000800624a       0x30 ./simplicity_sdk_2025.6.2/platform/driver/button/src/sl_simple_button.o
 .text.sl_simple_button_get_state
                0x000000000800627a        0x6 ./simplicity_sdk_2025.6.2/platform/driver/button/src/sl_simple_button.o
                0x000000000800627a                sl_simple_button_get_state
 .text.sl_simple_button_poll_step
                0x0000000008006280       0x58 ./simplicity_sdk_2025.6.2/platform/driver/button/src/sl_simple_button.o
                0x0000000008006280                sl_simple_button_poll_step
 .text.sl_simple_button_enable
                0x00000000080062d8       0x12 ./simplicity_sdk_2025.6.2/platform/driver/button/src/sl_simple_button.o
                0x00000000080062d8                sl_simple_button_enable
 .text.sl_simple_button_disable
                0x00000000080062ea       0x1c ./simplicity_sdk_2025.6.2/platform/driver/button/src/sl_simple_button.o
                0x00000000080062ea                sl_simple_button_disable
 .text.sl_led_init
                0x0000000008006306        0x6 ./simplicity_sdk_2025.6.2/platform/driver/leddrv/src/sl_led.o
                0x0000000008006306                sl_led_init
 .text.sl_simple_led_turn_on
                0x000000000800630c       0x24 ./simplicity_sdk_2025.6.2/platform/driver/leddrv/src/sl_simple_led.o
                0x000000000800630c                sl_simple_led_turn_on
 .text.sl_simple_led_turn_off
                0x0000000008006330       0x24 ./simplicity_sdk_2025.6.2/platform/driver/leddrv/src/sl_simple_led.o
                0x0000000008006330                sl_simple_led_turn_off
 .text.sl_simple_led_toggle
                0x0000000008006354       0x1a ./simplicity_sdk_2025.6.2/platform/driver/leddrv/src/sl_simple_led.o
                0x0000000008006354                sl_simple_led_toggle
 .text.sl_simple_led_get_state
                0x000000000800636e       0x2a ./simplicity_sdk_2025.6.2/platform/driver/leddrv/src/sl_simple_led.o
                0x000000000800636e                sl_simple_led_get_state
 .text.DMADRV_MemoryPeripheral
                0x0000000008006398       0x34 ./simplicity_sdk_2025.6.2/platform/emdrv/dmadrv/src/dmadrv.o
                0x0000000008006398                DMADRV_MemoryPeripheral
 .text.DMADRV_PeripheralMemory
                0x00000000080063cc       0x34 ./simplicity_sdk_2025.6.2/platform/emdrv/dmadrv/src/dmadrv.o
                0x00000000080063cc                DMADRV_PeripheralMemory
 .text.ConfigGpio
                0x0000000008006400       0xce ./simplicity_sdk_2025.6.2/platform/emdrv/uartdrv/src/uartdrv.o
 .text.HwFcGetClearToSendPin
                0x00000000080064ce       0x32 ./simplicity_sdk_2025.6.2/platform/emdrv/uartdrv/src/uartdrv.o
 .text.DequeueBuffer.isra.0
                0x0000000008006500       0x46 ./simplicity_sdk_2025.6.2/platform/emdrv/uartdrv/src/uartdrv.o
 .text.FcApplyState
                0x0000000008006546       0x78 ./simplicity_sdk_2025.6.2/platform/emdrv/uartdrv/src/uartdrv.o
 .text.BUS_RegMaskedWrite
                0x00000000080065be       0x1e ./simplicity_sdk_2025.6.2/platform/emlib/src/em_cmu.o
 .text.waitStateMax
                0x00000000080065dc       0x10 ./simplicity_sdk_2025.6.2/platform/emlib/src/em_cmu.o
 .text.CMU_UpdateWaitStates
                0x00000000080065ec        0xc ./simplicity_sdk_2025.6.2/platform/emlib/src/em_cmu.o
                0x00000000080065ec                CMU_UpdateWaitStates
 .text.pclkDivMax
                0x00000000080065f8        0xa ./simplicity_sdk_2025.6.2/platform/emlib/src/em_cmu.o
 .text.EMU_EFPEM01VScale
                0x0000000008006602        0x2 ./simplicity_sdk_2025.6.2/platform/emlib/src/em_emu.o
                0x0000000008006602                EMU_EFPEM01VScale
 .text.EMU_DCDCUpdatedHook
                0x0000000008006604        0x2 ./simplicity_sdk_2025.6.2/platform/emlib/src/em_emu.o
                0x0000000008006604                EMU_DCDCUpdatedHook
 .text.eusart_sync
                0x0000000008006606        0x8 ./simplicity_sdk_2025.6.2/platform/emlib/src/em_eusart.o
 .text.EUSART_Disable
                0x000000000800660e       0x34 ./simplicity_sdk_2025.6.2/platform/emlib/src/em_eusart.o
 .text.EUSART_Tx
                0x0000000008006642        0xa ./simplicity_sdk_2025.6.2/platform/emlib/src/em_eusart.o
                0x0000000008006642                EUSART_Tx
 .text.USART_Tx
                0x000000000800664c        0xa ./simplicity_sdk_2025.6.2/platform/emlib/src/em_usart.o
                0x000000000800664c                USART_Tx
 .text.sl_hal_bus_reg_write_mask
                0x0000000008006656       0x1e ./simplicity_sdk_2025.6.2/platform/peripheral/src/sl_hal_gpio.o
 .text.sl_hal_gpio_get_external_interrupt_number
                0x0000000008006674       0x34 ./simplicity_sdk_2025.6.2/platform/peripheral/src/sl_hal_gpio.o
                0x0000000008006674                sl_hal_gpio_get_external_interrupt_number
 .text.sl_clock_manager_runtime_init
                0x00000000080066a8        0x4 ./simplicity_sdk_2025.6.2/platform/service/clock_manager/src/sl_clock_manager.o
                0x00000000080066a8                sl_clock_manager_runtime_init
 .text.sli_clock_manager_hal_runtime_init
                0x00000000080066ac        0x4 ./simplicity_sdk_2025.6.2/platform/service/clock_manager/src/sl_clock_manager_hal_s2.o
                0x00000000080066ac                sli_clock_manager_hal_runtime_init
 .text.sl_clock_manager_init
                0x00000000080066b0        0x4 ./simplicity_sdk_2025.6.2/platform/service/clock_manager/src/sl_clock_manager_init.o
                0x00000000080066b0                sl_clock_manager_init
 .text.memory_manage_data_alignment
                0x00000000080066b4       0x76 ./simplicity_sdk_2025.6.2/platform/service/memory_manager/src/sl_memory_manager.o
 .text.sl_malloc
                0x000000000800672a       0x18 ./simplicity_sdk_2025.6.2/platform/service/memory_manager/src/sl_memory_manager.o
                0x000000000800672a                sl_malloc
 .text.sl_memory_heap_alloc
                0x0000000008006742       0x14 ./simplicity_sdk_2025.6.2/platform/service/memory_manager/src/sl_memory_manager.o
                0x0000000008006742                sl_memory_heap_alloc
 .text.sl_memory_free
                0x0000000008006756       0x12 ./simplicity_sdk_2025.6.2/platform/service/memory_manager/src/sl_memory_manager.o
                0x0000000008006756                sl_memory_free
 .text.sl_free  0x0000000008006768        0x4 ./simplicity_sdk_2025.6.2/platform/service/memory_manager/src/sl_memory_manager.o
                0x0000000008006768                sl_free
 .text.sl_memory_realloc
                0x000000000800676c       0x1a ./simplicity_sdk_2025.6.2/platform/service/memory_manager/src/sl_memory_manager.o
                0x000000000800676c                sl_memory_realloc
 .text.sl_realloc
                0x0000000008006786       0x14 ./simplicity_sdk_2025.6.2/platform/service/memory_manager/src/sl_memory_manager.o
                0x0000000008006786                sl_realloc
 .text.__wrap__malloc_r
                0x000000000800679a        0x6 ./simplicity_sdk_2025.6.2/platform/service/memory_manager/src/sl_memory_manager_retarget.o
                0x000000000800679a                __wrap__malloc_r
 .text.__wrap__free_r
                0x00000000080067a0        0x6 ./simplicity_sdk_2025.6.2/platform/service/memory_manager/src/sl_memory_manager_retarget.o
                0x00000000080067a0                __wrap__free_r
 .text.__wrap__realloc_r
                0x00000000080067a6        0x8 ./simplicity_sdk_2025.6.2/platform/service/memory_manager/src/sl_memory_manager_retarget.o
                0x00000000080067a6                __wrap__realloc_r
 .text.sli_memory_metadata_init
                0x00000000080067ae        0x8 ./simplicity_sdk_2025.6.2/platform/service/memory_manager/src/sli_memory_manager_common.o
                0x00000000080067ae                sli_memory_metadata_init
 .text.sli_memory_find_free_block
                0x00000000080067b6       0x96 ./simplicity_sdk_2025.6.2/platform/service/memory_manager/src/sli_memory_manager_common.o
                0x00000000080067b6                sli_memory_find_free_block
 .text.sli_update_free_list_heads
                0x000000000800684c       0x6c ./simplicity_sdk_2025.6.2/platform/service/memory_manager/src/sli_memory_manager_common.o
                0x000000000800684c                sli_update_free_list_heads
 .text.__wrap_main
                0x00000000080068b8        0xc ./simplicity_sdk_2025.6.2/platform/service/sl_main/src/rtos/main_retarget.o
                0x00000000080068b8                __wrap_main
 .text.app_init_pre_clock
                0x00000000080068c4        0x2 ./simplicity_sdk_2025.6.2/platform/service/sl_main/src/sl_main_init.o
                0x00000000080068c4                app_init_pre_clock
 .text.app_init_early
                0x00000000080068c6        0x2 ./simplicity_sdk_2025.6.2/platform/service/sl_main/src/sl_main_init.o
                0x00000000080068c6                app_init_early
 .text.app_process_action
                0x00000000080068c8        0x2 ./simplicity_sdk_2025.6.2/platform/service/sl_main/src/sl_main_init.o
                0x00000000080068c8                app_process_action
 .text.sl_main_second_stage_init
                0x00000000080068ca       0x1a ./simplicity_sdk_2025.6.2/platform/service/sl_main/src/sl_main_init.o
                0x00000000080068ca                sl_main_second_stage_init
 .text.sl_main_init
                0x00000000080068e4       0x36 ./simplicity_sdk_2025.6.2/platform/service/sl_main/src/sl_main_init.o
                0x00000000080068e4                sl_main_init
 .text.app_permanent_memory_alloc
                0x000000000800691a        0x2 ./simplicity_sdk_2025.6.2/platform/service/sl_main/src/sl_main_init_memory.o
                0x000000000800691a                app_permanent_memory_alloc
 .text.sli_allocate_permanent_memory
                0x000000000800691c       0x18 ./simplicity_sdk_2025.6.2/platform/service/sl_main/src/sl_main_init_memory.o
                0x000000000800691c                sli_allocate_permanent_memory
 .text.sl_main_kernel_start
                0x0000000008006934        0x4 ./simplicity_sdk_2025.6.2/platform/service/sl_main/src/sl_main_kernel.o
                0x0000000008006934                sl_main_kernel_start
 .text.sl_main_start_task_should_continue
                0x0000000008006938        0x4 ./simplicity_sdk_2025.6.2/platform/service/sl_main/src/sl_main_kernel.o
                0x0000000008006938                sl_main_start_task_should_continue
 .text.atoi     0x000000000800693c        0x8 /Applications/ArmGNUToolchain/12.2.rel1/arm-none-eabi/bin/../lib/gcc/arm-none-eabi/12.2.1/../../../../arm-none-eabi/lib/thumb/v8-m.main+fp/hard/libc_nano.a(libc_a-atoi.o)
                0x000000000800693c                atoi
 .text.strncmp  0x0000000008006944       0x24 /Applications/ArmGNUToolchain/12.2.rel1/arm-none-eabi/bin/../lib/gcc/arm-none-eabi/12.2.1/../../../../arm-none-eabi/lib/thumb/v8-m.main+fp/hard/libc_nano.a(libc_a-strncmp.o)
                0x0000000008006944                strncmp
 .text.memset   0x0000000008006968       0x10 /Applications/ArmGNUToolchain/12.2.rel1/arm-none-eabi/bin/../lib/gcc/arm-none-eabi/12.2.1/../../../../arm-none-eabi/lib/thumb/v8-m.main+fp/hard/libc_nano.a(libc_a-memset.o)
                0x0000000008006968                memset
 .text.memcpy   0x0000000008006978       0x1a /Applications/ArmGNUToolchain/12.2.rel1/arm-none-eabi/bin/../lib/gcc/arm-none-eabi/12.2.1/../../../../arm-none-eabi/lib/thumb/v8-m.main+fp/hard/libc_nano.a(libc_a-memcpy-stub.o)
                0x0000000008006978                memcpy
 .text          0x0000000008006992       0x10 /Applications/ArmGNUToolchain/12.2.rel1/arm-none-eabi/bin/../lib/gcc/arm-none-eabi/12.2.1/../../../../arm-none-eabi/lib/thumb/v8-m.main+fp/hard/libc_nano.a(libc_a-strlen.o)
                0x0000000008006992                strlen
 .text.strcpy   0x00000000080069a2       0x10 /Applications/ArmGNUToolchain/12.2.rel1/arm-none-eabi/bin/../lib/gcc/arm-none-eabi/12.2.1/../../../../arm-none-eabi/lib/thumb/v8-m.main+fp/hard/libc_nano.a(libc_a-strcpy.o)
                0x00000000080069a2                strcpy
 .text.__ssputs_r
                0x00000000080069b2       0xb6 /Applications/ArmGNUToolchain/12.2.rel1/arm-none-eabi/bin/../lib/gcc/arm-none-eabi/12.2.1/../../../../arm-none-eabi/lib/thumb/v8-m.main+fp/hard/libc_nano.a(libc_a-nano-svfprintf.o)
                0x00000000080069b2                __ssputs_r
 .text._printf_common
                0x0000000008006a68       0xe4 /Applications/ArmGNUToolchain/12.2.rel1/arm-none-eabi/bin/../lib/gcc/arm-none-eabi/12.2.1/../../../../arm-none-eabi/lib/thumb/v8-m.main+fp/hard/libc_nano.a(libc_a-nano-vfprintf_i.o)
                0x0000000008006a68                _printf_common
 .text.memmove  0x0000000008006b4c       0x34 /Applications/ArmGNUToolchain/12.2.rel1/arm-none-eabi/bin/../lib/gcc/arm-none-eabi/12.2.1/../../../../arm-none-eabi/lib/thumb/v8-m.main+fp/hard/libc_nano.a(libc_a-memmove.o)
                0x0000000008006b4c                memmove
 .text.memchr   0x0000000008006b80       0x1c /Applications/ArmGNUToolchain/12.2.rel1/arm-none-eabi/bin/../lib/gcc/arm-none-eabi/12.2.1/../../../../arm-none-eabi/lib/thumb/v8-m.main+fp/hard/libc_nano.a(libc_a-memchr-stub.o)
                0x0000000008006b80                memchr
 *(SORT_BY_ALIGNMENT(text_*))
 text_system_timecritical19225
                0x0000000008006b9c        0xc ./simplicity_sdk_2025.6.2/platform/Device/SiliconLabs/EFR32MG24/Source/system_efr32mg24.o
                0x0000000008006b9c                SystemHFRCODPLLClockGet
 text_system_timecritical20228
                0x0000000008006ba8       0x40 ./simplicity_sdk_2025.6.2/platform/Device/SiliconLabs/EFR32MG24/Source/system_efr32mg24.o
                0x0000000008006ba8                SystemSYSCLKGet
 text_system_timecritical16181
                0x0000000008006be8       0x24 ./simplicity_sdk_2025.6.2/platform/Device/SiliconLabs/EFR32MG24/Source/system_efr32mg24.o
                0x0000000008006be8                SystemHCLKGet
 text_system_timecritical21230
                0x0000000008006c0c        0x8 ./simplicity_sdk_2025.6.2/platform/Device/SiliconLabs/EFR32MG24/Source/system_efr32mg24.o
                0x0000000008006c0c                SystemMaxCoreClockGet
 text_system_timecritical22232
                0x0000000008006c14        0x8 ./simplicity_sdk_2025.6.2/platform/Device/SiliconLabs/EFR32MG24/Source/system_efr32mg24.o
                0x0000000008006c14                SystemFSRCOClockGet
 text_system_timecritical23234
                0x0000000008006c1c        0xc ./simplicity_sdk_2025.6.2/platform/Device/SiliconLabs/EFR32MG24/Source/system_efr32mg24.o
                0x0000000008006c1c                SystemHFXOClockGet
 text_system_timecritical24237
                0x0000000008006c28        0x8 ./simplicity_sdk_2025.6.2/platform/Device/SiliconLabs/EFR32MG24/Source/system_efr32mg24.o
                0x0000000008006c28                SystemCLKIN0Get
 text_system_timecritical25239
                0x0000000008006c30       0x90 ./simplicity_sdk_2025.6.2/platform/Device/SiliconLabs/EFR32MG24/Source/system_efr32mg24.o
                0x0000000008006c30                SystemHFRCOEM23ClockGet
 text_system_timecritical26241
                0x0000000008006cc0        0xc ./simplicity_sdk_2025.6.2/platform/Device/SiliconLabs/EFR32MG24/Source/system_efr32mg24.o
                0x0000000008006cc0                SystemLFXOClockGet
 text_gpio_timecritical39192
                0x0000000008006ccc       0x5c ./simplicity_sdk_2025.6.2/platform/driver/gpio/src/sl_gpio.o
                0x0000000008006ccc                sl_gpio_toggle_pin
 text_dmadrv_timecritical30168
                0x0000000008006d28       0x4c ./simplicity_sdk_2025.6.2/platform/emdrv/dmadrv/src/dmadrv.o
                0x0000000008006d28                DMADRV_TransferActive
 text_uartdrv_timecritical64160
                0x0000000008006d74       0x20 ./simplicity_sdk_2025.6.2/platform/emdrv/uartdrv/src/uartdrv.o
 text_hal_gpio_timecritical29429
                0x0000000008006d94       0x54 ./simplicity_sdk_2025.6.2/platform/peripheral/src/sl_hal_gpio.o
                0x0000000008006d94                sl_hal_gpio_set_pin
 text_hal_gpio_timecritical30666
                0x0000000008006de8       0x54 ./simplicity_sdk_2025.6.2/platform/peripheral/src/sl_hal_gpio.o
                0x0000000008006de8                sl_hal_gpio_toggle_pin
 text_hal_sysrtc_timecritical29261
                0x0000000008006e3c       0x14 ./simplicity_sdk_2025.6.2/platform/peripheral/src/sl_hal_sysrtc.o
                0x0000000008006e3c                sl_hal_sysrtc_wait_sync
 text_hal_sysrtc_timecritical31625
                0x0000000008006e50       0x24 ./simplicity_sdk_2025.6.2/platform/peripheral/src/sl_hal_sysrtc.o
                0x0000000008006e50                sl_hal_sysrtc_wait_sync_group
 text_hal_sysrtc_timecritical32658
                0x0000000008006e74       0x1c ./simplicity_sdk_2025.6.2/platform/peripheral/src/sl_hal_sysrtc.o
                0x0000000008006e74                sl_hal_sysrtc_enable_group_interrupts
 text_hal_sysrtc_timecritical33674
                0x0000000008006e90       0x1c ./simplicity_sdk_2025.6.2/platform/peripheral/src/sl_hal_sysrtc.o
                0x0000000008006e90                sl_hal_sysrtc_disable_group_interrupts
 text_hal_sysrtc_timecritical34690
                0x0000000008006eac       0x1c ./simplicity_sdk_2025.6.2/platform/peripheral/src/sl_hal_sysrtc.o
                0x0000000008006eac                sl_hal_sysrtc_clear_group_interrupts
 text_hal_sysrtc_timecritical35709
                0x0000000008006ec8       0x20 ./simplicity_sdk_2025.6.2/platform/peripheral/src/sl_hal_sysrtc.o
                0x0000000008006ec8                sl_hal_sysrtc_get_group_interrupts
 text_hal_sysrtc_timecritical36758
                0x0000000008006ee8       0x28 ./simplicity_sdk_2025.6.2/platform/peripheral/src/sl_hal_sysrtc.o
                0x0000000008006ee8                sl_hal_sysrtc_get_group_compare_channel_value
 text_hal_sysrtc_timecritical37775
                0x0000000008006f10       0x28 ./simplicity_sdk_2025.6.2/platform/peripheral/src/sl_hal_sysrtc.o
                0x0000000008006f10                sl_hal_sysrtc_set_group_compare_channel_value
 text_clock_manager_timecritical2674
                0x0000000008006f38       0x54 ./simplicity_sdk_2025.6.2/platform/service/clock_manager/src/sl_clock_manager_hal_s2.o
                0x0000000008006f38                sli_clock_manager_hal_enable_bus_clock
 text_sleeptimer_timecritical66121
                0x0000000008006f8c       0x40 ./simplicity_sdk_2025.6.2/platform/service/sleeptimer/src/sl_sleeptimer.o
 text_sleeptimer_timecritical67125
                0x0000000008006fcc       0x3c ./simplicity_sdk_2025.6.2/platform/service/sleeptimer/src/sl_sleeptimer.o
 text_sleeptimer_timecritical69131
                0x0000000008007008       0x34 ./simplicity_sdk_2025.6.2/platform/service/sleeptimer/src/sl_sleeptimer.o
 text_sleeptimer_timecritical68128
                0x000000000800703c       0x64 ./simplicity_sdk_2025.6.2/platform/service/sleeptimer/src/sl_sleeptimer.o
 text_sleeptimer_timecritical65151
                0x00000000080070a0      0x148 ./simplicity_sdk_2025.6.2/platform/service/sleeptimer/src/sl_sleeptimer.o
                0x00000000080070a0                process_timer_irq
 text_sleeptimer_timecritical6454
                0x00000000080071e8       0x10 ./simplicity_sdk_2025.6.2/platform/service/sleeptimer/src/sl_sleeptimer_hal_sysrtc.o
                0x00000000080071e8                sleeptimer_hal_get_counter
 text_sleeptimer_timecritical6885
                0x00000000080071f8       0x18 ./simplicity_sdk_2025.6.2/platform/service/sleeptimer/src/sl_sleeptimer_hal_sysrtc.o
                0x00000000080071f8                sleeptimer_hal_get_timer_frequency
 text_sleeptimer_timecritical6670
                0x0000000008007210       0x70 ./simplicity_sdk_2025.6.2/platform/service/sleeptimer/src/sl_sleeptimer_hal_sysrtc.o
                0x0000000008007210                sleeptimer_hal_set_compare
 text_sleeptimer_timecritical70101
                0x0000000008007280       0x24 ./simplicity_sdk_2025.6.2/platform/service/sleeptimer/src/sl_sleeptimer_hal_sysrtc.o
                0x0000000008007280                sleeptimer_hal_disable_int
 text_sleeptimer_timecritical71109
                0x00000000080072a4       0x10 ./simplicity_sdk_2025.6.2/platform/service/sleeptimer/src/sl_sleeptimer_hal_sysrtc.o
                0x00000000080072a4                sleeptimer_hal_set_int
 text_freertos_kernel_timecritical176205
                0x00000000080072b4       0x2c ./simplicity_sdk_2025.6.2/util/third_party/freertos/cmsis/Source/cmsis_os2.o
                0x00000000080072b4                osKernelInitialize
 text_freertos_kernel_timecritical179294
                0x00000000080072e0       0x38 ./simplicity_sdk_2025.6.2/util/third_party/freertos/cmsis/Source/cmsis_os2.o
                0x00000000080072e0                osKernelStart
 text_freertos_kernel_timecritical2513000
                0x0000000008007318       0x18 ./simplicity_sdk_2025.6.2/util/third_party/freertos/cmsis/Source/cmsis_os2.o
                0x0000000008007318                vApplicationGetIdleTaskMemory
 text_freertos_kernel_timecritical2523001
                0x0000000008007330       0x18 ./simplicity_sdk_2025.6.2/util/third_party/freertos/cmsis/Source/cmsis_os2.o
                0x0000000008007330                vApplicationGetTimerTaskMemory
 text_freertos_kernel_timecritical102687
                0x0000000008007348      0x13c ./simplicity_sdk_2025.6.2/util/third_party/freertos/kernel/queue.o
                0x0000000008007348                xQueueGenericSend
 text_freertos_kernel_timecritical105913
                0x0000000008007484      0x108 ./simplicity_sdk_2025.6.2/util/third_party/freertos/kernel/queue.o
                0x0000000008007484                xQueueReceive
 text_freertos_kernel_timecritical1091361
                0x000000000800758c       0xc0 ./simplicity_sdk_2025.6.2/util/third_party/freertos/kernel/queue.o
                0x000000000800758c                xQueueGenericSendFromISR
 text_freertos_kernel_timecritical1241563
                0x000000000800764c       0x50 ./simplicity_sdk_2025.6.2/util/third_party/freertos/kernel/queue.o
                0x000000000800764c                vQueueAddToRegistry
 text_freertos_kernel_timecritical1311783
                0x000000000800769c       0x88 ./simplicity_sdk_2025.6.2/util/third_party/freertos/kernel/queue.o
                0x000000000800769c                xQueueGenericReset
 text_freertos_kernel_timecritical1281616
                0x0000000008007724       0x8c ./simplicity_sdk_2025.6.2/util/third_party/freertos/kernel/queue.o
                0x0000000008007724                xQueueGenericCreateStatic
 text_freertos_kernel_timecritical128623
                0x00000000080077b0       0x9c ./simplicity_sdk_2025.6.2/util/third_party/freertos/kernel/tasks.o
 text_freertos_kernel_timecritical131682
                0x000000000800784c       0x24 ./simplicity_sdk_2025.6.2/util/third_party/freertos/kernel/tasks.o
 text_freertos_kernel_timecritical126607
                0x0000000008007870       0x38 ./simplicity_sdk_2025.6.2/util/third_party/freertos/kernel/tasks.o
 text_freertos_kernel_timecritical127616
                0x00000000080078a8       0x40 ./simplicity_sdk_2025.6.2/util/third_party/freertos/kernel/tasks.o
 text_freertos_kernel_timecritical133712
                0x00000000080078e8      0x100 ./simplicity_sdk_2025.6.2/util/third_party/freertos/kernel/tasks.o
 text_freertos_kernel_timecritical125593
                0x00000000080079e8       0x18 ./simplicity_sdk_2025.6.2/util/third_party/freertos/kernel/tasks.o
 text_freertos_kernel_timecritical132706
                0x0000000008007a00       0x90 ./simplicity_sdk_2025.6.2/util/third_party/freertos/kernel/tasks.o
 text_freertos_kernel_timecritical46507
                0x0000000008007a90       0xa4 ./simplicity_sdk_2025.6.2/util/third_party/freertos/kernel/tasks.o
                0x0000000008007a90                xTaskCreateStatic
 text_freertos_kernel_timecritical47794
                0x0000000008007b34       0xa8 ./simplicity_sdk_2025.6.2/util/third_party/freertos/kernel/tasks.o
                0x0000000008007b34                vTaskDelete
 text_freertos_kernel_timecritical551070
                0x0000000008007bdc       0x94 ./simplicity_sdk_2025.6.2/util/third_party/freertos/kernel/tasks.o
                0x0000000008007bdc                eTaskGetState
 text_freertos_kernel_timecritical611507
                0x0000000008007c70       0x9c ./simplicity_sdk_2025.6.2/util/third_party/freertos/kernel/tasks.o
                0x0000000008007c70                vTaskStartScheduler
 text_freertos_kernel_timecritical631618
                0x0000000008007d0c       0x10 ./simplicity_sdk_2025.6.2/util/third_party/freertos/kernel/tasks.o
                0x0000000008007d0c                vTaskSuspendAll
 text_freertos_kernel_timecritical651691
                0x0000000008007d1c        0xc ./simplicity_sdk_2025.6.2/util/third_party/freertos/kernel/tasks.o
                0x0000000008007d1c                xTaskGetTickCount
 text_freertos_kernel_timecritical671725