Archive member included to satisfy reference by file (symbol)

/Applications/ArmGNUToolchain/12.2.rel1/arm-none-eabi/bin/../lib/gcc/arm-none-eabi/12.2.1/thumb/v8-m.main+fp/hard/libgcc.a(_aeabi_ldivmod.o)
                              ./simplicity_sdk_2025.6.2/platform/emlib/src/em_eusart.o (__aeabi_ldivmod)
/Applications/ArmGNUToolchain/12.2.rel1/arm-none-eabi/bin/../lib/gcc/arm-none-eabi/12.2.1/thumb/v8-m.main+fp/hard/libgcc.a(_aeabi_uldivmod.o)
                              ./simplicity_sdk_2025.6.2/platform/emlib/src/em_eusart.o (__aeabi_uldivmod)
/Applications/ArmGNUToolchain/12.2.rel1/arm-none-eabi/bin/../lib/gcc/arm-none-eabi/12.2.1/thumb/v8-m.main+fp/hard/libgcc.a(_udivmoddi4.o)
                              /Applications/ArmGNUToolchain/12.2.rel1/arm-none-eabi/bin/../lib/gcc/arm-none-eabi/12.2.1/thumb/v8-m.main+fp/hard/libgcc.a(_aeabi_ldivmod.o) (__udivmoddi4)
/Applications/ArmGNUToolchain/12.2.rel1/arm-none-eabi/bin/../lib/gcc/arm-none-eabi/12.2.1/thumb/v8-m.main+fp/hard/libgcc.a(_dvmd_tls.o)
                              /Applications/ArmGNUToolchain/12.2.rel1/arm-none-eabi/bin/../lib/gcc/arm-none-eabi/12.2.1/thumb/v8-m.main+fp/hard/libgcc.a(_aeabi_ldivmod.o) (__aeabi_ldiv0)
/Applications/ArmGNUToolchain/12.2.rel1/arm-none-eabi/bin/../lib/gcc/arm-none-eabi/12.2.1/../../../../arm-none-eabi/lib/thumb/v8-m.main+fp/hard/libc_nano.a(libc_a-atoi.o)
                              ./uart_recieve.o (atoi)
/Applications/ArmGNUToolchain/12.2.rel1/arm-none-eabi/bin/../lib/gcc/arm-none-eabi/12.2.1/../../../../arm-none-eabi/lib/thumb/v8-m.main+fp/hard/libc_nano.a(libc_a-exit.o)
                              /Applications/ArmGNUToolchain/12.2.rel1/arm-none-eabi/bin/../lib/gcc/arm-none-eabi/12.2.1/../../../../arm-none-eabi/lib/thumb/v8-m.main+fp/hard/crt0.o (exit)
/Applications/ArmGNUToolchain/12.2.rel1/arm-none-eabi/bin/../lib/gcc/arm-none-eabi/12.2.1/../../../../arm-none-eabi/lib/thumb/v8-m.main+fp/hard/libc_nano.a(libc_a-findfp.o)
                              /Applications/ArmGNUToolchain/12.2.rel1/arm-none-eabi/bin/../lib/gcc/arm-none-eabi/12.2.1/../../../../arm-none-eabi/lib/thumb/v8-m.main+fp/hard/libc_nano.a(libc_a-exit.o) (__stdio_exit_handler)
/Applications/ArmGNUToolchain/12.2.rel1/arm-none-eabi/bin/../lib/gcc/arm-none-eabi/12.2.1/../../../../arm-none-eabi/lib/thumb/v8-m.main+fp/hard/libc_nano.a(libc_a-strtol.o)
                              /Applications/ArmGNUToolchain/12.2.rel1/arm-none-eabi/bin/../lib/gcc/arm-none-eabi/12.2.1/../../../../arm-none-eabi/lib/thumb/v8-m.main+fp/hard/libc_nano.a(libc_a-atoi.o) (_strtol_r)
/Applications/ArmGNUToolchain/12.2.rel1/arm-none-eabi/bin/../lib/gcc/arm-none-eabi/12.2.1/../../../../arm-none-eabi/lib/thumb/v8-m.main+fp/hard/libc_nano.a(libc_a-fwalk.o)
                              /Applications/ArmGNUToolchain/12.2.rel1/arm-none-eabi/bin/../lib/gcc/arm-none-eabi/12.2.1/../../../../arm-none-eabi/lib/thumb/v8-m.main+fp/hard/libc_nano.a(libc_a-findfp.o) (_fwalk_sglue)
/Applications/ArmGNUToolchain/12.2.rel1/arm-none-eabi/bin/../lib/gcc/arm-none-eabi/12.2.1/../../../../arm-none-eabi/lib/thumb/v8-m.main+fp/hard/libc_nano.a(libc_a-strncmp.o)
                              ./uart_recieve.o (strncmp)
/Applications/ArmGNUToolchain/12.2.rel1/arm-none-eabi/bin/../lib/gcc/arm-none-eabi/12.2.1/../../../../arm-none-eabi/lib/thumb/v8-m.main+fp/hard/libc_nano.a(libc_a-memset.o)
                              /Applications/ArmGNUToolchain/12.2.rel1/arm-none-eabi/bin/../lib/gcc/arm-none-eabi/12.2.1/../../../../arm-none-eabi/lib/thumb/v8-m.main+fp/hard/crt0.o (memset)
/Applications/ArmGNUToolchain/12.2.rel1/arm-none-eabi/bin/../lib/gcc/arm-none-eabi/12.2.1/../../../../arm-none-eabi/lib/thumb/v8-m.main+fp/hard/libc_nano.a(libc_a-impure.o)
                              /Applications/ArmGNUToolchain/12.2.rel1/arm-none-eabi/bin/../lib/gcc/arm-none-eabi/12.2.1/../../../../arm-none-eabi/lib/thumb/v8-m.main+fp/hard/libc_nano.a(libc_a-strtol.o) (_impure_ptr)
/Applications/ArmGNUToolchain/12.2.rel1/arm-none-eabi/bin/../lib/gcc/arm-none-eabi/12.2.1/../../../../arm-none-eabi/lib/thumb/v8-m.main+fp/hard/libc_nano.a(libc_a-errno.o)
                              /Applications/ArmGNUToolchain/12.2.rel1/arm-none-eabi/bin/../lib/gcc/arm-none-eabi/12.2.1/../../../../arm-none-eabi/lib/thumb/v8-m.main+fp/hard/libc_nano.a(libc_a-strtol.o) (__errno)
/Applications/ArmGNUToolchain/12.2.rel1/arm-none-eabi/bin/../lib/gcc/arm-none-eabi/12.2.1/../../../../arm-none-eabi/lib/thumb/v8-m.main+fp/hard/libc_nano.a(libc_a-init.o)
                              /Applications/ArmGNUToolchain/12.2.rel1/arm-none-eabi/bin/../lib/gcc/arm-none-eabi/12.2.1/../../../../arm-none-eabi/lib/thumb/v8-m.main+fp/hard/crt0.o (__libc_init_array)
/Applications/ArmGNUToolchain/12.2.rel1/arm-none-eabi/bin/../lib/gcc/arm-none-eabi/12.2.1/../../../../arm-none-eabi/lib/thumb/v8-m.main+fp/hard/libc_nano.a(libc_a-lock.o)
[...]
Memory Configuration

Name             Origin             Length             Attributes
FLASH            0x0000000008000000 0x000000000017e000 xr
RAM              0x0000000020000000 0x0000000000040000 xrw
*default*        0x0000000000000000 0xffffffffffffffff

Linker script and memory map

LOAD /Applications/ArmGNUToolchain/12.2.rel1/arm-none-eabi/bin/../lib/gcc/arm-none-eabi/12.2.1/thumb/v8-m.main+fp/hard/crti.o
LOAD /Applications/ArmGNUToolchain/12.2.rel1/arm-none-eabi/bin/../lib/gcc/arm-none-eabi/12.2.1/thumb/v8-m.main+fp/hard/crtbegin.o
LOAD /Applications/ArmGNUToolchain/12.2.rel1/arm-none-eabi/bin/../lib/gcc/arm-none-eabi/12.2.1/../../../../arm-none-eabi/lib/thumb/v8-m.main+fp/hard/crt0.o
START GROUP
LOAD ./app.o
LOAD ./lux_sensor.o
LOAD ./main.o
LOAD ./temp_humid.o
LOAD ./uart_recieve.o
LOAD ./uart_send.o
LOAD ./autogen/sl_board_default_init.o
LOAD ./autogen/sl_event_handler.o
LOAD ./autogen/sl_i2cspm_init.o
LOAD ./autogen/sl_simple_button_instances.o
LOAD ./autogen/sl_simple_led_instances.o
LOAD ./autogen/sl_uartdrv_init.o
LOAD ./simplicity_sdk_2025.6.2/hardware/board/src/sl_board_control_gpio.o
LOAD ./simplicity_sdk_2025.6.2/hardware/board/src/sl_board_init.o
LOAD ./simplicity_sdk_2025.6.2/platform/CMSIS/RTOS2/Source/os_systick.o
LOAD ./simplicity_sdk_2025.6.2/platform/Device/SiliconLabs/EFR32MG24/Source/startup_efr32mg24.o
LOAD ./simplicity_sdk_2025.6.2/platform/Device/SiliconLabs/EFR32MG24/Source/system_efr32mg24.o
LOAD ./simplicity_sdk_2025.6.2/platform/common/src/sl_assert.o
LOAD ./simplicity_sdk_2025.6.2/platform/common/src/sl_cmsis_os2_common.o
LOAD ./simplicity_sdk_2025.6.2/platform/common/src/sl_core_cortexm.o
LOAD ./simplicity_sdk_2025.6.2/platform/common/src/sl_syscalls.o
LOAD ./simplicity_sdk_2025.6.2/platform/driver/button/src/sl_button.o
LOAD ./simplicity_sdk_2025.6.2/platform/driver/button/src/sl_simple_button.o
LOAD ./simplicity_sdk_2025.6.2/platform/driver/gpio/src/sl_gpio.o
LOAD ./simplicity_sdk_2025.6.2/platform/driver/i2cspm/src/sl_i2cspm.o
LOAD ./simplicity_sdk_2025.6.2/platform/driver/leddrv/src/sl_led.o
LOAD ./simplicity_sdk_2025.6.2/platform/driver/leddrv/src/sl_simple_led.o
LOAD ./simplicity_sdk_2025.6.2/platform/emdrv/dmadrv/src/dmadrv.o
LOAD ./simplicity_sdk_2025.6.2/platform/emdrv/uartdrv/src/uartdrv.o
LOAD ./simplicity_sdk_2025.6.2/platform/emlib/src/em_burtc.o
LOAD ./simplicity_sdk_2025.6.2/platform/emlib/src/em_cmu.o
LOAD ./simplicity_sdk_2025.6.2/platform/emlib/src/em_emu.o
LOAD ./simplicity_sdk_2025.6.2/platform/emlib/src/em_eusart.o
LOAD ./simplicity_sdk_2025.6.2/platform/emlib/src/em_gpio.o
LOAD ./simplicity_sdk_2025.6.2/platform/emlib/src/em_i2c.o
LOAD ./simplicity_sdk_2025.6.2/platform/emlib/src/em_ldma.o
LOAD ./simplicity_sdk_2025.6.2/platform/emlib/src/em_msc.o
LOAD ./simplicity_sdk_2025.6.2/platform/emlib/src/em_prs.o
LOAD ./simplicity_sdk_2025.6.2/platform/emlib/src/em_system.o
LOAD ./simplicity_sdk_2025.6.2/platform/emlib/src/em_timer.o
LOAD ./simplicity_sdk_2025.6.2/platform/emlib/src/em_usart.o
LOAD ./simplicity_sdk_2025.6.2/platform/peripheral/src/sl_hal_gpio.o
LOAD ./simplicity_sdk_2025.6.2/platform/peripheral/src/sl_hal_sysrtc.o
LOAD ./simplicity_sdk_2025.6.2/platform/service/clock_manager/src/sl_clock_manager.o
LOAD ./simplicity_sdk_2025.6.2/platform/service/clock_manager/src/sl_clock_manager_hal_s2.o
LOAD ./simplicity_sdk_2025.6.2/platform/service/clock_manager/src/sl_clock_manager_init.o
LOAD ./simplicity_sdk_2025.6.2/platform/service/clock_manager/src/sl_clock_manager_init_hal_s2.o
LOAD ./simplicity_sdk_2025.6.2/platform/service/device_init/src/sl_device_init_dcdc_s2.o
LOAD ./simplicity_sdk_2025.6.2/platform/service/device_init/src/sl_device_init_emu_s2.o
LOAD ./simplicity_sdk_2025.6.2/platform/service/device_manager/clocks/sl_device_clock_efr32xg24.o
LOAD ./simplicity_sdk_2025.6.2/platform/service/device_manager/devices/sl_device_peripheral_hal_efr32xg24.o
LOAD ./simplicity_sdk_2025.6.2/platform/service/device_manager/src/sl_device_clock.o
LOAD ./simplicity_sdk_2025.6.2/platform/service/device_manager/src/sl_device_gpio.o
LOAD ./simplicity_sdk_2025.6.2/platform/service/device_manager/src/sl_device_peripheral.o
LOAD ./simplicity_sdk_2025.6.2/platform/service/interrupt_manager/src/sl_interrupt_manager_cortexm.o
LOAD ./simplicity_sdk_2025.6.2/platform/service/memory_manager/src/sl_memory_manager.o
LOAD ./simplicity_sdk_2025.6.2/platform/service/memory_manager/src/sl_memory_manager_dynamic_reservation.o
LOAD ./simplicity_sdk_2025.6.2/platform/service/memory_manager/src/sl_memory_manager_pool.o
LOAD ./simplicity_sdk_2025.6.2/platform/service/memory_manager/src/sl_memory_manager_pool_common.o
LOAD ./simplicity_sdk_2025.6.2/platform/service/memory_manager/src/sl_memory_manager_region.o
LOAD ./simplicity_sdk_2025.6.2/platform/service/memory_manager/src/sl_memory_manager_retarget.o
LOAD ./simplicity_sdk_2025.6.2/platform/service/memory_manager/src/sli_memory_manager_common.o
LOAD ./simplicity_sdk_2025.6.2/platform/service/sl_main/src/rtos/main_retarget.o
LOAD ./simplicity_sdk_2025.6.2/platform/service/sl_main/src/sl_main_init.o
LOAD ./simplicity_sdk_2025.6.2/platform/service/sl_main/src/sl_main_init_memory.o
LOAD ./simplicity_sdk_2025.6.2/platform/service/sl_main/src/sl_main_kernel.o
LOAD ./simplicity_sdk_2025.6.2/platform/service/sleeptimer/src/sl_sleeptimer.o
LOAD ./simplicity_sdk_2025.6.2/platform/service/sleeptimer/src/sl_sleeptimer_hal_burtc.o
LOAD ./simplicity_sdk_2025.6.2/platform/service/sleeptimer/src/sl_sleeptimer_hal_sysrtc.o
LOAD ./simplicity_sdk_2025.6.2/platform/service/sleeptimer/src/sl_sleeptimer_hal_timer.o
LOAD ./simplicity_sdk_2025.6.2/platform/service/udelay/src/sl_udelay.o
LOAD ./simplicity_sdk_2025.6.2/platform/service/udelay/src/sl_udelay_armv6m_gcc.o
LOAD ./simplicity_sdk_2025.6.2/util/third_party/freertos/cmsis/Source/cmsis_os2.o
LOAD ./simplicity_sdk_2025.6.2/util/third_party/freertos/kernel/croutine.o
LOAD ./simplicity_sdk_2025.6.2/util/third_party/freertos/kernel/event_groups.o
LOAD ./simplicity_sdk_2025.6.2/util/third_party/freertos/kernel/list.o
LOAD ./simplicity_sdk_2025.6.2/util/third_party/freertos/kernel/queue.o
LOAD ./simplicity_sdk_2025.6.2/util/third_party/freertos/kernel/stream_buffer.o
LOAD ./simplicity_sdk_2025.6.2/util/third_party/freertos/kernel/tasks.o
LOAD ./simplicity_sdk_2025.6.2/util/third_party/freertos/kernel/timers.o
LOAD ./simplicity_sdk_2025.6.2/util/third_party/freertos/kernel/portable/GCC/ARM_CM33_NTZ/non_secure/mpu_wrappers_v2_asm.o
LOAD ./simplicity_sdk_2025.6.2/util/third_party/freertos/kernel/portable/GCC/ARM_CM33_NTZ/non_secure/port.o
LOAD ./simplicity_sdk_2025.6.2/util/third_party/freertos/kernel/portable/GCC/ARM_CM33_NTZ/non_secure/portasm.o
LOAD ./simplicity_sdk_2025.6.2/util/third_party/freertos/kernel/portable/MemMang/heap_3.o
LOAD /Applications/ArmGNUToolchain/12.2.rel1/arm-none-eabi/bin/../lib/gcc/arm-none-eabi/12.2.1/thumb/v8-m.main+fp/hard/libgcc.a
LOAD /Applications/ArmGNUToolchain/12.2.rel1/arm-none-eabi/bin/../lib/gcc/arm-none-eabi/12.2.1/../../../../arm-none-eabi/lib/thumb/v8-m.main+fp/hard/libc_nano.a
LOAD /Applications/ArmGNUToolchain/12.2.rel1/arm-none-eabi/bin/../lib/gcc/arm-none-eabi/12.2.1/../../../../arm-none-eabi/lib/thumb/v8-m.main+fp/hard/libm.a
LOAD /Applications/ArmGNUToolchain/12.2.rel1/arm-none-eabi/bin/../lib/gcc/arm-none-eabi/12.2.1/../../../../arm-none-eabi/lib/thumb/v8-m.main+fp/hard/libnosys.a
END GROUP
START GROUP
LOAD /Applications/ArmGNUToolchain/12.2.rel1/arm-none-eabi/bin/../lib/gcc/arm-none-eabi/12.2.1/thumb/v8-m.main+fp/hard/libgcc.a
LOAD /Applications/ArmGNUToolchain/12.2.rel1/arm-none-eabi/bin/../lib/gcc/arm-none-eabi/12.2.1/../../../../arm-none-eabi/lib/thumb/v8-m.main+fp/hard/libc_nano.a
LOAD /Applications/ArmGNUToolchain/12.2.rel1/arm-none-eabi/bin/../lib/gcc/arm-none-eabi/12.2.1/../../../../arm-none-eabi/lib/thumb/v8-m.main+fp/hard/libnosys.a
END GROUP
START GROUP
LOAD /Applications/ArmGNUToolchain/12.2.rel1/arm-none-eabi/bin/../lib/gcc/arm-none-eabi/12.2.1/thumb/v8-m.main+fp/hard/libgcc.a
LOAD /Applications/ArmGNUToolchain/12.2.rel1/arm-none-eabi/bin/../lib/gcc/arm-none-eabi/12.2.1/../../../../arm-none-eabi/lib/thumb/v8-m.main+fp/hard/libg_nano.a
LOAD /Applications/ArmGNUToolchain/12.2.rel1/arm-none-eabi/bin/../lib/gcc/arm-none-eabi/12.2.1/../../../../arm-none-eabi/lib/thumb/v8-m.main+fp/hard/libc_nano.a
END GROUP
START GROUP
LOAD /Applications/ArmGNUToolchain/12.2.rel1/arm-none-eabi/bin/../lib/gcc/arm-none-eabi/12.2.1/thumb/v8-m.main+fp/hard/libgcc.a
LOAD /Applications/ArmGNUToolchain/12.2.rel1/arm-none-eabi/bin/../lib/gcc/arm-none-eabi/12.2.1/../../../../arm-none-eabi/lib/thumb/v8-m.main+fp/hard/libc_nano.a
END GROUP
LOAD /Applications/ArmGNUToolchain/12.2.rel1/arm-none-eabi/bin/../lib/gcc/arm-none-eabi/12.2.1/thumb/v8-m.main+fp/hard/crtend.o
LOAD /Applications/ArmGNUToolchain/12.2.rel1/arm-none-eabi/bin/../lib/gcc/arm-none-eabi/12.2.1/thumb/v8-m.main+fp/hard/crtn.o

.vectors        0x0000000008000000      0x170
                0x0000000008000000                linker_vectors_begin = .
 *(.vectors)
 .vectors       0x0000000008000000      0x170 ./simplicity_sdk_2025.6.2/platform/Device/SiliconLabs/EFR32MG24/Source/startup_efr32mg24.o
                0x0000000008000000                __Vectors
                0x0000000008000170                linker_vectors_end = .
                0x0000000008000170                __Vectors_End = .
                0x0000000008000170                __Vectors_Size = (__Vectors_End - __Vectors)

.stack          0x0000000020000000      0x400
                0x0000000020000000                . = ALIGN (0x8)
                0x0000000020000000                __StackLimit = .
 *(.stack*)
 .stack         0x0000000020000000      0x400 ./simplicity_sdk_2025.6.2/platform/service/memory_manager/src/sl_memory_manager_region.o
                0x0000000020000400                . = ALIGN (0x4)
                0x0000000020000400                __StackTop = .
                0x0000000020000400                PROVIDE (__stack = __StackTop)

.bss            0x0000000020000400     0x150c
                0x0000000020000400                . = ALIGN (0x4)
                0x0000000020000400                __bss_start__ = .
 *(SORT_BY_ALIGNMENT(.bss*))
 .bss.object.0  0x0000000020000400       0x18 /Applications/ArmGNUToolchain/12.2.rel1/arm-none-eabi/bin/../lib/gcc/arm-none-eabi/12.2.1/thumb/v8-m.main+fp/hard/crtbegin.o
 .bss.xTaskBuffer.0
                0x0000000020000418       0x58 ./uart_recieve.o
 .bss.xStack.1  0x0000000020000470      0x280 ./uart_recieve.o
 .bss.light_queue
                0x00000000200006f0       0x50 ./uart_recieve.o
                0x00000000200006f0                light_queue
 .bss.temp_queue
                0x0000000020000740       0x50 ./uart_recieve.o
                0x0000000020000740                temp_queue
 .bss.light_queue_handle
                0x0000000020000790        0x4 ./uart_recieve.o
                0x0000000020000790                light_queue_handle
 .bss.temp_queue_handle
                0x0000000020000794        0x4 ./uart_recieve.o
                0x0000000020000794                temp_queue_handle
 .bss.uart_handle
                0x0000000020000798        0x4 ./uart_recieve.o
 .bss.sli_uartdrv_default_handle
                0x000000002000079c        0x4 ./autogen/sl_uartdrv_init.o
 .bss.sl_uartdrv_eusart_vcom_handle_data
                0x00000000200007a0       0x64 ./autogen/sl_uartdrv_init.o
                0x00000000200007a0                sl_uartdrv_eusart_vcom_handle_data
 .bss.gpio_interrupts
                0x0000000020000804      0x168 ./simplicity_sdk_2025.6.2/platform/driver/gpio/src/sl_gpio.o
 .bss.dmaXfer   0x000000002000096c      0x100 ./simplicity_sdk_2025.6.2/platform/emdrv/dmadrv/src/dmadrv.o
 .bss.chTable   0x0000000020000a6c       0x80 ./simplicity_sdk_2025.6.2/platform/emdrv/dmadrv/src/dmadrv.o
 .bss.uartdrvHandle
                0x0000000020000aec       0x10 ./simplicity_sdk_2025.6.2/platform/emdrv/uartdrv/src/uartdrv.o
 .bss.sli_general_purpose_heap
                0x0000000020000afc       0x28 ./simplicity_sdk_2025.6.2/platform/service/memory_manager/src/sl_memory_manager.o
                0x0000000020000afc                sli_general_purpose_heap
 .bss.start_task_id
                0x0000000020000b24        0x4 ./simplicity_sdk_2025.6.2/platform/service/sl_main/src/sl_main_kernel.o
                0x0000000020000b24                start_task_id
 .bss.max_millisecond_conversion
                0x0000000020000b28        0x4 ./simplicity_sdk_2025.6.2/platform/service/sleeptimer/src/sl_sleeptimer.o
 .bss.last_delta_update_count
                0x0000000020000b2c        0x4 ./simplicity_sdk_2025.6.2/platform/service/sleeptimer/src/sl_sleeptimer.o
 .bss.timer_head
                0x0000000020000b30        0x4 ./simplicity_sdk_2025.6.2/platform/service/sleeptimer/src/sl_sleeptimer.o
 .bss.timer_frequency
                0x0000000020000b34        0x4 ./simplicity_sdk_2025.6.2/platform/service/sleeptimer/src/sl_sleeptimer.o
 .bss.overflow_counter
                0x0000000020000b38        0x4 ./simplicity_sdk_2025.6.2/platform/service/sleeptimer/src/sl_sleeptimer.o
 .bss.Timer_Stack.0
                0x0000000020000b3c      0x280 ./simplicity_sdk_2025.6.2/util/third_party/freertos/cmsis/Source/cmsis_os2.o
 .bss.Timer_TCB.1
                0x0000000020000dbc       0x58 ./simplicity_sdk_2025.6.2/util/third_party/freertos/cmsis/Source/cmsis_os2.o
 .bss.Idle_Stack.2
                0x0000000020000e14      0x280 ./simplicity_sdk_2025.6.2/util/third_party/freertos/cmsis/Source/cmsis_os2.o
 .bss.Idle_TCB.3
                0x0000000020001094       0x58 ./simplicity_sdk_2025.6.2/util/third_party/freertos/cmsis/Source/cmsis_os2.o
 .bss.KernelState
                0x00000000200010ec        0x4 ./simplicity_sdk_2025.6.2/util/third_party/freertos/cmsis/Source/cmsis_os2.o
 .bss.xQueueRegistry
                0x00000000200010f0       0x50 ./simplicity_sdk_2025.6.2/util/third_party/freertos/kernel/queue.o
                0x00000000200010f0                xQueueRegistry
 .bss.uxSchedulerSuspended
                0x0000000020001140        0x4 ./simplicity_sdk_2025.6.2/util/third_party/freertos/kernel/tasks.o
 .bss.xIdleTaskHandles
                0x0000000020001144        0x4 ./simplicity_sdk_2025.6.2/util/third_party/freertos/kernel/tasks.o
 .bss.xNextTaskUnblockTime
                0x0000000020001148        0x4 ./simplicity_sdk_2025.6.2/util/third_party/freertos/kernel/tasks.o
 .bss.uxTaskNumber
                0x000000002000114c        0x4 ./simplicity_sdk_2025.6.2/util/third_party/freertos/kernel/tasks.o
 .bss.xNumOfOverflows
                0x0000000020001150        0x4 ./simplicity_sdk_2025.6.2/util/third_party/freertos/kernel/tasks.o
 .bss.xYieldPendings
                0x0000000020001154        0x4 ./simplicity_sdk_2025.6.2/util/third_party/freertos/kernel/tasks.o
 .bss.xPendedTicks
                0x0000000020001158        0x4 ./simplicity_sdk_2025.6.2/util/third_party/freertos/kernel/tasks.o
 .bss.xSchedulerRunning
                0x000000002000115c        0x4 ./simplicity_sdk_2025.6.2/util/third_party/freertos/kernel/tasks.o
 .bss.uxTopReadyPriority
                0x0000000020001160        0x4 ./simplicity_sdk_2025.6.2/util/third_party/freertos/kernel/tasks.o
 .bss.xTickCount
                0x0000000020001164        0x4 ./simplicity_sdk_2025.6.2/util/third_party/freertos/kernel/tasks.o
 .bss.uxCurrentNumberOfTasks
                0x0000000020001168        0x4 ./simplicity_sdk_2025.6.2/util/third_party/freertos/kernel/tasks.o
 .bss.xSuspendedTaskList
                0x000000002000116c       0x14 ./simplicity_sdk_2025.6.2/util/third_party/freertos/kernel/tasks.o
 .bss.uxDeletedTasksWaitingCleanUp
                0x0000000020001180        0x4 ./simplicity_sdk_2025.6.2/util/third_party/freertos/kernel/tasks.o
 .bss.xTasksWaitingTermination
                0x0000000020001184       0x14 ./simplicity_sdk_2025.6.2/util/third_party/freertos/kernel/tasks.o
 .bss.xPendingReadyList
                0x0000000020001198       0x14 ./simplicity_sdk_2025.6.2/util/third_party/freertos/kernel/tasks.o
 .bss.pxOverflowDelayedTaskList
                0x00000000200011ac        0x4 ./simplicity_sdk_2025.6.2/util/third_party/freertos/kernel/tasks.o
 .bss.pxDelayedTaskList
                0x00000000200011b0        0x4 ./simplicity_sdk_2025.6.2/util/third_party/freertos/kernel/tasks.o
 .bss.xDelayedTaskList2
                0x00000000200011b4       0x14 ./simplicity_sdk_2025.6.2/util/third_party/freertos/kernel/tasks.o
 .bss.xDelayedTaskList1
                0x00000000200011c8       0x14 ./simplicity_sdk_2025.6.2/util/third_party/freertos/kernel/tasks.o
 .bss.pxReadyTasksLists
                0x00000000200011dc      0x460 ./simplicity_sdk_2025.6.2/util/third_party/freertos/kernel/tasks.o
 .bss.pxCurrentTCB
                0x000000002000163c        0x4 ./simplicity_sdk_2025.6.2/util/third_party/freertos/kernel/tasks.o
                0x000000002000163c                pxCurrentTCB
 .bss.xLastTime.0
                0x0000000020001640        0x4 ./simplicity_sdk_2025.6.2/util/third_party/freertos/kernel/timers.o
 .bss.xStaticTimerQueue.1
                0x0000000020001644       0x50 ./simplicity_sdk_2025.6.2/util/third_party/freertos/kernel/timers.o
 .bss.xTimerTaskHandle
                0x0000000020001694        0x4 ./simplicity_sdk_2025.6.2/util/third_party/freertos/kernel/timers.o
 .bss.xTimerQueue
                0x0000000020001698        0x4 ./simplicity_sdk_2025.6.2/util/third_party/freertos/kernel/timers.o
 .bss.pxOverflowTimerList
                0x000000002000169c        0x4 ./simplicity_sdk_2025.6.2/util/third_party/freertos/kernel/timers.o
 .bss.pxCurrentTimerList
                0x00000000200016a0        0x4 ./simplicity_sdk_2025.6.2/util/third_party/freertos/kernel/timers.o
 .bss.xActiveTimerList2
                0x00000000200016a4       0x14 ./simplicity_sdk_2025.6.2/util/third_party/freertos/kernel/timers.o
 .bss.xActiveTimerList1
                0x00000000200016b8       0x14 ./simplicity_sdk_2025.6.2/util/third_party/freertos/kernel/timers.o
 .bss.ulMaxPRIGROUPValue
                0x00000000200016cc        0x4 ./simplicity_sdk_2025.6.2/util/third_party/freertos/kernel/portable/GCC/ARM_CM33_NTZ/non_secure/port.o
 .bss.__sf      0x00000000200016d0      0x138 /Applications/ArmGNUToolchain/12.2.rel1/arm-none-eabi/bin/../lib/gcc/arm-none-eabi/12.2.1/../../../../arm-none-eabi/lib/thumb/v8-m.main+fp/hard/libc_nano.a(libc_a-findfp.o)
                0x00000000200016d0                __sf
 .bss.__stdio_exit_handler
                0x0000000020001808        0x4 /Applications/ArmGNUToolchain/12.2.rel1/arm-none-eabi/bin/../lib/gcc/arm-none-eabi/12.2.1/../../../../arm-none-eabi/lib/thumb/v8-m.main+fp/hard/libc_nano.a(libc_a-findfp.o)
                0x0000000020001808                __stdio_exit_handler
 .bss.completed.1
                0x000000002000180c        0x1 /Applications/ArmGNUToolchain/12.2.rel1/arm-none-eabi/bin/../lib/gcc/arm-none-eabi/12.2.1/thumb/v8-m.main+fp/hard/crtbegin.o
 .bss.light_queue_buffer
                0x000000002000180d       0x28 ./uart_recieve.o
                0x000000002000180d                light_queue_buffer
 .bss.temp_queue_buffer
                0x0000000020001835       0x28 ./uart_recieve.o
                0x0000000020001835                temp_queue_buffer
 .bss.initialized
                0x000000002000185d        0x1 ./simplicity_sdk_2025.6.2/platform/emdrv/dmadrv/src/dmadrv.o
 .bss.uartdrvHandleIsInitialized
                0x000000002000185e        0x1 ./simplicity_sdk_2025.6.2/platform/emdrv/uartdrv/src/uartdrv.o
 .bss.pclkDiv   0x000000002000185f        0x1 ./simplicity_sdk_2025.6.2/platform/emlib/src/em_cmu.o
 .bss.vScaleEM01Config
                0x0000000020001860        0x1 ./simplicity_sdk_2025.6.2/platform/emlib/src/em_emu.o
 .bss.dali_rx_nb_packets
                0x0000000020001861        0x2 ./simplicity_sdk_2025.6.2/platform/emlib/src/em_eusart.o
 .bss.dali_tx_nb_packets
                0x0000000020001863        0x2 ./simplicity_sdk_2025.6.2/platform/emlib/src/em_eusart.o
 .bss.is_interrupt_manager_initialized
                0x0000000020001865        0x1 ./simplicity_sdk_2025.6.2/platform/service/interrupt_manager/src/sl_interrupt_manager_cortexm.o
 .bss.sleep_on_isr_exit
                0x0000000020001866        0x1 ./simplicity_sdk_2025.6.2/platform/service/sleeptimer/src/sl_sleeptimer.o
 .bss.next_timer_to_expire_is_power_manager
                0x0000000020001867        0x1 ./simplicity_sdk_2025.6.2/platform/service/sleeptimer/src/sl_sleeptimer.o
 .bss.is_sleeptimer_initialized
                0x0000000020001868        0x1 ./simplicity_sdk_2025.6.2/platform/service/sleeptimer/src/sl_sleeptimer.o
 .bss.ucStaticTimerQueueStorage.2
                0x0000000020001869       0xa0 ./simplicity_sdk_2025.6.2/util/third_party/freertos/kernel/timers.o
 .bss.ucMaxSysCallPriority
                0x0000000020001909        0x1 ./simplicity_sdk_2025.6.2/util/third_party/freertos/kernel/portable/GCC/ARM_CM33_NTZ/non_secure/port.o
 *(COMMON)
                0x000000002000190c                . = ALIGN (0x4)
 *fill*         0x000000002000190a        0x2 
                0x000000002000190c                __bss_end__ = .

.noinit
 *(.noinit*)

text_application_ram
                0x000000002000190c        0x0 load address 0x0000000008000170
                0x000000002000190c                . = ALIGN (0x4)
                0x000000002000190c                __vma_ramfuncs_start__ = .
                0x000000002000190c                __text_application_ram_start__ = .
 *(text_application_ram)
                0x000000002000190c                . = ALIGN (0x4)
                0x000000002000190c                __vma_ramfuncs_end__ = .
                0x000000002000190c                __text_application_ram_end__ = .
                0x0000000008000170                __lma_ramfuncs_start__ = LOADADDR (text_application_ram)
                0x0000000008000170                __lma_ramfuncs_end__ = (LOADADDR (text_application_ram) + SIZEOF (text_application_ram))

.rodata         0x0000000008000170        0x0
                0x0000000008000170                __rodata_end__ = .

.text           0x0000000008000170     0x83cc
                0x0000000008000170                linker_code_begin = .
 *(SORT_BY_ALIGNMENT(.text*))
 .text          0x0000000008000170        0x8 ./simplicity_sdk_2025.6.2/platform/service/udelay/src/sl_udelay_armv6m_gcc.o
                0x0000000008000170                sli_delay_loop
 .text.deregister_tm_clones
                0x0000000008000178       0x1c /Applications/ArmGNUToolchain/12.2.rel1/arm-none-eabi/bin/../lib/gcc/arm-none-eabi/12.2.1/thumb/v8-m.main+fp/hard/crtbegin.o
 .text.register_tm_clones
                0x0000000008000194       0x28 /Applications/ArmGNUToolchain/12.2.rel1/arm-none-eabi/bin/../lib/gcc/arm-none-eabi/12.2.1/thumb/v8-m.main+fp/hard/crtbegin.o
 .text.__do_global_dtors_aux
                0x00000000080001bc       0x28 /Applications/ArmGNUToolchain/12.2.rel1/arm-none-eabi/bin/../lib/gcc/arm-none-eabi/12.2.1/thumb/v8-m.main+fp/hard/crtbegin.o
 .text.frame_dummy
                0x00000000080001e4       0x24 /Applications/ArmGNUToolchain/12.2.rel1/arm-none-eabi/bin/../lib/gcc/arm-none-eabi/12.2.1/thumb/v8-m.main+fp/hard/crtbegin.o
 .text          0x0000000008000208       0x7c /Applications/ArmGNUToolchain/12.2.rel1/arm-none-eabi/bin/../lib/gcc/arm-none-eabi/12.2.1/../../../../arm-none-eabi/lib/thumb/v8-m.main+fp/hard/crt0.o
                0x0000000008000208                _stack_init
                0x0000000008000210                _mainCRTStartup
                0x0000000008000210                _start
 .text.uart_recieve_task
                0x0000000008000284      0x1a4 ./uart_recieve.o
 .text.uart_recieve_init
                0x0000000008000428       0x80 ./uart_recieve.o
                0x0000000008000428                uart_recieve_init
 .text.sl_i2cspm_init_instances
                0x00000000080004a8       0x1c ./autogen/sl_i2cspm_init.o
                0x00000000080004a8                sl_i2cspm_init_instances
 .text.sl_simple_button_init_instances
                0x00000000080004c4       0x1c ./autogen/sl_simple_button_instances.o
                0x00000000080004c4                sl_simple_button_init_instances
 .text.sl_simple_led_init_instances
                0x00000000080004e0        0xc ./autogen/sl_simple_led_instances.o
                0x00000000080004e0                sl_simple_led_init_instances
 .text.sl_uartdrv_set_default
                0x00000000080004ec       0x14 ./autogen/sl_uartdrv_init.o
                0x00000000080004ec                sl_uartdrv_set_default
 .text.sl_uartdrv_init_instances
                0x0000000008000500       0x20 ./autogen/sl_uartdrv_init.o
                0x0000000008000500                sl_uartdrv_init_instances
 .text.sl_uartdrv_get_default
                0x0000000008000520        0xc ./autogen/sl_uartdrv_init.o
                0x0000000008000520                sl_uartdrv_get_default
 .text.sl_board_init
                0x000000000800052c       0x14 ./simplicity_sdk_2025.6.2/hardware/board/src/sl_board_init.o
                0x000000000800052c                sl_board_init
 .text.sl_board_preinit
                0x0000000008000540        0xc ./simplicity_sdk_2025.6.2/hardware/board/src/sl_board_init.o
                0x0000000008000540                sl_board_preinit
 .text.CopyToRam
                0x000000000800054c       0x1c ./simplicity_sdk_2025.6.2/platform/Device/SiliconLabs/EFR32MG24/Source/startup_efr32mg24.o
                0x000000000800054c                CopyToRam
 .text.Reset_Handler
                0x0000000008000568       0x6c ./simplicity_sdk_2025.6.2/platform/Device/SiliconLabs/EFR32MG24/Source/startup_efr32mg24.o
                0x0000000008000568                Reset_Handler
 .text.SystemInit
                0x00000000080005d4       0x64 ./simplicity_sdk_2025.6.2/platform/Device/SiliconLabs/EFR32MG24/Source/system_efr32mg24.o
                0x00000000080005d4                SystemInit
 .text.SystemHFRCODPLLClockSet
                0x0000000008000638        0xc ./simplicity_sdk_2025.6.2/platform/Device/SiliconLabs/EFR32MG24/Source/system_efr32mg24.o
                0x0000000008000638                SystemHFRCODPLLClockSet
 .text.SystemHFXOClockSet
                0x0000000008000644       0x20 ./simplicity_sdk_2025.6.2/platform/Device/SiliconLabs/EFR32MG24/Source/system_efr32mg24.o
                0x0000000008000644                SystemHFXOClockSet
 .text.sl_simple_button_init
                0x0000000008000664       0x90 ./simplicity_sdk_2025.6.2/platform/driver/button/src/sl_simple_button.o
                0x0000000008000664                sl_simple_button_init
 .text.sl_gpio_dispatch_interrupt
                0x00000000080006f4       0x5c ./simplicity_sdk_2025.6.2/platform/driver/gpio/src/sl_gpio.o
 .text.sl_gpio_init
                0x0000000008000750       0x38 ./simplicity_sdk_2025.6.2/platform/driver/gpio/src/sl_gpio.o
                0x0000000008000750                sl_gpio_init
 .text.sl_gpio_set_pin_mode
                0x0000000008000788       0x80 ./simplicity_sdk_2025.6.2/platform/driver/gpio/src/sl_gpio.o
                0x0000000008000788                sl_gpio_set_pin_mode
 .text.sl_gpio_set_pin
                0x0000000008000808       0x58 ./simplicity_sdk_2025.6.2/platform/driver/gpio/src/sl_gpio.o
                0x0000000008000808                sl_gpio_set_pin
 .text.sl_gpio_clear_pin
                0x0000000008000860       0x5c ./simplicity_sdk_2025.6.2/platform/driver/gpio/src/sl_gpio.o
                0x0000000008000860                sl_gpio_clear_pin
 .text.sl_gpio_get_pin_output
                0x00000000080008bc       0x64 ./simplicity_sdk_2025.6.2/platform/driver/gpio/src/sl_gpio.o
                0x00000000080008bc                sl_gpio_get_pin_output
 .text.sl_gpio_get_pin_input
                0x0000000008000920       0x64 ./simplicity_sdk_2025.6.2/platform/driver/gpio/src/sl_gpio.o
                0x0000000008000920                sl_gpio_get_pin_input
 .text.sl_gpio_configure_external_interrupt
                0x0000000008000984       0xe0 ./simplicity_sdk_2025.6.2/platform/driver/gpio/src/sl_gpio.o
                0x0000000008000984                sl_gpio_configure_external_interrupt
 .text.sl_gpio_deconfigure_external_interrupt
                0x0000000008000a64       0x4c ./simplicity_sdk_2025.6.2/platform/driver/gpio/src/sl_gpio.o
                0x0000000008000a64                sl_gpio_deconfigure_external_interrupt
 .text.sl_gpio_configure_wakeup_em4_interrupt
                0x0000000008000ab0       0xb8 ./simplicity_sdk_2025.6.2/platform/driver/gpio/src/sl_gpio.o
                0x0000000008000ab0                sl_gpio_configure_wakeup_em4_interrupt
 .text.GPIO_EVEN_IRQHandler
                0x0000000008000b68       0x20 ./simplicity_sdk_2025.6.2/platform/driver/gpio/src/sl_gpio.o
                0x0000000008000b68                GPIO_EVEN_IRQHandler
 .text.GPIO_ODD_IRQHandler
                0x0000000008000b88       0x20 ./simplicity_sdk_2025.6.2/platform/driver/gpio/src/sl_gpio.o
                0x0000000008000b88                GPIO_ODD_IRQHandler
 .text.I2CSPM_Init
                0x0000000008000ba8       0xd8 ./simplicity_sdk_2025.6.2/platform/driver/i2cspm/src/sl_i2cspm.o
                0x0000000008000ba8                I2CSPM_Init
 .text.sl_simple_led_init
                0x0000000008000c80       0x34 ./simplicity_sdk_2025.6.2/platform/driver/leddrv/src/sl_simple_led.o
                0x0000000008000c80                sl_simple_led_init
 .text.StartTransfer
                0x0000000008000cb4      0x17c ./simplicity_sdk_2025.6.2/platform/emdrv/dmadrv/src/dmadrv.o
 .text.DMADRV_AllocateChannel
                0x0000000008000e30       0x60 ./simplicity_sdk_2025.6.2/platform/emdrv/dmadrv/src/dmadrv.o
                0x0000000008000e30                DMADRV_AllocateChannel
 .text.DMADRV_Init
                0x0000000008000e90       0x68 ./simplicity_sdk_2025.6.2/platform/emdrv/dmadrv/src/dmadrv.o
                0x0000000008000e90                DMADRV_Init
 .text.DMADRV_PauseTransfer
                0x0000000008000ef8       0x40 ./simplicity_sdk_2025.6.2/platform/emdrv/dmadrv/src/dmadrv.o
                0x0000000008000ef8                DMADRV_PauseTransfer
 .text.DMADRV_ResumeTransfer
                0x0000000008000f38       0x40 ./simplicity_sdk_2025.6.2/platform/emdrv/dmadrv/src/dmadrv.o
                0x0000000008000f38                DMADRV_ResumeTransfer
 .text.LDMA_IRQHandler
                0x0000000008000f78       0x74 ./simplicity_sdk_2025.6.2/platform/emdrv/dmadrv/src/dmadrv.o
                0x0000000008000f78                LDMA_IRQHandler
 .text.GetTailBuffer
                0x0000000008000fec       0x34 ./simplicity_sdk_2025.6.2/platform/emdrv/uartdrv/src/uartdrv.o
 .text.CheckParams
                0x0000000008001020       0x24 ./simplicity_sdk_2025.6.2/platform/emdrv/uartdrv/src/uartdrv.o
 .text.addHandle
                0x0000000008001044       0x50 ./simplicity_sdk_2025.6.2/platform/emdrv/uartdrv/src/uartdrv.o
 .text.HwFcManageClearToSend
                0x0000000008001094       0x80 ./simplicity_sdk_2025.6.2/platform/emdrv/uartdrv/src/uartdrv.o
 .text.InitializeDma
                0x0000000008001114       0x2c ./simplicity_sdk_2025.6.2/platform/emdrv/uartdrv/src/uartdrv.o
 .text.EnqueueBuffer
                0x0000000008001140       0x84 ./simplicity_sdk_2025.6.2/platform/emdrv/uartdrv/src/uartdrv.o
 .text.StartReceiveDma
                0x00000000080011c4       0x50 ./simplicity_sdk_2025.6.2/platform/emdrv/uartdrv/src/uartdrv.o
 .text.StartTransmitDma
                0x0000000008001214       0x50 ./simplicity_sdk_2025.6.2/platform/emdrv/uartdrv/src/uartdrv.o
 .text.EnableReceiver
                0x0000000008001264       0x3c ./simplicity_sdk_2025.6.2/platform/emdrv/uartdrv/src/uartdrv.o
 .text.DisableReceiver
                0x00000000080012a0       0x38 ./simplicity_sdk_2025.6.2/platform/emdrv/uartdrv/src/uartdrv.o
 .text.EnableTransmitter
                0x00000000080012d8       0x50 ./simplicity_sdk_2025.6.2/platform/emdrv/uartdrv/src/uartdrv.o
 .text.TransmitDmaComplete
                0x0000000008001328       0x84 ./simplicity_sdk_2025.6.2/platform/emdrv/uartdrv/src/uartdrv.o
 .text.UARTDRV_ForceTransmit
                0x00000000080013ac      0x110 ./simplicity_sdk_2025.6.2/platform/emdrv/uartdrv/src/uartdrv.o
                0x00000000080013ac                UARTDRV_ForceTransmit
 .text.UARTDRV_PauseTransmit
                0x00000000080014bc       0x30 ./simplicity_sdk_2025.6.2/platform/emdrv/uartdrv/src/uartdrv.o
                0x00000000080014bc                UARTDRV_PauseTransmit
 .text.UARTDRV_ResumeTransmit
                0x00000000080014ec       0x40 ./simplicity_sdk_2025.6.2/platform/emdrv/uartdrv/src/uartdrv.o
                0x00000000080014ec                UARTDRV_ResumeTransmit
 .text.InitializeGpioFlowControl
                0x000000000800152c       0x3c ./simplicity_sdk_2025.6.2/platform/emdrv/uartdrv/src/uartdrv.o
 .text.UARTDRV_InitEuart
                0x0000000008001568      0x1e4 ./simplicity_sdk_2025.6.2/platform/emdrv/uartdrv/src/uartdrv.o
                0x0000000008001568                UARTDRV_InitEuart
 .text.ReceiveDmaComplete
                0x000000000800174c      0x114 ./simplicity_sdk_2025.6.2/platform/emdrv/uartdrv/src/uartdrv.o
 .text.UARTDRV_ReceiveB
                0x0000000008001860       0x64 ./simplicity_sdk_2025.6.2/platform/emdrv/uartdrv/src/uartdrv.o
                0x0000000008001860                UARTDRV_ReceiveB
 .text.UARTDRV_TransmitB
                0x00000000080018c4       0x84 ./simplicity_sdk_2025.6.2/platform/emdrv/uartdrv/src/uartdrv.o
                0x00000000080018c4                UARTDRV_TransmitB
 .text.EMU_VScaleGet
                0x0000000008001948       0x18 ./simplicity_sdk_2025.6.2/platform/emlib/src/em_cmu.o
 .text.dpllRefClkGet
                0x0000000008001960       0x48 ./simplicity_sdk_2025.6.2/platform/emlib/src/em_cmu.o
 .text.em23GrpaClkGet
                0x00000000080019a8       0x48 ./simplicity_sdk_2025.6.2/platform/emlib/src/em_cmu.o
 .text.em4GrpaClkGet
                0x00000000080019f0       0x48 ./simplicity_sdk_2025.6.2/platform/emlib/src/em_cmu.o
 .text.sysrtcClkGet
                0x0000000008001a38       0x48 ./simplicity_sdk_2025.6.2/platform/emlib/src/em_cmu.o
 .text.traceClkGet
                0x0000000008001a80       0x54 ./simplicity_sdk_2025.6.2/platform/emlib/src/em_cmu.o
 .text.em01GrpaClkGet
                0x0000000008001ad4       0x74 ./simplicity_sdk_2025.6.2/platform/emlib/src/em_cmu.o
 .text.em01GrpcClkGet
                0x0000000008001b48       0x70 ./simplicity_sdk_2025.6.2/platform/emlib/src/em_cmu.o
 .text.eusart0ClkGet
                0x0000000008001bb8       0x74 ./simplicity_sdk_2025.6.2/platform/emlib/src/em_cmu.o
 .text.iadcClkGet
                0x0000000008001c2c       0x60 ./simplicity_sdk_2025.6.2/platform/emlib/src/em_cmu.o
 .text.wdog0ClkGet
                0x0000000008001c8c       0x64 ./simplicity_sdk_2025.6.2/platform/emlib/src/em_cmu.o
 .text.wdog1ClkGet
                0x0000000008001cf0       0x64 ./simplicity_sdk_2025.6.2/platform/emlib/src/em_cmu.o
 .text.vdac0ClkGet
                0x0000000008001d54       0x70 ./simplicity_sdk_2025.6.2/platform/emlib/src/em_cmu.o
 .text.vdac1ClkGet
                0x0000000008001dc4       0x70 ./simplicity_sdk_2025.6.2/platform/emlib/src/em_cmu.o
 .text.pcnt0ClkGet
                0x0000000008001e34       0x4c ./simplicity_sdk_2025.6.2/platform/emlib/src/em_cmu.o
 .text.HFRCODPLLDevinfoGet
                0x0000000008001e80      0x108 ./simplicity_sdk_2025.6.2/platform/emlib/src/em_cmu.o
 .text.CMU_ClockDivGet
                0x0000000008001f88       0x78 ./simplicity_sdk_2025.6.2/platform/emlib/src/em_cmu.o
                0x0000000008001f88                CMU_ClockDivGet
 .text.flashWaitStateControl
                0x0000000008002000       0x58 ./simplicity_sdk_2025.6.2/platform/emlib/src/em_cmu.o
 .text.CMU_ClockEnable
                0x0000000008002058       0x50 ./simplicity_sdk_2025.6.2/platform/emlib/src/em_cmu.o
                0x0000000008002058                CMU_ClockEnable
 .text.CMU_ClockFreqGet
                0x00000000080020a8      0x210 ./simplicity_sdk_2025.6.2/platform/emlib/src/em_cmu.o
                0x00000000080020a8                CMU_ClockFreqGet
 .text.rhclkPrescOptimize
                0x00000000080022b8       0x20 ./simplicity_sdk_2025.6.2/platform/emlib/src/em_cmu.o
 .text.CMU_ClockSelectGet
                0x00000000080022d8      0x208 ./simplicity_sdk_2025.6.2/platform/emlib/src/em_cmu.o
                0x00000000080022d8                CMU_ClockSelectGet
 .text.sli_em_cmu_SYSTICEXTCLKENClear
                0x00000000080024e0       0x30 ./simplicity_sdk_2025.6.2/platform/emlib/src/em_cmu.o
                0x00000000080024e0                sli_em_cmu_SYSTICEXTCLKENClear
 .text.CMU_HFXOInit
                0x0000000008002510      0x224 ./simplicity_sdk_2025.6.2/platform/emlib/src/em_cmu.o
                0x0000000008002510                CMU_HFXOInit
 .text.CMU_HFXOCTuneDeltaGet
                0x0000000008002734        0xc ./simplicity_sdk_2025.6.2/platform/emlib/src/em_cmu.o
                0x0000000008002734                CMU_HFXOCTuneDeltaGet
 .text.CMU_LFXOInit
                0x0000000008002740       0xc4 ./simplicity_sdk_2025.6.2/platform/emlib/src/em_cmu.o
                0x0000000008002740                CMU_LFXOInit
 .text.CMU_LFXOPrecisionSet
                0x0000000008002804        0xc ./simplicity_sdk_2025.6.2/platform/emlib/src/em_cmu.o
                0x0000000008002804                CMU_LFXOPrecisionSet
 .text.CMU_HFXOPrecisionSet
                0x0000000008002810        0xc ./simplicity_sdk_2025.6.2/platform/emlib/src/em_cmu.o
                0x0000000008002810                CMU_HFXOPrecisionSet
 .text.CMU_LFRCOSetPrecision
                0x000000000800281c       0x80 ./simplicity_sdk_2025.6.2/platform/emlib/src/em_cmu.o
                0x000000000800281c                CMU_LFRCOSetPrecision
 .text.CMU_ClockDivSet
                0x000000000800289c      0x12c ./simplicity_sdk_2025.6.2/platform/emlib/src/em_cmu.o
                0x000000000800289c                CMU_ClockDivSet
 .text.sli_em_cmu_SYSCLKInitPreClockSelect
                0x00000000080029c8       0x30 ./simplicity_sdk_2025.6.2/platform/emlib/src/em_cmu.o
                0x00000000080029c8                sli_em_cmu_SYSCLKInitPreClockSelect
 .text.pclkDivOptimize
                0x00000000080029f8       0x24 ./simplicity_sdk_2025.6.2/platform/emlib/src/em_cmu.o
 .text.sli_em_cmu_SYSCLKInitPostClockSelect
                0x0000000008002a1c       0x40 ./simplicity_sdk_2025.6.2/platform/emlib/src/em_cmu.o
                0x0000000008002a1c                sli_em_cmu_SYSCLKInitPostClockSelect
 .text.CMU_HFRCODPLLBandSet
                0x0000000008002a5c      0x11c ./simplicity_sdk_2025.6.2/platform/emlib/src/em_cmu.o
                0x0000000008002a5c                CMU_HFRCODPLLBandSet
 .text.CMU_HFRCOEM23BandSet
                0x0000000008002b78      0x168 ./simplicity_sdk_2025.6.2/platform/emlib/src/em_cmu.o
                0x0000000008002b78                CMU_HFRCOEM23BandSet
 .text.EMU_DCDCSync
                0x0000000008002ce0       0x10 ./simplicity_sdk_2025.6.2/platform/emlib/src/em_emu.o
 .text.EMU_EM4Init
                0x0000000008002cf0       0x14 ./simplicity_sdk_2025.6.2/platform/emlib/src/em_emu.o
                0x0000000008002cf0                EMU_EM4Init
 .text.EMU_VScaleEM01
                0x0000000008002d04       0xa8 ./simplicity_sdk_2025.6.2/platform/emlib/src/em_emu.o
                0x0000000008002d04                EMU_VScaleEM01
 .text.EMU_VScaleEM01ByClock
                0x0000000008002dac       0x30 ./simplicity_sdk_2025.6.2/platform/emlib/src/em_emu.o
                0x0000000008002dac                EMU_VScaleEM01ByClock
 .text.EMU_DCDCModeSet
                0x0000000008002ddc       0xac ./simplicity_sdk_2025.6.2/platform/emlib/src/em_emu.o
                0x0000000008002ddc                EMU_DCDCModeSet
 .text.EMU_DCDCInit
                0x0000000008002e88       0x70 ./simplicity_sdk_2025.6.2/platform/emlib/src/em_emu.o
                0x0000000008002e88                EMU_DCDCInit
 .text.EMU_DCDCSetPFMXModePeakCurrent
                0x0000000008002ef8       0x6c ./simplicity_sdk_2025.6.2/platform/emlib/src/em_emu.o
                0x0000000008002ef8                EMU_DCDCSetPFMXModePeakCurrent
 .text.EUSART_Reset
                0x0000000008002f64       0x54 ./simplicity_sdk_2025.6.2/platform/emlib/src/em_eusart.o
                0x0000000008002f64                EUSART_Reset
 .text.EUSART_Enable
                0x0000000008002fb8       0x6c ./simplicity_sdk_2025.6.2/platform/emlib/src/em_eusart.o
                0x0000000008002fb8                EUSART_Enable
 .text.EUSART_BaudrateSet
                0x0000000008003024      0x1cc ./simplicity_sdk_2025.6.2/platform/emlib/src/em_eusart.o
                0x0000000008003024                EUSART_BaudrateSet
 .text.EUSART_AsyncInitCommon
                0x00000000080031f0      0x24c ./simplicity_sdk_2025.6.2/platform/emlib/src/em_eusart.o
 .text.EUSART_UartInitHf
                0x000000000800343c       0x5c ./simplicity_sdk_2025.6.2/platform/emlib/src/em_eusart.o
                0x000000000800343c                EUSART_UartInitHf
 .text.EUSART_UartInitLf
                0x0000000008003498       0xb8 ./simplicity_sdk_2025.6.2/platform/emlib/src/em_eusart.o
                0x0000000008003498                EUSART_UartInitLf
 .text.I2C_BusFreqSet
                0x0000000008003550      0x108 ./simplicity_sdk_2025.6.2/platform/emlib/src/em_i2c.o
                0x0000000008003550                I2C_BusFreqSet
 .text.I2C_Enable
                0x0000000008003658       0x38 ./simplicity_sdk_2025.6.2/platform/emlib/src/em_i2c.o
                0x0000000008003658                I2C_Enable
 .text.I2C_Init
                0x0000000008003690       0x64 ./simplicity_sdk_2025.6.2/platform/emlib/src/em_i2c.o
                0x0000000008003690                I2C_Init
 .text.LDMA_EnableChannelRequest
                0x00000000080036f4       0x40 ./simplicity_sdk_2025.6.2/platform/emlib/src/em_ldma.o
                0x00000000080036f4                LDMA_EnableChannelRequest
 .text.LDMA_Init
                0x0000000008003734       0x90 ./simplicity_sdk_2025.6.2/platform/emlib/src/em_ldma.o
                0x0000000008003734                LDMA_Init
 .text.LDMA_StartTransfer
                0x00000000080037c4       0xf8 ./simplicity_sdk_2025.6.2/platform/emlib/src/em_ldma.o
                0x00000000080037c4                LDMA_StartTransfer
 .text.sl_hal_gpio_clear_pin
                0x00000000080038bc       0x54 ./simplicity_sdk_2025.6.2/platform/peripheral/src/sl_hal_gpio.o
                0x00000000080038bc                sl_hal_gpio_clear_pin
 .text.sl_hal_gpio_get_pin_input
                0x0000000008003910       0x58 ./simplicity_sdk_2025.6.2/platform/peripheral/src/sl_hal_gpio.o
                0x0000000008003910                sl_hal_gpio_get_pin_input
 .text.sl_hal_gpio_get_pin_output
                0x0000000008003968       0x58 ./simplicity_sdk_2025.6.2/platform/peripheral/src/sl_hal_gpio.o
                0x0000000008003968                sl_hal_gpio_get_pin_output
 .text.sl_hal_gpio_get_enabled_pending_interrupts
                0x00000000080039c0       0x14 ./simplicity_sdk_2025.6.2/platform/peripheral/src/sl_hal_gpio.o
                0x00000000080039c0                sl_hal_gpio_get_enabled_pending_interrupts
 .text.sl_hal_gpio_get_em4_interrupt_number
                0x00000000080039d4       0x80 ./simplicity_sdk_2025.6.2/platform/peripheral/src/sl_hal_gpio.o
                0x00000000080039d4                sl_hal_gpio_get_em4_interrupt_number
 .text.sl_hal_gpio_set_pin_em4_retention
                0x0000000008003a54       0x20 ./simplicity_sdk_2025.6.2/platform/peripheral/src/sl_hal_gpio.o
                0x0000000008003a54                sl_hal_gpio_set_pin_em4_retention
 .text.sl_hal_gpio_set_pin_mode
                0x0000000008003a74       0xd0 ./simplicity_sdk_2025.6.2/platform/peripheral/src/sl_hal_gpio.o
                0x0000000008003a74                sl_hal_gpio_set_pin_mode
 .text.sl_hal_gpio_configure_external_interrupt
                0x0000000008003b44      0x178 ./simplicity_sdk_2025.6.2/platform/peripheral/src/sl_hal_gpio.o
                0x0000000008003b44                sl_hal_gpio_configure_external_interrupt
 .text.sl_hal_gpio_enable_pin_em4_wakeup
                0x0000000008003cbc       0x68 ./simplicity_sdk_2025.6.2/platform/peripheral/src/sl_hal_gpio.o
                0x0000000008003cbc                sl_hal_gpio_enable_pin_em4_wakeup
 .text.sl_hal_gpio_configure_wakeup_em4_external_interrupt
                0x0000000008003d24       0x8c ./simplicity_sdk_2025.6.2/platform/peripheral/src/sl_hal_gpio.o
                0x0000000008003d24                sl_hal_gpio_configure_wakeup_em4_external_interrupt
 .text.sl_hal_sysrtc_wait_ready
                0x0000000008003db0       0x1c ./simplicity_sdk_2025.6.2/platform/peripheral/src/sl_hal_sysrtc.o
                0x0000000008003db0                sl_hal_sysrtc_wait_ready
 .text.sl_hal_sysrtc_stop
                0x0000000008003dcc       0x28 ./simplicity_sdk_2025.6.2/platform/peripheral/src/sl_hal_sysrtc.o
                0x0000000008003dcc                sl_hal_sysrtc_stop
 .text.sl_hal_sysrtc_enable
                0x0000000008003df4       0x18 ./simplicity_sdk_2025.6.2/platform/peripheral/src/sl_hal_sysrtc.o
                0x0000000008003df4                sl_hal_sysrtc_enable
 .text.sl_hal_sysrtc_disable
                0x0000000008003e0c       0x1c ./simplicity_sdk_2025.6.2/platform/peripheral/src/sl_hal_sysrtc.o
                0x0000000008003e0c                sl_hal_sysrtc_disable
 .text.sl_hal_sysrtc_init
                0x0000000008003e28       0x24 ./simplicity_sdk_2025.6.2/platform/peripheral/src/sl_hal_sysrtc.o
                0x0000000008003e28                sl_hal_sysrtc_init
 .text.sl_hal_sysrtc_init_group
                0x0000000008003e4c       0x44 ./simplicity_sdk_2025.6.2/platform/peripheral/src/sl_hal_sysrtc.o
                0x0000000008003e4c                sl_hal_sysrtc_init_group
 .text.sli_clock_manager_hal_init
                0x0000000008003e90      0x268 ./simplicity_sdk_2025.6.2/platform/service/clock_manager/src/sl_clock_manager_init_hal_s2.o
                0x0000000008003e90                sli_clock_manager_hal_init
 .text.sl_device_init_dcdc
                0x00000000080040f8       0x2c ./simplicity_sdk_2025.6.2/platform/service/device_init/src/sl_device_init_dcdc_s2.o
                0x00000000080040f8                sl_device_init_dcdc
 .text.sl_device_init_emu
                0x0000000008004124       0x24 ./simplicity_sdk_2025.6.2/platform/service/device_init/src/sl_device_init_emu_s2.o
                0x0000000008004124                sl_device_init_emu
 .text.__NVIC_GetPriority
                0x0000000008004148       0x24 ./simplicity_sdk_2025.6.2/platform/service/interrupt_manager/src/sl_interrupt_manager_cortexm.o
 .text.sl_interrupt_manager_enable_irq
                0x000000000800416c       0x34 ./simplicity_sdk_2025.6.2/platform/service/interrupt_manager/src/sl_interrupt_manager_cortexm.o
                0x000000000800416c                sl_interrupt_manager_enable_irq
 .text.sl_interrupt_manager_is_irq_disabled
                0x00000000080041a0       0x30 ./simplicity_sdk_2025.6.2/platform/service/interrupt_manager/src/sl_interrupt_manager_cortexm.o
                0x00000000080041a0                sl_interrupt_manager_is_irq_disabled
 .text.sl_interrupt_manager_is_irq_blocked
                0x00000000080041d0       0x6c ./simplicity_sdk_2025.6.2/platform/service/interrupt_manager/src/sl_interrupt_manager_cortexm.o
                0x00000000080041d0                sl_interrupt_manager_is_irq_blocked
 .text.sl_interrupt_manager_clear_irq_pending
                0x000000000800423c       0x1c ./simplicity_sdk_2025.6.2/platform/service/interrupt_manager/src/sl_interrupt_manager_cortexm.o
                0x000000000800423c                sl_interrupt_manager_clear_irq_pending
 .text.sl_interrupt_manager_set_irq_priority
                0x0000000008004258       0x54 ./simplicity_sdk_2025.6.2/platform/service/interrupt_manager/src/sl_interrupt_manager_cortexm.o
                0x0000000008004258                sl_interrupt_manager_set_irq_priority
 .text.sl_interrupt_manager_init
                0x00000000080042ac       0x34 ./simplicity_sdk_2025.6.2/platform/service/interrupt_manager/src/sl_interrupt_manager_cortexm.o
                0x00000000080042ac                sl_interrupt_manager_init
 .text.sl_memory_init
                0x00000000080042e0       0x20 ./simplicity_sdk_2025.6.2/platform/service/memory_manager/src/sl_memory_manager.o
                0x00000000080042e0                sl_memory_init
 .text.sl_memory_heap_alloc_advanced
                0x0000000008004300      0x204 ./simplicity_sdk_2025.6.2/platform/service/memory_manager/src/sl_memory_manager.o
                0x0000000008004300                sl_memory_heap_alloc_advanced
 .text.sl_memory_alloc_advanced
                0x0000000008004504       0x1c ./simplicity_sdk_2025.6.2/platform/service/memory_manager/src/sl_memory_manager.o
                0x0000000008004504                sl_memory_alloc_advanced
 .text.sl_memory_heap_free
                0x0000000008004520      0x1dc ./simplicity_sdk_2025.6.2/platform/service/memory_manager/src/sl_memory_manager.o
                0x0000000008004520                sl_memory_heap_free
 .text.sl_memory_get_heap_region
                0x00000000080046fc       0x14 ./simplicity_sdk_2025.6.2/platform/service/memory_manager/src/sl_memory_manager_region.o
                0x00000000080046fc                sl_memory_get_heap_region
 .text.sli_memory_find_head_free_block
                0x0000000008004710       0x58 ./simplicity_sdk_2025.6.2/platform/service/memory_manager/src/sli_memory_manager_common.o
                0x0000000008004710                sli_memory_find_head_free_block
 .text.sli_memory_create_heap
                0x0000000008004768       0x58 ./simplicity_sdk_2025.6.2/platform/service/memory_manager/src/sli_memory_manager_common.o
                0x0000000008004768                sli_memory_create_heap
 .text.sli_memory_get_heap_handle
                0x00000000080047c0        0x8 ./simplicity_sdk_2025.6.2/platform/service/memory_manager/src/sli_memory_manager_common.o
                0x00000000080047c0                sli_memory_get_heap_handle
 .text.start_task_handler
                0x00000000080047c8       0x18 ./simplicity_sdk_2025.6.2/platform/service/sl_main/src/sl_main_kernel.o
 .text.sli_main_kernel_start_task_initialize
                0x00000000080047e0       0x34 ./simplicity_sdk_2025.6.2/platform/service/sl_main/src/sl_main_kernel.o
                0x00000000080047e0                sli_main_kernel_start_task_initialize
 .text.sl_sleeptimer_init
                0x0000000008004814       0x74 ./simplicity_sdk_2025.6.2/platform/service/sleeptimer/src/sl_sleeptimer.o
                0x0000000008004814                sl_sleeptimer_init
 .text.sleeptimer_hal_init_timer
                0x0000000008004888       0x6c ./simplicity_sdk_2025.6.2/platform/service/sleeptimer/src/sl_sleeptimer_hal_sysrtc.o
                0x0000000008004888                sleeptimer_hal_init_timer
 .text.sl_udelay_wait
                0x00000000080048f4       0x58 ./simplicity_sdk_2025.6.2/platform/service/udelay/src/sl_udelay.o
                0x00000000080048f4                sl_udelay_wait
 .text.vApplicationStackOverflowHook
                0x000000000800494c       0x10 ./simplicity_sdk_2025.6.2/util/third_party/freertos/cmsis/Source/cmsis_os2.o
                0x000000000800494c                vApplicationStackOverflowHook
 .text.prvTaskExitError
                0x000000000800495c       0x30 ./simplicity_sdk_2025.6.2/util/third_party/freertos/kernel/portable/GCC/ARM_CM33_NTZ/non_secure/port.o
 .text          0x000000000800498c       0x30 /Applications/ArmGNUToolchain/12.2.rel1/arm-none-eabi/bin/../lib/gcc/arm-none-eabi/12.2.1/thumb/v8-m.main+fp/hard/libgcc.a(_aeabi_uldivmod.o)
                0x000000000800498c                __aeabi_uldivmod
 .text.__udivmoddi4
                0x00000000080049bc      0x2ec /Applications/ArmGNUToolchain/12.2.rel1/arm-none-eabi/bin/../lib/gcc/arm-none-eabi/12.2.1/thumb/v8-m.main+fp/hard/libgcc.a(_udivmoddi4.o)
                0x00000000080049bc                __udivmoddi4
 .text          0x0000000008004ca8        0x4 /Applications/ArmGNUToolchain/12.2.rel1/arm-none-eabi/bin/../lib/gcc/arm-none-eabi/12.2.1/thumb/v8-m.main+fp/hard/libgcc.a(_dvmd_tls.o)
                0x0000000008004ca8                __aeabi_ldiv0
                0x0000000008004ca8                __aeabi_idiv0
 .text.exit     0x0000000008004cac       0x24 /Applications/ArmGNUToolchain/12.2.rel1/arm-none-eabi/bin/../lib/gcc/arm-none-eabi/12.2.1/../../../../arm-none-eabi/lib/thumb/v8-m.main+fp/hard/libc_nano.a(libc_a-exit.o)
                0x0000000008004cac                exit
 .text._strtol_l.constprop.0
                0x0000000008004cd0       0xfc /Applications/ArmGNUToolchain/12.2.rel1/arm-none-eabi/bin/../lib/gcc/arm-none-eabi/12.2.1/../../../../arm-none-eabi/lib/thumb/v8-m.main+fp/hard/libc_nano.a(libc_a-strtol.o)
 .text.strtol   0x0000000008004dcc       0x14 /Applications/ArmGNUToolchain/12.2.rel1/arm-none-eabi/bin/../lib/gcc/arm-none-eabi/12.2.1/../../../../arm-none-eabi/lib/thumb/v8-m.main+fp/hard/libc_nano.a(libc_a-strtol.o)
                0x0000000008004dcc                strtol
 .text.__errno  0x0000000008004de0        0xc /Applications/ArmGNUToolchain/12.2.rel1/arm-none-eabi/bin/../lib/gcc/arm-none-eabi/12.2.1/../../../../arm-none-eabi/lib/thumb/v8-m.main+fp/hard/libc_nano.a(libc_a-errno.o)
                0x0000000008004de0                __errno
 .text.__libc_init_array
                0x0000000008004dec       0x48 /Applications/ArmGNUToolchain/12.2.rel1/arm-none-eabi/bin/../lib/gcc/arm-none-eabi/12.2.1/../../../../arm-none-eabi/lib/thumb/v8-m.main+fp/hard/libc_nano.a(libc_a-init.o)
                0x0000000008004dec                __libc_init_array
 .text.app_init
                0x0000000008004e34        0x4 ./app.o
                0x0000000008004e34                app_init
 .text.startup.main
                0x0000000008004e38       0x18 ./main.o
                0x0000000008004e38                main
 .text.sl_board_default_init
                0x0000000008004e50        0x2 ./autogen/sl_board_default_init.o
                0x0000000008004e50                sl_board_default_init
 .text.sli_driver_permanent_allocation
                0x0000000008004e52        0x2 ./autogen/sl_event_handler.o
                0x0000000008004e52                sli_driver_permanent_allocation
 .text.sli_service_permanent_allocation
                0x0000000008004e54        0x2 ./autogen/sl_event_handler.o
                0x0000000008004e54                sli_service_permanent_allocation
 .text.sli_stack_permanent_allocation
                0x0000000008004e56        0x2 ./autogen/sl_event_handler.o
                0x0000000008004e56                sli_stack_permanent_allocation
 .text.sli_internal_permanent_allocation
                0x0000000008004e58        0x2 ./autogen/sl_event_handler.o
                0x0000000008004e58                sli_internal_permanent_allocation
 .text.sl_platform_init
                0x0000000008004e5a       0x12 ./autogen/sl_event_handler.o
                0x0000000008004e5a                sl_platform_init
 .text.sli_internal_init_early
                0x0000000008004e6c        0x2 ./autogen/sl_event_handler.o
                0x0000000008004e6c                sli_internal_init_early
 .text.sl_kernel_start
                0x0000000008004e6e        0x4 ./autogen/sl_event_handler.o
                0x0000000008004e6e                sl_kernel_start
 .text.sl_driver_init
                0x0000000008004e72       0x1a ./autogen/sl_event_handler.o
                0x0000000008004e72                sl_driver_init
 .text.sl_service_init
                0x0000000008004e8c        0x4 ./autogen/sl_event_handler.o
                0x0000000008004e8c                sl_service_init
 .text.sl_stack_init
                0x0000000008004e90        0x2 ./autogen/sl_event_handler.o
                0x0000000008004e90                sl_stack_init
 .text.sl_internal_app_init
                0x0000000008004e92        0x2 ./autogen/sl_event_handler.o
                0x0000000008004e92                sl_internal_app_init
 .text.sl_board_configure_vcom
                0x0000000008004e94        0x4 ./simplicity_sdk_2025.6.2/hardware/board/src/sl_board_control_gpio.o
                0x0000000008004e94                sl_board_configure_vcom
 .text.Default_Handler
                0x0000000008004e98        0x2 ./simplicity_sdk_2025.6.2/platform/Device/SiliconLabs/EFR32MG24/Source/startup_efr32mg24.o
                0x0000000008004e98                MPAHBRAM_IRQHandler
                0x0000000008004e98                AHB2AHB1_IRQHandler
                0x0000000008004e98                SW2_IRQHandler
                0x0000000008004e98                TIMER2_IRQHandler
                0x0000000008004e98                DebugMon_Handler
                0x0000000008004e98                USART0_TX_IRQHandler
                0x0000000008004e98                IADC_IRQHandler
                0x0000000008004e98                EUSART0_TX_IRQHandler
                0x0000000008004e98                I2C0_IRQHandler
                0x0000000008004e98                LFXO_IRQHandler
                0x0000000008004e98                HardFault_Handler
                0x0000000008004e98                SMU_SECURE_IRQHandler
                0x0000000008004e98                SYSRTC_SEQ_IRQHandler
                0x0000000008004e98                EMUEFP_IRQHandler
                0x0000000008004e98                NMI_Handler
                0x0000000008004e98                SYNTH_IRQHandler
                0x0000000008004e98                HOSTMAILBOX_IRQHandler
                0x0000000008004e98                HFXO0_IRQHandler
                0x0000000008004e98                I2C1_IRQHandler
                0x0000000008004e98                WDOG0_IRQHandler
                0x0000000008004e98                TIMER3_IRQHandler
                0x0000000008004e98                SYSCFG_IRQHandler
                0x0000000008004e98                RFECA1_IRQHandler
                0x0000000008004e98                EMUDG_IRQHandler
                0x0000000008004e98                MSC_IRQHandler
                0x0000000008004e98                DPLL0_IRQHandler
                0x0000000008004e98                UsageFault_Handler
                0x0000000008004e98                WDOG1_IRQHandler
                0x0000000008004e98                M33CTI1_IRQHandler
                0x0000000008004e98                TIMER4_IRQHandler
                0x0000000008004e98                VDAC0_IRQHandler
                0x0000000008004e98                SEMBTX_IRQHandler
                0x0000000008004e98                SW0_IRQHandler
                0x0000000008004e98                TIMER0_IRQHandler
                0x0000000008004e98                MVP_IRQHandler
                0x0000000008004e98                LETIMER0_IRQHandler
                0x0000000008004e98                EUSART1_RX_IRQHandler
                0x0000000008004e98                TIMER1_IRQHandler
                0x0000000008004e98                HFRCO0_IRQHandler
                0x0000000008004e98                SecureFault_Handler
                0x0000000008004e98                BUFC_IRQHandler
                0x0000000008004e98                DCDC_IRQHandler
                0x0000000008004e98                MODEM_IRQHandler
                0x0000000008004e98                Default_Handler
                0x0000000008004e98                RAC_SEQ_IRQHandler
                0x0000000008004e98                FRC_PRI_IRQHandler
                0x0000000008004e98                EMU_IRQHandler
                0x0000000008004e98                SW3_IRQHandler
                0x0000000008004e98                KERNEL0_IRQHandler
                0x0000000008004e98                FRC_IRQHandler
                0x0000000008004e98                PCNT0_IRQHandler
                0x0000000008004e98                KERNEL1_IRQHandler
                0x0000000008004e98                AGC_IRQHandler
                0x0000000008004e98                EUSART1_TX_IRQHandler
                0x0000000008004e98                KEYSCAN_IRQHandler
                0x0000000008004e98                sl_app_properties
                0x0000000008004e98                HFRCOEM23_IRQHandler
                0x0000000008004e98                BURTC_IRQHandler
                0x0000000008004e98                SEMBRX_IRQHandler
                0x0000000008004e98                RFECA0_IRQHandler
                0x0000000008004e98                LFRCO_IRQHandler
                0x0000000008004e98                VDAC1_IRQHandler
                0x0000000008004e98                ACMP0_IRQHandler
                0x0000000008004e98                USART0_RX_IRQHandler
                0x0000000008004e98                MemManage_Handler
                0x0000000008004e98                AHB2AHB0_IRQHandler
                0x0000000008004e98                SMU_S_PRIVILEGED_IRQHandler
                0x0000000008004e98                SW1_IRQHandler
                0x0000000008004e98                CMU_IRQHandler
                0x0000000008004e98                EUSART0_RX_IRQHandler
                0x0000000008004e98                RAC_RSM_IRQHandler
                0x0000000008004e98                SETAMPERHOST_IRQHandler
                0x0000000008004e98                AES_IRQHandler
                0x0000000008004e98                M33CTI0_IRQHandler
                0x0000000008004e98                ICACHE0_IRQHandler
                0x0000000008004e98                SMU_NS_PRIVILEGED_IRQHandler
                0x0000000008004e98                FPUEXH_IRQHandler
                0x0000000008004e98                PROTIMER_IRQHandler
                0x0000000008004e98                ACMP1_IRQHandler
                0x0000000008004e98                BusFault_Handler
                0x0000000008004e98                ULFRCO_IRQHandler
 .text.CopyMemory
                0x0000000008004e9a       0x1a ./simplicity_sdk_2025.6.2/platform/Device/SiliconLabs/EFR32MG24/Source/startup_efr32mg24.o
                0x0000000008004e9a                CopyMemory
 .text.assertEFM
                0x0000000008004eb4        0x2 ./simplicity_sdk_2025.6.2/platform/common/src/sl_assert.o
                0x0000000008004eb4                assertEFM
 .text._exit    0x0000000008004eb6        0x2 ./simplicity_sdk_2025.6.2/platform/common/src/sl_syscalls.o
                0x0000000008004eb6                _exit
 .text.sl_button_init
                0x0000000008004eb8        0xa ./simplicity_sdk_2025.6.2/platform/driver/button/src/sl_button.o
                0x0000000008004eb8                sl_button_init
 .text.sl_button_on_change
                0x0000000008004ec2        0x2 ./simplicity_sdk_2025.6.2/platform/driver/button/src/sl_button.o
                0x0000000008004ec2                sl_button_on_change
 .text.sli_simple_button_on_change
                0x0000000008004ec4       0x30 ./simplicity_sdk_2025.6.2/platform/driver/button/src/sl_simple_button.o
 .text.sl_simple_button_get_state
                0x0000000008004ef4        0x6 ./simplicity_sdk_2025.6.2/platform/driver/button/src/sl_simple_button.o
                0x0000000008004ef4                sl_simple_button_get_state
 .text.sl_simple_button_poll_step
                0x0000000008004efa       0x58 ./simplicity_sdk_2025.6.2/platform/driver/button/src/sl_simple_button.o
                0x0000000008004efa                sl_simple_button_poll_step
 .text.sl_simple_button_enable
                0x0000000008004f52       0x12 ./simplicity_sdk_2025.6.2/platform/driver/button/src/sl_simple_button.o
                0x0000000008004f52                sl_simple_button_enable
 .text.sl_simple_button_disable
                0x0000000008004f64       0x1c ./simplicity_sdk_2025.6.2/platform/driver/button/src/sl_simple_button.o
                0x0000000008004f64                sl_simple_button_disable
 .text.sl_led_init
                0x0000000008004f80        0x6 ./simplicity_sdk_2025.6.2/platform/driver/leddrv/src/sl_led.o
                0x0000000008004f80                sl_led_init
 .text.sl_simple_led_turn_on
                0x0000000008004f86       0x24 ./simplicity_sdk_2025.6.2/platform/driver/leddrv/src/sl_simple_led.o
                0x0000000008004f86                sl_simple_led_turn_on
 .text.sl_simple_led_turn_off
                0x0000000008004faa       0x24 ./simplicity_sdk_2025.6.2/platform/driver/leddrv/src/sl_simple_led.o
                0x0000000008004faa                sl_simple_led_turn_off
 .text.sl_simple_led_toggle
                0x0000000008004fce       0x1a ./simplicity_sdk_2025.6.2/platform/driver/leddrv/src/sl_simple_led.o
                0x0000000008004fce                sl_simple_led_toggle
 .text.sl_simple_led_get_state
                0x0000000008004fe8       0x2a ./simplicity_sdk_2025.6.2/platform/driver/leddrv/src/sl_simple_led.o
                0x0000000008004fe8                sl_simple_led_get_state
 .text.DMADRV_MemoryPeripheral
                0x0000000008005012       0x34 ./simplicity_sdk_2025.6.2/platform/emdrv/dmadrv/src/dmadrv.o
                0x0000000008005012                DMADRV_MemoryPeripheral
 .text.DMADRV_PeripheralMemory
                0x0000000008005046       0x34 ./simplicity_sdk_2025.6.2/platform/emdrv/dmadrv/src/dmadrv.o
                0x0000000008005046                DMADRV_PeripheralMemory
 .text.ConfigGpio
                0x000000000800507a       0xce ./simplicity_sdk_2025.6.2/platform/emdrv/uartdrv/src/uartdrv.o
 .text.HwFcGetClearToSendPin
                0x0000000008005148       0x32 ./simplicity_sdk_2025.6.2/platform/emdrv/uartdrv/src/uartdrv.o
 .text.DequeueBuffer.isra.0
                0x000000000800517a       0x46 ./simplicity_sdk_2025.6.2/platform/emdrv/uartdrv/src/uartdrv.o
 .text.FcApplyState
                0x00000000080051c0       0x78 ./simplicity_sdk_2025.6.2/platform/emdrv/uartdrv/src/uartdrv.o
 .text.BUS_RegMaskedWrite
                0x0000000008005238       0x1e ./simplicity_sdk_2025.6.2/platform/emlib/src/em_cmu.o
 .text.waitStateMax
                0x0000000008005256       0x10 ./simplicity_sdk_2025.6.2/platform/emlib/src/em_cmu.o
 .text.CMU_UpdateWaitStates
                0x0000000008005266        0xc ./simplicity_sdk_2025.6.2/platform/emlib/src/em_cmu.o
                0x0000000008005266                CMU_UpdateWaitStates
 .text.pclkDivMax
                0x0000000008005272        0xa ./simplicity_sdk_2025.6.2/platform/emlib/src/em_cmu.o
 .text.EMU_EFPEM01VScale
                0x000000000800527c        0x2 ./simplicity_sdk_2025.6.2/platform/emlib/src/em_emu.o
                0x000000000800527c                EMU_EFPEM01VScale
 .text.EMU_DCDCUpdatedHook
                0x000000000800527e        0x2 ./simplicity_sdk_2025.6.2/platform/emlib/src/em_emu.o
                0x000000000800527e                EMU_DCDCUpdatedHook
 .text.eusart_sync
                0x0000000008005280        0x8 ./simplicity_sdk_2025.6.2/platform/emlib/src/em_eusart.o
 .text.EUSART_Disable
                0x0000000008005288       0x34 ./simplicity_sdk_2025.6.2/platform/emlib/src/em_eusart.o
 .text.EUSART_Tx
                0x00000000080052bc        0xa ./simplicity_sdk_2025.6.2/platform/emlib/src/em_eusart.o
                0x00000000080052bc                EUSART_Tx
 .text.USART_Tx
                0x00000000080052c6        0xa ./simplicity_sdk_2025.6.2/platform/emlib/src/em_usart.o
                0x00000000080052c6                USART_Tx
 .text.sl_hal_bus_reg_write_mask
                0x00000000080052d0       0x1e ./simplicity_sdk_2025.6.2/platform/peripheral/src/sl_hal_gpio.o
 .text.sl_hal_gpio_get_external_interrupt_number
                0x00000000080052ee       0x34 ./simplicity_sdk_2025.6.2/platform/peripheral/src/sl_hal_gpio.o
                0x00000000080052ee                sl_hal_gpio_get_external_interrupt_number
 .text.sl_clock_manager_runtime_init
                0x0000000008005322        0x4 ./simplicity_sdk_2025.6.2/platform/service/clock_manager/src/sl_clock_manager.o
                0x0000000008005322                sl_clock_manager_runtime_init
 .text.sli_clock_manager_hal_runtime_init
                0x0000000008005326        0x4 ./simplicity_sdk_2025.6.2/platform/service/clock_manager/src/sl_clock_manager_hal_s2.o
                0x0000000008005326                sli_clock_manager_hal_runtime_init
 .text.sl_clock_manager_init
                0x000000000800532a        0x4 ./simplicity_sdk_2025.6.2/platform/service/clock_manager/src/sl_clock_manager_init.o
                0x000000000800532a                sl_clock_manager_init
 .text.memory_manage_data_alignment
                0x000000000800532e       0x76 ./simplicity_sdk_2025.6.2/platform/service/memory_manager/src/sl_memory_manager.o
 .text.sl_malloc
                0x00000000080053a4       0x18 ./simplicity_sdk_2025.6.2/platform/service/memory_manager/src/sl_memory_manager.o
                0x00000000080053a4                sl_malloc
 .text.sl_memory_free
                0x00000000080053bc       0x12 ./simplicity_sdk_2025.6.2/platform/service/memory_manager/src/sl_memory_manager.o
                0x00000000080053bc                sl_memory_free
 .text.sl_free  0x00000000080053ce        0x4 ./simplicity_sdk_2025.6.2/platform/service/memory_manager/src/sl_memory_manager.o
                0x00000000080053ce                sl_free
 .text.sli_memory_metadata_init
                0x00000000080053d2        0x8 ./simplicity_sdk_2025.6.2/platform/service/memory_manager/src/sli_memory_manager_common.o
                0x00000000080053d2                sli_memory_metadata_init
 .text.sli_memory_find_free_block
                0x00000000080053da       0x96 ./simplicity_sdk_2025.6.2/platform/service/memory_manager/src/sli_memory_manager_common.o
                0x00000000080053da                sli_memory_find_free_block
 .text.sli_update_free_list_heads
                0x0000000008005470       0x6c ./simplicity_sdk_2025.6.2/platform/service/memory_manager/src/sli_memory_manager_common.o
                0x0000000008005470                sli_update_free_list_heads
 .text.__wrap_main
                0x00000000080054dc        0xc ./simplicity_sdk_2025.6.2/platform/service/sl_main/src/rtos/main_retarget.o
                0x00000000080054dc                __wrap_main
 .text.app_init_pre_clock
                0x00000000080054e8        0x2 ./simplicity_sdk_2025.6.2/platform/service/sl_main/src/sl_main_init.o
                0x00000000080054e8                app_init_pre_clock
 .text.app_init_early
                0x00000000080054ea        0x2 ./simplicity_sdk_2025.6.2/platform/service/sl_main/src/sl_main_init.o
                0x00000000080054ea                app_init_early
 .text.app_process_action
                0x00000000080054ec        0x2 ./simplicity_sdk_2025.6.2/platform/service/sl_main/src/sl_main_init.o
                0x00000000080054ec                app_process_action
 .text.sl_main_second_stage_init
                0x00000000080054ee       0x1a ./simplicity_sdk_2025.6.2/platform/service/sl_main/src/sl_main_init.o
                0x00000000080054ee                sl_main_second_stage_init
 .text.sl_main_init
                0x0000000008005508       0x36 ./simplicity_sdk_2025.6.2/platform/service/sl_main/src/sl_main_init.o
                0x0000000008005508                sl_main_init
 .text.app_permanent_memory_alloc
                0x000000000800553e        0x2 ./simplicity_sdk_2025.6.2/platform/service/sl_main/src/sl_main_init_memory.o
                0x000000000800553e                app_permanent_memory_alloc
 .text.sli_allocate_permanent_memory
                0x0000000008005540       0x18 ./simplicity_sdk_2025.6.2/platform/service/sl_main/src/sl_main_init_memory.o
                0x0000000008005540                sli_allocate_permanent_memory
 .text.sl_main_kernel_start
                0x0000000008005558        0x4 ./simplicity_sdk_2025.6.2/platform/service/sl_main/src/sl_main_kernel.o
                0x0000000008005558                sl_main_kernel_start
 .text.sl_main_start_task_should_continue
                0x000000000800555c        0x4 ./simplicity_sdk_2025.6.2/platform/service/sl_main/src/sl_main_kernel.o
                0x000000000800555c                sl_main_start_task_should_continue
 .text.atoi     0x0000000008005560        0x8 /Applications/ArmGNUToolchain/12.2.rel1/arm-none-eabi/bin/../lib/gcc/arm-none-eabi/12.2.1/../../../../arm-none-eabi/lib/thumb/v8-m.main+fp/hard/libc_nano.a(libc_a-atoi.o)
                0x0000000008005560                atoi
 .text.strncmp  0x0000000008005568       0x24 /Applications/ArmGNUToolchain/12.2.rel1/arm-none-eabi/bin/../lib/gcc/arm-none-eabi/12.2.1/../../../../arm-none-eabi/lib/thumb/v8-m.main+fp/hard/libc_nano.a(libc_a-strncmp.o)
                0x0000000008005568                strncmp
 .text.memset   0x000000000800558c       0x10 /Applications/ArmGNUToolchain/12.2.rel1/arm-none-eabi/bin/../lib/gcc/arm-none-eabi/12.2.1/../../../../arm-none-eabi/lib/thumb/v8-m.main+fp/hard/libc_nano.a(libc_a-memset.o)
                0x000000000800558c                memset
 .text.memcpy   0x000000000800559c       0x1a /Applications/ArmGNUToolchain/12.2.rel1/arm-none-eabi/bin/../lib/gcc/arm-none-eabi/12.2.1/../../../../arm-none-eabi/lib/thumb/v8-m.main+fp/hard/libc_nano.a(libc_a-memcpy-stub.o)
                0x000000000800559c                memcpy
 .text          0x00000000080055b6       0x10 /Applications/ArmGNUToolchain/12.2.rel1/arm-none-eabi/bin/../lib/gcc/arm-none-eabi/12.2.1/../../../../arm-none-eabi/lib/thumb/v8-m.main+fp/hard/libc_nano.a(libc_a-strlen.o)
                0x00000000080055b6                strlen
 .text.strcpy   0x00000000080055c6       0x10 /Applications/ArmGNUToolchain/12.2.rel1/arm-none-eabi/bin/../lib/gcc/arm-none-eabi/12.2.1/../../../../arm-none-eabi/lib/thumb/v8-m.main+fp/hard/libc_nano.a(libc_a-strcpy.o)
                0x00000000080055c6                strcpy
 *(SORT_BY_ALIGNMENT(text_*))
 *fill*         0x00000000080055d6        0x2 
 text_system_timecritical19225
                0x00000000080055d8        0xc ./simplicity_sdk_2025.6.2/platform/Device/SiliconLabs/EFR32MG24/Source/system_efr32mg24.o
                0x00000000080055d8                SystemHFRCODPLLClockGet
 text_system_timecritical20228
                0x00000000080055e4       0x40 ./simplicity_sdk_2025.6.2/platform/Device/SiliconLabs/EFR32MG24/Source/system_efr32mg24.o
                0x00000000080055e4                SystemSYSCLKGet
 text_system_timecritical16181
                0x0000000008005624       0x24 ./simplicity_sdk_2025.6.2/platform/Device/SiliconLabs/EFR32MG24/Source/system_efr32mg24.o
                0x0000000008005624                SystemHCLKGet
 text_system_timecritical21230
                0x0000000008005648        0x8 ./simplicity_sdk_2025.6.2/platform/Device/SiliconLabs/EFR32MG24/Source/system_efr32mg24.o
                0x0000000008005648                SystemMaxCoreClockGet
 text_system_timecritical22232
                0x0000000008005650        0x8 ./simplicity_sdk_2025.6.2/platform/Device/SiliconLabs/EFR32MG24/Source/system_efr32mg24.o
                0x0000000008005650                SystemFSRCOClockGet
 text_system_timecritical23234
                0x0000000008005658        0xc ./simplicity_sdk_2025.6.2/platform/Device/SiliconLabs/EFR32MG24/Source/system_efr32mg24.o
                0x0000000008005658                SystemHFXOClockGet
 text_system_timecritical24237
                0x0000000008005664        0x8 ./simplicity_sdk_2025.6.2/platform/Device/SiliconLabs/EFR32MG24/Source/system_efr32mg24.o
                0x0000000008005664                SystemCLKIN0Get
 text_system_timecritical25239
                0x000000000800566c       0x90 ./simplicity_sdk_2025.6.2/platform/Device/SiliconLabs/EFR32MG24/Source/system_efr32mg24.o
                0x000000000800566c                SystemHFRCOEM23ClockGet
 text_system_timecritical26241
                0x00000000080056fc        0xc ./simplicity_sdk_2025.6.2/platform/Device/SiliconLabs/EFR32MG24/Source/system_efr32mg24.o
                0x00000000080056fc                SystemLFXOClockGet
 text_gpio_timecritical39192
                0x0000000008005708       0x5c ./simplicity_sdk_2025.6.2/platform/driver/gpio/src/sl_gpio.o
                0x0000000008005708                sl_gpio_toggle_pin
 text_dmadrv_timecritical30168
                0x0000000008005764       0x4c ./simplicity_sdk_2025.6.2/platform/emdrv/dmadrv/src/dmadrv.o
                0x0000000008005764                DMADRV_TransferActive
 text_uartdrv_timecritical64160
                0x00000000080057b0       0x20 ./simplicity_sdk_2025.6.2/platform/emdrv/uartdrv/src/uartdrv.o
 text_hal_gpio_timecritical29429
                0x00000000080057d0       0x54 ./simplicity_sdk_2025.6.2/platform/peripheral/src/sl_hal_gpio.o
                0x00000000080057d0                sl_hal_gpio_set_pin
 text_hal_gpio_timecritical30666
                0x0000000008005824       0x54 ./simplicity_sdk_2025.6.2/platform/peripheral/src/sl_hal_gpio.o
                0x0000000008005824                sl_hal_gpio_toggle_pin
 text_hal_sysrtc_timecritical29261
                0x0000000008005878       0x14 ./simplicity_sdk_2025.6.2/platform/peripheral/src/sl_hal_sysrtc.o
                0x0000000008005878                sl_hal_sysrtc_wait_sync
 text_hal_sysrtc_timecritical31625
                0x000000000800588c       0x24 ./simplicity_sdk_2025.6.2/platform/peripheral/src/sl_hal_sysrtc.o
                0x000000000800588c                sl_hal_sysrtc_wait_sync_group
 text_hal_sysrtc_timecritical32658
                0x00000000080058b0       0x1c ./simplicity_sdk_2025.6.2/platform/peripheral/src/sl_hal_sysrtc.o
                0x00000000080058b0                sl_hal_sysrtc_enable_group_interrupts
 text_hal_sysrtc_timecritical33674
                0x00000000080058cc       0x1c ./simplicity_sdk_2025.6.2/platform/peripheral/src/sl_hal_sysrtc.o
                0x00000000080058cc                sl_hal_sysrtc_disable_group_interrupts
 text_hal_sysrtc_timecritical34690
                0x00000000080058e8       0x1c ./simplicity_sdk_2025.6.2/platform/peripheral/src/sl_hal_sysrtc.o
                0x00000000080058e8                sl_hal_sysrtc_clear_group_interrupts
 text_hal_sysrtc_timecritical35709
                0x0000000008005904       0x20 ./simplicity_sdk_2025.6.2/platform/peripheral/src/sl_hal_sysrtc.o
                0x0000000008005904                sl_hal_sysrtc_get_group_interrupts
 text_hal_sysrtc_timecritical36758
                0x0000000008005924       0x28 ./simplicity_sdk_2025.6.2/platform/peripheral/src/sl_hal_sysrtc.o
                0x0000000008005924                sl_hal_sysrtc_get_group_compare_channel_value
 text_hal_sysrtc_timecritical37775
                0x000000000800594c       0x28 ./simplicity_sdk_2025.6.2/platform/peripheral/src/sl_hal_sysrtc.o
                0x000000000800594c                sl_hal_sysrtc_set_group_compare_channel_value
 text_clock_manager_timecritical2674
                0x0000000008005974       0x54 ./simplicity_sdk_2025.6.2/platform/service/clock_manager/src/sl_clock_manager_hal_s2.o
                0x0000000008005974                sli_clock_manager_hal_enable_bus_clock
 text_sleeptimer_timecritical66121
                0x00000000080059c8       0x40 ./simplicity_sdk_2025.6.2/platform/service/sleeptimer/src/sl_sleeptimer.o
 text_sleeptimer_timecritical67125
                0x0000000008005a08       0x3c ./simplicity_sdk_2025.6.2/platform/service/sleeptimer/src/sl_sleeptimer.o
 text_sleeptimer_timecritical69131
                0x0000000008005a44       0x34 ./simplicity_sdk_2025.6.2/platform/service/sleeptimer/src/sl_sleeptimer.o
 text_sleeptimer_timecritical68128
                0x0000000008005a78       0x64 ./simplicity_sdk_2025.6.2/platform/service/sleeptimer/src/sl_sleeptimer.o
 text_sleeptimer_timecritical65151
                0x0000000008005adc      0x148 ./simplicity_sdk_2025.6.2/platform/service/sleeptimer/src/sl_sleeptimer.o
                0x0000000008005adc                process_timer_irq
 text_sleeptimer_timecritical6454
                0x0000000008005c24       0x10 ./simplicity_sdk_2025.6.2/platform/service/sleeptimer/src/sl_sleeptimer_hal_sysrtc.o
                0x0000000008005c24                sleeptimer_hal_get_counter
 text_sleeptimer_timecritical6885
                0x0000000008005c34       0x18 ./simplicity_sdk_2025.6.2/platform/service/sleeptimer/src/sl_sleeptimer_hal_sysrtc.o
                0x0000000008005c34                sleeptimer_hal_get_timer_frequency
 text_sleeptimer_timecritical6670
                0x0000000008005c4c       0x70 ./simplicity_sdk_2025.6.2/platform/service/sleeptimer/src/sl_sleeptimer_hal_sysrtc.o
                0x0000000008005c4c                sleeptimer_hal_set_compare
 text_sleeptimer_timecritical70101
                0x0000000008005cbc       0x24 ./simplicity_sdk_2025.6.2/platform/service/sleeptimer/src/sl_sleeptimer_hal_sysrtc.o
                0x0000000008005cbc                sleeptimer_hal_disable_int
 text_sleeptimer_timecritical71109
                0x0000000008005ce0       0x10 ./simplicity_sdk_2025.6.2/platform/service/sleeptimer/src/sl_sleeptimer_hal_sysrtc.o
                0x0000000008005ce0                sleeptimer_hal_set_int
 text_freertos_kernel_timecritical176205
                0x0000000008005cf0       0x2c ./simplicity_sdk_2025.6.2/util/third_party/freertos/cmsis/Source/cmsis_os2.o
                0x0000000008005cf0                osKernelInitialize
 text_freertos_kernel_timecritical179294
                0x0000000008005d1c       0x38 ./simplicity_sdk_2025.6.2/util/third_party/freertos/cmsis/Source/cmsis_os2.o
                0x0000000008005d1c                osKernelStart
 text_freertos_kernel_timecritical2513000
                0x0000000008005d54       0x18 ./simplicity_sdk_2025.6.2/util/third_party/freertos/cmsis/Source/cmsis_os2.o
                0x0000000008005d54                vApplicationGetIdleTaskMemory
 text_freertos_kernel_timecritical2523001
                0x0000000008005d6c       0x18 ./simplicity_sdk_2025.6.2/util/third_party/freertos/cmsis/Source/cmsis_os2.o
                0x0000000008005d6c                vApplicationGetTimerTaskMemory
 text_freertos_kernel_timecritical102687
                0x0000000008005d84      0x13c ./simplicity_sdk_2025.6.2/util/third_party/freertos/kernel/queue.o
                0x0000000008005d84                xQueueGenericSend
 text_freertos_kernel_timecritical105913
                0x0000000008005ec0      0x108 ./simplicity_sdk_2025.6.2/util/third_party/freertos/kernel/queue.o
                0x0000000008005ec0                xQueueReceive
 text_freertos_kernel_timecritical1241563
                0x0000000008005fc8       0x50 ./simplicity_sdk_2025.6.2/util/third_party/freertos/kernel/queue.o
                0x0000000008005fc8                vQueueAddToRegistry
 text_freertos_kernel_timecritical1311783
                0x0000000008006018       0x88 ./simplicity_sdk_2025.6.2/util/third_party/freertos/kernel/queue.o
                0x0000000008006018                xQueueGenericReset
 text_freertos_kernel_timecritical1281616
                0x00000000080060a0       0x8c ./simplicity_sdk_2025.6.2/util/third_party/freertos/kernel/queue.o
                0x00000000080060a0                xQueueGenericCreateStatic
 text_freertos_kernel_timecritical128623
                0x000000000800612c       0x9c ./simplicity_sdk_2025.6.2/util/third_party/freertos/kernel/tasks.o
 text_freertos_kernel_timecritical131682
                0x00000000080061c8       0x24 ./simplicity_sdk_2025.6.2/util/third_party/freertos/kernel/tasks.o
 text_freertos_kernel_timecritical126607
                0x00000000080061ec       0x38 ./simplicity_sdk_2025.6.2/util/third_party/freertos/kernel/tasks.o
 text_freertos_kernel_timecritical127616
                0x0000000008006224       0x40 ./simplicity_sdk_2025.6.2/util/third_party/freertos/kernel/tasks.o
 text_freertos_kernel_timecritical133712
                0x0000000008006264      0x100 ./simplicity_sdk_2025.6.2/util/third_party/freertos/kernel/tasks.o
 text_freertos_kernel_timecritical125593
                0x0000000008006364       0x18 ./simplicity_sdk_2025.6.2/util/third_party/freertos/kernel/tasks.o
 text_freertos_kernel_timecritical132706
                0x000000000800637c       0x90 ./simplicity_sdk_2025.6.2/util/third_party/freertos/kernel/tasks.o
 text_freertos_kernel_timecritical46507
                0x000000000800640c       0xa4 ./simplicity_sdk_2025.6.2/util/third_party/freertos/kernel/tasks.o
                0x000000000800640c                xTaskCreateStatic
 text_freertos_kernel_timecritical47794
                0x00000000080064b0       0xa8 ./simplicity_sdk_2025.6.2/util/third_party/freertos/kernel/tasks.o
                0x00000000080064b0                vTaskDelete
 text_freertos_kernel_timecritical551070
                0x0000000008006558       0x94 ./simplicity_sdk_2025.6.2/util/third_party/freertos/kernel/tasks.o
                0x0000000008006558                eTaskGetState
 text_freertos_kernel_timecritical611507
                0x00000000080065ec       0x9c ./simplicity_sdk_2025.6.2/util/third_party/freertos/kernel/tasks.o
                0x00000000080065ec                vTaskStartScheduler
 text_freertos_kernel_timecritical631618
                0x0000000008006688       0x10 ./simplicity_sdk_2025.6.2/util/third_party/freertos/kernel/tasks.o
                0x0000000008006688                vTaskSuspendAll
 text_freertos_kernel_timecritical651691
                0x0000000008006698        0xc ./simplicity_sdk_2025.6.2/util/third_party/freertos/kernel/tasks.o
                0x0000000008006698                xTaskGetTickCount
 text_freertos_kernel_timecritical833471
                0x00000000080066a4      0x17c ./simplicity_sdk_2025.6.2/util/third_party/freertos/kernel/tasks.o
                0x00000000080066a4                xTaskIncrementTick
 text_freertos_kernel_timecritical641674
                0x0000000008006820      0x148 ./simplicity_sdk_2025.6.2/util/third_party/freertos/kernel/tasks.o
                0x0000000008006820                xTaskResumeAll
 text_freertos_kernel_timecritical843505
                0x0000000008006968       0x34 ./simplicity_sdk_2025.6.2/util/third_party/freertos/kernel/tasks.o
                0x0000000008006968                vTaskPlaceOnEventList
 text_freertos_kernel_timecritical863523
                0x000000000800699c       0x5c ./simplicity_sdk_2025.6.2/util/third_party/freertos/kernel/tasks.o
                0x000000000800699c                vTaskPlaceOnEventListRestricted
 text_freertos_kernel_timecritical873549
                0x00000000080069f8       0xc4 ./simplicity_sdk_2025.6.2/util/third_party/freertos/kernel/tasks.o
                0x00000000080069f8                xTaskRemoveFromEventList
 text_freertos_kernel_timecritical893562
                0x0000000008006abc       0xa8 ./simplicity_sdk_2025.6.2/util/third_party/freertos/kernel/tasks.o
                0x0000000008006abc                vTaskSwitchContext
 text_freertos_kernel_timecritical933587
                0x0000000008006b64        0xc ./simplicity_sdk_2025.6.2/util/third_party/freertos/kernel/tasks.o
                0x0000000008006b64                vTaskMissedYield
 text_freertos_kernel_timecritical943593
                0x0000000008006b70       0x20 ./simplicity_sdk_2025.6.2/util/third_party/freertos/kernel/tasks.o
                0x0000000008006b70                xTaskGetSchedulerState
 text_freertos_kernel_timecritical963605
                0x0000000008006b90       0x8c ./simplicity_sdk_2025.6.2/util/third_party/freertos/kernel/tasks.o
                0x0000000008006b90                xTaskPriorityDisinherit
 text_freertos_kernel_timecritical1013674
                0x0000000008006c1c       0x18 ./simplicity_sdk_2025.6.2/util/third_party/freertos/kernel/tasks.o
                0x0000000008006c1c                vTaskInternalSetTimeOutState
 text_freertos_kernel_timecritical803402
                0x0000000008006c34       0x84 ./simplicity_sdk_2025.6.2/util/third_party/freertos/kernel/tasks.o
                0x0000000008006c34                xTaskCheckForTimeOut
 text_freertos_kernel_timecritical161174
                0x0000000008006cb8       0x3c ./simplicity_sdk_2025.6.2/util/third_party/freertos/kernel/timers.o
 text_freertos_kernel_timecritical163190
                0x0000000008006cf4       0x40 ./simplicity_sdk_2025.6.2/util/third_party/freertos/kernel/timers.o
 text_freertos_kernel_timecritical165202
                0x0000000008006d34       0x4c ./simplicity_sdk_2025.6.2/util/third_party/freertos/kernel/timers.o
 text_freertos_kernel_timecritical158152
                0x0000000008006d80       0x68 ./simplicity_sdk_2025.6.2/util/third_party/freertos/kernel/timers.o
 text_freertos_kernel_timecritical159159
                0x0000000008006de8      0x16c ./simplicity_sdk_2025.6.2/util/third_party/freertos/kernel/timers.o
 text_freertos_kernel_timecritical1521348
                0x0000000008006f54       0x64 ./simplicity_sdk_2025.6.2/util/third_party/freertos/kernel/timers.o
                0x0000000008006f54                xTimerCreateTimerTask
 text_freertos_kernel_timecritical29131
                0x0000000008006fb8       0x70 ./simplicity_sdk_2025.6.2/util/third_party/freertos/kernel/portable/GCC/ARM_CM33_NTZ/non_secure/port.o
                0x0000000008006fb8                pxPortInitialiseStack
 text_freertos_kernel_timecritical111413
                0x0000000008007028       0x28 ./simplicity_sdk_2025.6.2/util/third_party/freertos/kernel/portable/GCC/ARM_CM33_NTZ/non_secure/port.o
                0x0000000008007028                vPortSetupTimerInterrupt
 text_freertos_kernel_timecritical38218
                0x0000000008007050      0x100 ./simplicity_sdk_2025.6.2/util/third_party/freertos/kernel/portable/GCC/ARM_CM33_NTZ/non_secure/port.o
                0x0000000008007050                xPortStartScheduler
 text_freertos_kernel_timecritical113431
                0x0000000008007150       0x1c ./simplicity_sdk_2025.6.2/util/third_party/freertos/kernel/portable/GCC/ARM_CM33_NTZ/non_secure/port.o
                0x0000000008007150                vPortEnterCritical
 text_freertos_kernel_timecritical114436
                0x000000000800716c       0x30 ./simplicity_sdk_2025.6.2/util/third_party/freertos/kernel/portable/GCC/ARM_CM33_NTZ/non_secure/port.o
                0x000000000800716c                vPortExitCritical
 text_freertos_kernel_timecritical116446
                0x000000000800719c       0x38 ./simplicity_sdk_2025.6.2/util/third_party/freertos/kernel/portable/GCC/ARM_CM33_NTZ/non_secure/port.o
                0x000000000800719c                vPortSVCHandler_C
 text_freertos_kernel_timecritical4042
                0x00000000080071d4       0x2c ./simplicity_sdk_2025.6.2/util/third_party/freertos/kernel/portable/GCC/ARM_CM33_NTZ/non_secure/portasm.o
                0x00000000080071d4                vRestoreContextOfFirstTask
 text_freertos_kernel_timecritical4277
                0x0000000008007200       0x20 ./simplicity_sdk_2025.6.2/util/third_party/freertos/kernel/portable/GCC/ARM_CM33_NTZ/non_secure/portasm.o
                0x0000000008007200                vStartFirstTask
 text_freertos_kernel_timecritical4592
                0x0000000008007220       0x5c ./simplicity_sdk_2025.6.2/util/third_party/freertos/kernel/portable/GCC/ARM_CM33_NTZ/non_secure/portasm.o
                0x0000000008007220                PendSV_Handler
 text_freertos_kernel_timecritical4697
                0x000000000800727c       0x18 ./simplicity_sdk_2025.6.2/util/third_party/freertos/kernel/portable/GCC/ARM_CM33_NTZ/non_secure/portasm.o
                0x000000000800727c                SVC_Handler
 text_system_timecritical27244
                0x0000000008007294        0x6 ./simplicity_sdk_2025.6.2/platform/Device/SiliconLabs/EFR32MG24/Source/system_efr32mg24.o
                0x0000000008007294                SystemLFRCOClockGet
 text_system_timecritical28246
                0x000000000800729a        0x6 ./simplicity_sdk_2025.6.2/platform/Device/SiliconLabs/EFR32MG24/Source/system_efr32mg24.o
                0x000000000800729a                SystemULFRCOClockGet
 text_core_timecritical2307
                0x00000000080072a0        0xa ./simplicity_sdk_2025.6.2/platform/common/src/sl_core_cortexm.o
                0x00000000080072a0                CORE_ExitCritical
 text_core_timecritical4331
                0x00000000080072aa        0x8 ./simplicity_sdk_2025.6.2/platform/common/src/sl_core_cortexm.o
                0x00000000080072aa                CORE_EnterCritical
 text_core_timecritical7363
                0x00000000080072b2        0xa ./simplicity_sdk_2025.6.2/platform/common/src/sl_core_cortexm.o
                0x00000000080072b2                CORE_ExitAtomic
 text_core_timecritical9387
                0x00000000080072bc        0xc ./simplicity_sdk_2025.6.2/platform/common/src/sl_core_cortexm.o
                0x00000000080072bc                CORE_EnterAtomic
 text_clock_manager_timecritical1352
                0x00000000080072c8        0xa ./simplicity_sdk_2025.6.2/platform/service/clock_manager/src/sl_clock_manager.o
                0x00000000080072c8                sl_clock_manager_get_clock_branch_frequency
 text_clock_manager_timecritical2380
                0x00000000080072d2        0x6 ./simplicity_sdk_2025.6.2/platform/service/clock_manager/src/sl_clock_manager.o
                0x00000000080072d2                sl_clock_manager_enable_bus_clock
 text_clock_manager_timecritical2561
                0x00000000080072d8       0xc4 ./simplicity_sdk_2025.6.2/platform/service/clock_manager/src/sl_clock_manager_hal_s2.o